Component: ARM Compiler 5.06 update 6 (build 750) Tool: armlink [4d35ed]

==============================================================================

Section Cross References

    startup_stm32f10x_hd.o(RESET) refers to startup_stm32f10x_hd.o(STACK) for __initial_sp
    startup_stm32f10x_hd.o(RESET) refers to startup_stm32f10x_hd.o(.text) for Reset_Handler
    startup_stm32f10x_hd.o(RESET) refers to stm32f10x_it.o(i.NMI_Handler) for NMI_Handler
    startup_stm32f10x_hd.o(RESET) refers to stm32f10x_it.o(i.MemManage_Handler) for MemManage_Handler
    startup_stm32f10x_hd.o(RESET) refers to stm32f10x_it.o(i.BusFault_Handler) for BusFault_Handler
    startup_stm32f10x_hd.o(RESET) refers to stm32f10x_it.o(i.UsageFault_Handler) for UsageFault_Handler
    startup_stm32f10x_hd.o(RESET) refers to stm32f10x_it.o(i.SVC_Handler) for SVC_Handler
    startup_stm32f10x_hd.o(RESET) refers to stm32f10x_it.o(i.DebugMon_Handler) for DebugMon_Handler
    startup_stm32f10x_hd.o(RESET) refers to stm32f10x_it.o(i.PendSV_Handler) for PendSV_Handler
    startup_stm32f10x_hd.o(RESET) refers to stm32f10x_it.o(i.SysTick_Handler) for SysTick_Handler
    startup_stm32f10x_hd.o(RESET) refers to bsp_usart.o(i.USART1_IRQHandler) for USART1_IRQHandler
    startup_stm32f10x_hd.o(.text) refers to system_stm32f10x.o(i.SystemInit) for SystemInit
    startup_stm32f10x_hd.o(.text) refers to entry.o(.ARM.Collect$$$$00000000) for __main
    system_stm32f10x.o(i.SetSysClock) refers to system_stm32f10x.o(i.SetSysClockTo72) for SetSysClockTo72
    system_stm32f10x.o(i.SystemCoreClockUpdate) refers to system_stm32f10x.o(.data) for .data
    system_stm32f10x.o(i.SystemInit) refers to system_stm32f10x.o(i.SetSysClock) for SetSysClock
    stm32f10x_adc.o(i.ADC_DeInit) refers to stm32f10x_rcc.o(i.RCC_APB2PeriphResetCmd) for RCC_APB2PeriphResetCmd
    stm32f10x_bkp.o(i.BKP_DeInit) refers to stm32f10x_rcc.o(i.RCC_BackupResetCmd) for RCC_BackupResetCmd
    stm32f10x_can.o(i.CAN_DeInit) refers to stm32f10x_rcc.o(i.RCC_APB1PeriphResetCmd) for RCC_APB1PeriphResetCmd
    stm32f10x_can.o(i.CAN_GetITStatus) refers to stm32f10x_can.o(i.CheckITStatus) for CheckITStatus
    stm32f10x_cec.o(i.CEC_DeInit) refers to stm32f10x_rcc.o(i.RCC_APB1PeriphResetCmd) for RCC_APB1PeriphResetCmd
    stm32f10x_dac.o(i.DAC_DeInit) refers to stm32f10x_rcc.o(i.RCC_APB1PeriphResetCmd) for RCC_APB1PeriphResetCmd
    stm32f10x_flash.o(i.FLASH_EnableWriteProtection) refers to stm32f10x_flash.o(i.FLASH_WaitForLastOperation) for FLASH_WaitForLastOperation
    stm32f10x_flash.o(i.FLASH_EraseAllBank1Pages) refers to stm32f10x_flash.o(i.FLASH_WaitForLastBank1Operation) for FLASH_WaitForLastBank1Operation
    stm32f10x_flash.o(i.FLASH_EraseAllPages) refers to stm32f10x_flash.o(i.FLASH_WaitForLastOperation) for FLASH_WaitForLastOperation
    stm32f10x_flash.o(i.FLASH_EraseOptionBytes) refers to stm32f10x_flash.o(i.FLASH_GetReadOutProtectionStatus) for FLASH_GetReadOutProtectionStatus
    stm32f10x_flash.o(i.FLASH_EraseOptionBytes) refers to stm32f10x_flash.o(i.FLASH_WaitForLastOperation) for FLASH_WaitForLastOperation
    stm32f10x_flash.o(i.FLASH_ErasePage) refers to stm32f10x_flash.o(i.FLASH_WaitForLastOperation) for FLASH_WaitForLastOperation
    stm32f10x_flash.o(i.FLASH_ProgramHalfWord) refers to stm32f10x_flash.o(i.FLASH_WaitForLastOperation) for FLASH_WaitForLastOperation
    stm32f10x_flash.o(i.FLASH_ProgramOptionByteData) refers to stm32f10x_flash.o(i.FLASH_WaitForLastOperation) for FLASH_WaitForLastOperation
    stm32f10x_flash.o(i.FLASH_ProgramWord) refers to stm32f10x_flash.o(i.FLASH_WaitForLastOperation) for FLASH_WaitForLastOperation
    stm32f10x_flash.o(i.FLASH_ReadOutProtection) refers to stm32f10x_flash.o(i.FLASH_WaitForLastOperation) for FLASH_WaitForLastOperation
    stm32f10x_flash.o(i.FLASH_UserOptionByteConfig) refers to stm32f10x_flash.o(i.FLASH_WaitForLastOperation) for FLASH_WaitForLastOperation
    stm32f10x_flash.o(i.FLASH_WaitForLastBank1Operation) refers to stm32f10x_flash.o(i.FLASH_GetBank1Status) for FLASH_GetBank1Status
    stm32f10x_flash.o(i.FLASH_WaitForLastOperation) refers to stm32f10x_flash.o(i.FLASH_GetBank1Status) for FLASH_GetBank1Status
    stm32f10x_gpio.o(i.GPIO_AFIODeInit) refers to stm32f10x_rcc.o(i.RCC_APB2PeriphResetCmd) for RCC_APB2PeriphResetCmd
    stm32f10x_gpio.o(i.GPIO_DeInit) refers to stm32f10x_rcc.o(i.RCC_APB2PeriphResetCmd) for RCC_APB2PeriphResetCmd
    stm32f10x_i2c.o(i.I2C_DeInit) refers to stm32f10x_rcc.o(i.RCC_APB1PeriphResetCmd) for RCC_APB1PeriphResetCmd
    stm32f10x_i2c.o(i.I2C_Init) refers to stm32f10x_rcc.o(i.RCC_GetClocksFreq) for RCC_GetClocksFreq
    stm32f10x_pwr.o(i.PWR_DeInit) refers to stm32f10x_rcc.o(i.RCC_APB1PeriphResetCmd) for RCC_APB1PeriphResetCmd
    stm32f10x_rcc.o(i.RCC_GetClocksFreq) refers to stm32f10x_rcc.o(.data) for .data
    stm32f10x_rcc.o(i.RCC_WaitForHSEStartUp) refers to stm32f10x_rcc.o(i.RCC_GetFlagStatus) for RCC_GetFlagStatus
[...]
    i.mbedtls_rsa_rsaes_pkcs1_v15_decrypt    0x080092ec   Section        0  rsa.o(i.mbedtls_rsa_rsaes_pkcs1_v15_decrypt)
    i.mbedtls_rsa_rsaes_pkcs1_v15_encrypt    0x08009374   Section        0  rsa.o(i.mbedtls_rsa_rsaes_pkcs1_v15_encrypt)
    i.mbedtls_rsa_rsassa_pkcs1_v15_sign      0x08009450   Section        0  rsa.o(i.mbedtls_rsa_rsassa_pkcs1_v15_sign)
    i.mbedtls_rsa_rsassa_pkcs1_v15_verify    0x0800952c   Section        0  rsa.o(i.mbedtls_rsa_rsassa_pkcs1_v15_verify)
    i.mbedtls_rsa_rsassa_pss_sign            0x080095f0   Section        0  rsa.o(i.mbedtls_rsa_rsassa_pss_sign)
    i.mbedtls_rsa_rsassa_pss_verify          0x08009612   Section        0  rsa.o(i.mbedtls_rsa_rsassa_pss_verify)
    i.mbedtls_rsa_rsassa_pss_verify_ext      0x08009648   Section        0  rsa.o(i.mbedtls_rsa_rsassa_pss_verify_ext)
    i.mbedtls_rsa_set_padding                0x0800982c   Section        0  rsa.o(i.mbedtls_rsa_set_padding)
    i.mbedtls_rsa_sign_test                  0x08009834   Section        0  app_rsa.o(i.mbedtls_rsa_sign_test)
    i.mbedtls_rsa_validate_crt               0x08009af8   Section        0  rsa_internal.o(i.mbedtls_rsa_validate_crt)
    i.mbedtls_rsa_validate_params            0x08009c20   Section        0  rsa_internal.o(i.mbedtls_rsa_validate_params)
    i.mbedtls_sha1                           0x08009dcc   Section        0  sha1.o(i.mbedtls_sha1)
    i.mbedtls_sha1_finish_ret                0x08009dd0   Section        0  sha1.o(i.mbedtls_sha1_finish_ret)
    i.mbedtls_sha1_free                      0x08009ec8   Section        0  sha1.o(i.mbedtls_sha1_free)
    i.mbedtls_sha1_init                      0x08009ed4   Section        0  sha1.o(i.mbedtls_sha1_init)
    i.mbedtls_sha1_ret                       0x08009eda   Section        0  sha1.o(i.mbedtls_sha1_ret)
    i.mbedtls_sha1_starts_ret                0x08009f18   Section        0  sha1.o(i.mbedtls_sha1_starts_ret)
    i.mbedtls_sha1_update_ret                0x08009f48   Section        0  sha1.o(i.mbedtls_sha1_update_ret)
    i.mbedtls_sha256_finish_ret              0x08009fc4   Section        0  sha256.o(i.mbedtls_sha256_finish_ret)
    i.mbedtls_sha256_free                    0x0800a10c   Section        0  sha256.o(i.mbedtls_sha256_free)
    i.mbedtls_sha256_init                    0x0800a118   Section        0  sha256.o(i.mbedtls_sha256_init)
    i.mbedtls_sha256_ret                     0x0800a11e   Section        0  sha256.o(i.mbedtls_sha256_ret)
    i.mbedtls_sha256_starts_ret              0x0800a160   Section        0  sha256.o(i.mbedtls_sha256_starts_ret)
    i.mbedtls_sha256_update_ret              0x0800a1f4   Section        0  sha256.o(i.mbedtls_sha256_update_ret)
    i.mgf_mask                               0x0800a270   Section        0  rsa.o(i.mgf_mask)
    mgf_mask                                 0x0800a271   Thumb Code   164  rsa.o(i.mgf_mask)
    i.mpi_bigendian_to_host                  0x0800a314   Section        0  bignum.o(i.mpi_bigendian_to_host)
    mpi_bigendian_to_host                    0x0800a315   Thumb Code    42  bignum.o(i.mpi_bigendian_to_host)
    i.mpi_check_small_factors                0x0800a340   Section        0  bignum.o(i.mpi_check_small_factors)
    mpi_check_small_factors                  0x0800a341   Thumb Code    78  bignum.o(i.mpi_check_small_factors)
    i.mpi_fill_random_internal               0x0800a394   Section        0  bignum.o(i.mpi_fill_random_internal)
    mpi_fill_random_internal                 0x0800a395   Thumb Code    90  bignum.o(i.mpi_fill_random_internal)
    i.mpi_miller_rabin                       0x0800a3ee   Section        0  bignum.o(i.mpi_miller_rabin)
    mpi_miller_rabin                         0x0800a3ef   Thumb Code   374  bignum.o(i.mpi_miller_rabin)
    i.mpi_montred                            0x0800a564   Section        0  bignum.o(i.mpi_montred)
    mpi_montred                              0x0800a565   Thumb Code    34  bignum.o(i.mpi_montred)
    i.mpi_mul_hlp                            0x0800a586   Section        0  bignum.o(i.mpi_mul_hlp)
    mpi_mul_hlp                              0x0800a587   Thumb Code  1010  bignum.o(i.mpi_mul_hlp)
    i.mpi_select                             0x0800a978   Section        0  bignum.o(i.mpi_select)
    mpi_select                               0x0800a979   Thumb Code    58  bignum.o(i.mpi_select)
    i.mpi_sint_abs                           0x0800a9b2   Section        0  bignum.o(i.mpi_sint_abs)
    mpi_sint_abs                             0x0800a9b3   Thumb Code     8  bignum.o(i.mpi_sint_abs)
    i.mpi_sub_hlp                            0x0800a9ba   Section        0  bignum.o(i.mpi_sub_hlp)
    mpi_sub_hlp                              0x0800a9bb   Thumb Code    56  bignum.o(i.mpi_sub_hlp)
    i.mpi_uint_bigendian_to_host             0x0800a9f2   Section        0  bignum.o(i.mpi_uint_bigendian_to_host)
    mpi_uint_bigendian_to_host               0x0800a9f3   Thumb Code     4  bignum.o(i.mpi_uint_bigendian_to_host)
    i.mpi_uint_bigendian_to_host_c           0x0800a9f6   Section        0  bignum.o(i.mpi_uint_bigendian_to_host_c)
    mpi_uint_bigendian_to_host_c             0x0800a9f7   Thumb Code    28  bignum.o(i.mpi_uint_bigendian_to_host_c)
    i.mpi_write_hlp                          0x0800aa12   Section        0  bignum.o(i.mpi_write_hlp)
    mpi_write_hlp                            0x0800aa13   Thumb Code   116  bignum.o(i.mpi_write_hlp)
    i.oid_pk_alg_from_asn1                   0x0800aa88   Section        0  oid.o(i.oid_pk_alg_from_asn1)
    oid_pk_alg_from_asn1                     0x0800aa89   Thumb Code    52  oid.o(i.oid_pk_alg_from_asn1)
    i.pk_get_pk_alg                          0x0800aac0   Section        0  pkparse.o(i.pk_get_pk_alg)
    pk_get_pk_alg                            0x0800aac1   Thumb Code    72  pkparse.o(i.pk_get_pk_alg)
    i.pk_get_rsapubkey                       0x0800ab10   Section        0  pkparse.o(i.pk_get_rsapubkey)
    pk_get_rsapubkey                         0x0800ab11   Thumb Code   220  pkparse.o(i.pk_get_rsapubkey)
    i.pk_parse_key_pkcs1_der                 0x0800abf0   Section        0  pkparse.o(i.pk_parse_key_pkcs1_der)
    pk_parse_key_pkcs1_der                   0x0800abf1   Thumb Code   420  pkparse.o(i.pk_parse_key_pkcs1_der)
    i.pk_parse_key_pkcs8_unencrypted_der     0x0800ad98   Section        0  pkparse.o(i.pk_parse_key_pkcs8_unencrypted_der)
    pk_parse_key_pkcs8_unencrypted_der       0x0800ad99   Thumb Code   186  pkparse.o(i.pk_parse_key_pkcs8_unencrypted_der)
    i.rsa_alloc_wrap                         0x0800ae5c   Section        0  pk_wrap.o(i.rsa_alloc_wrap)
    rsa_alloc_wrap                           0x0800ae5d   Thumb Code    28  pk_wrap.o(i.rsa_alloc_wrap)
    i.rsa_can_do                             0x0800ae78   Section        0  pk_wrap.o(i.rsa_can_do)
    rsa_can_do                               0x0800ae79   Thumb Code    16  pk_wrap.o(i.rsa_can_do)
    i.rsa_check_context                      0x0800ae88   Section        0  rsa.o(i.rsa_check_context)
    rsa_check_context                        0x0800ae89   Thumb Code   200  rsa.o(i.rsa_check_context)
    i.rsa_check_pair_wrap                    0x0800af54   Section        0  pk_wrap.o(i.rsa_check_pair_wrap)
    rsa_check_pair_wrap                      0x0800af55   Thumb Code     4  pk_wrap.o(i.rsa_check_pair_wrap)
    i.rsa_debug                              0x0800af58   Section        0  pk_wrap.o(i.rsa_debug)
    rsa_debug                                0x0800af59   Thumb Code    26  pk_wrap.o(i.rsa_debug)
    i.rsa_decrypt                            0x0800af84   Section        0  app_rsa.o(i.rsa_decrypt)
    i.rsa_decrypt_wrap                       0x0800b5bc   Section        0  pk_wrap.o(i.rsa_decrypt_wrap)
    rsa_decrypt_wrap                         0x0800b5bd   Thumb Code    58  pk_wrap.o(i.rsa_decrypt_wrap)
    i.rsa_encrypt                            0x0800b5fc   Section        0  app_rsa.o(i.rsa_encrypt)
    i.rsa_encrypt_wrap                       0x0800b868   Section        0  pk_wrap.o(i.rsa_encrypt_wrap)
    rsa_encrypt_wrap                         0x0800b869   Thumb Code    60  pk_wrap.o(i.rsa_encrypt_wrap)
    i.rsa_free_wrap                          0x0800b8a8   Section        0  pk_wrap.o(i.rsa_free_wrap)
    rsa_free_wrap                            0x0800b8a9   Thumb Code    20  pk_wrap.o(i.rsa_free_wrap)
    i.rsa_get_bitlen                         0x0800b8bc   Section        0  pk_wrap.o(i.rsa_get_bitlen)
    rsa_get_bitlen                           0x0800b8bd   Thumb Code    62  pk_wrap.o(i.rsa_get_bitlen)
    i.rsa_prepare_blinding                   0x0800b8fc   Section        0  rsa.o(i.rsa_prepare_blinding)
    rsa_prepare_blinding                     0x0800b8fd   Thumb Code   256  rsa.o(i.rsa_prepare_blinding)
    i.rsa_rsassa_pkcs1_v15_encode            0x0800ba00   Section        0  rsa.o(i.rsa_rsassa_pkcs1_v15_encode)
    rsa_rsassa_pkcs1_v15_encode              0x0800ba01   Thumb Code   300  rsa.o(i.rsa_rsassa_pkcs1_v15_encode)
    i.rsa_rsassa_pss_sign                    0x0800bb30   Section        0  rsa.o(i.rsa_rsassa_pss_sign)
    rsa_rsassa_pss_sign                      0x0800bb31   Thumb Code   430  rsa.o(i.rsa_rsassa_pss_sign)
    i.rsa_sign_wrap                          0x0800bce4   Section        0  pk_wrap.o(i.rsa_sign_wrap)
    rsa_sign_wrap                            0x0800bce5   Thumb Code    56  pk_wrap.o(i.rsa_sign_wrap)
    i.rsa_unblind                            0x0800bd1c   Section        0  rsa.o(i.rsa_unblind)
    rsa_unblind                              0x0800bd1d   Thumb Code   138  rsa.o(i.rsa_unblind)
    i.rsa_verify_wrap                        0x0800bda8   Section        0  pk_wrap.o(i.rsa_verify_wrap)
    rsa_verify_wrap                          0x0800bda9   Thumb Code    72  pk_wrap.o(i.rsa_verify_wrap)
    .constdata                               0x0800bdf8   Section       63  app_rsa.o(.constdata)
    .constdata                               0x0800be38   Section     8744  aes.o(.constdata)
    FSb                                      0x0800be38   Data         256  aes.o(.constdata)
    FT0                                      0x0800bf38   Data        1024  aes.o(.constdata)
    FT1                                      0x0800c338   Data        1024  aes.o(.constdata)
    FT2                                      0x0800c738   Data        1024  aes.o(.constdata)
    FT3                                      0x0800cb38   Data        1024  aes.o(.constdata)
    RSb                                      0x0800cf38   Data         256  aes.o(.constdata)
    RT0                                      0x0800d038   Data        1024  aes.o(.constdata)
    RT1                                      0x0800d438   Data        1024  aes.o(.constdata)
    RT2                                      0x0800d838   Data        1024  aes.o(.constdata)
    RT3                                      0x0800dc38   Data        1024  aes.o(.constdata)
    round_constants                          0x0800e038   Data          40  aes.o(.constdata)
    .constdata                               0x0800e060   Section      672  bignum.o(.constdata)
    small_prime                              0x0800e060   Data         672  bignum.o(.constdata)
    .constdata                               0x0800e300   Section       52  md.o(.constdata)
    supported_digests                        0x0800e320   Data          20  md.o(.constdata)
    .constdata                               0x0800e334   Section     1160  oid.o(.constdata)
    oid_x520_attr_type                       0x0800e334   Data         400  oid.o(.constdata)
    oid_x509_ext                             0x0800e4c4   Data         140  oid.o(.constdata)
    oid_ext_key_usage                        0x0800e550   Data         128  oid.o(.constdata)
    oid_certificate_policies                 0x0800e5d0   Data          32  oid.o(.constdata)
    oid_sig_alg                              0x0800e5f0   Data         140  oid.o(.constdata)
    oid_pk_alg                               0x0800e67c   Data          80  oid.o(.constdata)
    oid_cipher_alg                           0x0800e6cc   Data          60  oid.o(.constdata)
    oid_md_alg                               0x0800e708   Data         100  oid.o(.constdata)
    oid_md_hmac                              0x0800e76c   Data          80  oid.o(.constdata)
    .constdata                               0x0800e7bc   Section       48  pk_wrap.o(.constdata)
    .constdata                               0x0800e7ec   Section      256  sha256.o(.constdata)
    K                                        0x0800e7ec   Data         256  sha256.o(.constdata)
    .conststring                             0x0800e8ec   Section     1309  app_rsa.o(.conststring)
    .conststring                             0x0800ee0c   Section        4  md.o(.conststring)
    .conststring                             0x0800ee10   Section     2267  oid.o(.conststring)
    .conststrlit                             0x0800f6ec   Section        5  oid.o(.conststrlit)
    .data                                    0x20000000   Section       20  stm32f10x_rcc.o(.data)
    ADCPrescTable                            0x20000000   Data           4  stm32f10x_rcc.o(.data)
    APBAHBPrescTable                         0x20000004   Data          16  stm32f10x_rcc.o(.data)
    .data                                    0x20000014   Section        3  bsp_usart.o(.data)
    RxState                                  0x20000014   Data           1  bsp_usart.o(.data)
    pRxPacket                                0x20000015   Data           1  bsp_usart.o(.data)
    .data                                    0x20000018   Section       16  app_rsa.o(.data)
    .data                                    0x20000028   Section        4  platform_util.o(.data)
    memset_func                              0x20000028   Data           4  platform_util.o(.data)
    .data                                    0x2000002c   Section        4  stdout.o(.data)
    .data                                    0x20000030   Section        4  rand.o(.data)
    _rand_state                              0x20000030   Data           4  rand.o(.data)
    .data                                    0x20000034   Section        4  mvars.o(.data)
    .data                                    0x20000038   Section        4  mvars.o(.data)
    .bss                                     0x2000003c   Section      100  bsp_usart.o(.bss)
    .bss                                     0x200000a0   Section     8964  app_rsa.o(.bss)
    buf                                      0x200000a0   Data         516  app_rsa.o(.bss)
    output_buf                               0x200002a4   Data         256  app_rsa.o(.bss)
    HEAP                                     0x200023a8   Section    12288  startup_stm32f10x_hd.o(HEAP)
    STACK                                    0x200053a8   Section    12288  startup_stm32f10x_hd.o(STACK)

    Global Symbols

    Symbol Name                              Value     Ov Type        Size  Object(Section)

    BuildAttributes$$THM_ISAv4$P$D$K$B$S$PE$A:L22UL41UL21$X:L11$S22US41US21$IEEE1$IW$USESV6$~STKCKD$USESV7$~SHL$OSPACE$ROPI$EBA8$MICROLIB$REQ8$PRES8$EABIv2 0x00000000   Number         0  anon$$obj.o ABSOLUTE
    __ARM_use_no_argv                        0x00000000   Number         0  main.o ABSOLUTE
    _printf_a                                0x00000000   Number         0  stubs.o ABSOLUTE
    _printf_c                                0x00000000   Number         0  stubs.o ABSOLUTE
    _printf_charcount                        0x00000000   Number         0  stubs.o ABSOLUTE
    _printf_d                                0x00000000   Number         0  stubs.o ABSOLUTE
    _printf_e                                0x00000000   Number         0  stubs.o ABSOLUTE
    _printf_f                                0x00000000   Number         0  stubs.o ABSOLUTE
    _printf_flags                            0x00000000   Number         0  stubs.o ABSOLUTE
    _printf_fp_dec                           0x00000000   Number         0  stubs.o ABSOLUTE
    _printf_fp_hex                           0x00000000   Number         0  stubs.o ABSOLUTE
    _printf_g                                0x00000000   Number         0  stubs.o ABSOLUTE
    _printf_i                                0x00000000   Number         0  stubs.o ABSOLUTE
    _printf_int_dec                          0x00000000   Number         0  stubs.o ABSOLUTE
    _printf_l                                0x00000000   Number         0  stubs.o ABSOLUTE
    _printf_lc                               0x00000000   Number         0  stubs.o ABSOLUTE
    _printf_ll                               0x00000000   Number         0  stubs.o ABSOLUTE
    _printf_lld                              0x00000000   Number         0  stubs.o ABSOLUTE
    _printf_lli                              0x00000000   Number         0  stubs.o ABSOLUTE
    _printf_llo                              0x00000000   Number         0  stubs.o ABSOLUTE
    _printf_llu                              0x00000000   Number         0  stubs.o ABSOLUTE
    _printf_llx                              0x00000000   Number         0  stubs.o ABSOLUTE
    _printf_longlong_dec                     0x00000000   Number         0  stubs.o ABSOLUTE
    _printf_longlong_hex                     0x00000000   Number         0  stubs.o ABSOLUTE
    _printf_longlong_oct                     0x00000000   Number         0  stubs.o ABSOLUTE
    _printf_ls                               0x00000000   Number         0  stubs.o ABSOLUTE
    _printf_mbtowc                           0x00000000   Number         0  stubs.o ABSOLUTE
    _printf_n                                0x00000000   Number         0  stubs.o ABSOLUTE
    _printf_o                                0x00000000   Number         0  stubs.o ABSOLUTE
    _printf_p                                0x00000000   Number         0  stubs.o ABSOLUTE
    _printf_percent                          0x00000000   Number         0  stubs.o ABSOLUTE
    _printf_pre_padding                      0x00000000   Number         0  stubs.o ABSOLUTE
    _printf_return_value                     0x00000000   Number         0  stubs.o ABSOLUTE
    _printf_s                                0x00000000   Number         0  stubs.o ABSOLUTE
    _printf_sizespec                         0x00000000   Number         0  stubs.o ABSOLUTE
    _printf_str                              0x00000000   Number         0  stubs.o ABSOLUTE
    _printf_truncate_signed                  0x00000000   Number         0  stubs.o ABSOLUTE
    _printf_truncate_unsigned                0x00000000   Number         0  stubs.o ABSOLUTE
    _printf_u                                0x00000000   Number         0  stubs.o ABSOLUTE
    _printf_wc                               0x00000000   Number         0  stubs.o ABSOLUTE
    _printf_wctomb                           0x00000000   Number         0  stubs.o ABSOLUTE
    _printf_widthprec                        0x00000000   Number         0  stubs.o ABSOLUTE
    _printf_x                                0x00000000   Number         0  stubs.o ABSOLUTE
    __cpp_initialize__aeabi_                  - Undefined Weak Reference
    __cxa_finalize                            - Undefined Weak Reference
    __decompress                              - Undefined Weak Reference
    _clock_init                               - Undefined Weak Reference
    _microlib_exit                            - Undefined Weak Reference
    __Vectors_Size                           0x00000130   Number         0  startup_stm32f10x_hd.o ABSOLUTE
    __Vectors                                0x08000000   Data           4  startup_stm32f10x_hd.o(RESET)
    __Vectors_End                            0x08000130   Data           0  startup_stm32f10x_hd.o(RESET)
    __main                                   0x08000131   Thumb Code     0  entry.o(.ARM.Collect$$$$00000000)
    _main_stk                                0x08000131   Thumb Code     0  entry2.o(.ARM.Collect$$$$00000001)
    _main_scatterload                        0x08000135   Thumb Code     0  entry5.o(.ARM.Collect$$$$00000004)
    __main_after_scatterload                 0x08000139   Thumb Code     0  entry5.o(.ARM.Collect$$$$00000004)
    _main_clock                              0x08000139   Thumb Code     0  entry7b.o(.ARM.Collect$$$$00000008)
    _main_cpp_init                           0x08000139   Thumb Code     0  entry8b.o(.ARM.Collect$$$$0000000A)
    _main_init                               0x08000139   Thumb Code     0  entry9a.o(.ARM.Collect$$$$0000000B)
    __rt_final_cpp                           0x08000141   Thumb Code     0  entry10a.o(.ARM.Collect$$$$0000000D)
    __rt_final_exit                          0x08000141   Thumb Code     0  entry11a.o(.ARM.Collect$$$$0000000F)
    Reset_Handler                            0x08000145   Thumb Code     8  startup_stm32f10x_hd.o(.text)
    HardFault_Handler                        0x0800014f   Thumb Code     2  startup_stm32f10x_hd.o(.text)
    ADC1_2_IRQHandler                        0x0800015f   Thumb Code     0  startup_stm32f10x_hd.o(.text)
    ADC3_IRQHandler                          0x0800015f   Thumb Code     0  startup_stm32f10x_hd.o(.text)
    CAN1_RX1_IRQHandler                      0x0800015f   Thumb Code     0  startup_stm32f10x_hd.o(.text)
    CAN1_SCE_IRQHandler                      0x0800015f   Thumb Code     0  startup_stm32f10x_hd.o(.text)
    DMA1_Channel1_IRQHandler                 0x0800015f   Thumb Code     0  startup_stm32f10x_hd.o(.text)
    DMA1_Channel2_IRQHandler                 0x0800015f   Thumb Code     0  startup_stm32f10x_hd.o(.text)
    DMA1_Channel3_IRQHandler                 0x0800015f   Thumb Code     0  startup_stm32f10x_hd.o(.text)
    DMA1_Channel4_IRQHandler                 0x0800015f   Thumb Code     0  startup_stm32f10x_hd.o(.text)
    DMA1_Channel5_IRQHandler                 0x0800015f   Thumb Code     0  startup_stm32f10x_hd.o(.text)
    DMA1_Channel6_IRQHandler                 0x0800015f   Thumb Code     0  startup_stm32f10x_hd.o(.text)
    DMA1_Channel7_IRQHandler                 0x0800015f   Thumb Code     0  startup_stm32f10x_hd.o(.text)
    DMA2_Channel1_IRQHandler                 0x0800015f   Thumb Code     0  startup_stm32f10x_hd.o(.text)
    DMA2_Channel2_IRQHandler                 0x0800015f   Thumb Code     0  startup_stm32f10x_hd.o(.text)
    DMA2_Channel3_IRQHandler                 0x0800015f   Thumb Code     0  startup_stm32f10x_hd.o(.text)
    DMA2_Channel4_5_IRQHandler               0x0800015f   Thumb Code     0  startup_stm32f10x_hd.o(.text)
    EXTI0_IRQHandler                         0x0800015f   Thumb Code     0  startup_stm32f10x_hd.o(.text)
    EXTI15_10_IRQHandler                     0x0800015f   Thumb Code     0  startup_stm32f10x_hd.o(.text)
    EXTI1_IRQHandler                         0x0800015f   Thumb Code     0  startup_stm32f10x_hd.o(.text)
    EXTI2_IRQHandler                         0x0800015f   Thumb Code     0  startup_stm32f10x_hd.o(.text)
    EXTI3_IRQHandler                         0x0800015f   Thumb Code     0  startup_stm32f10x_hd.o(.text)
    EXTI4_IRQHandler                         0x0800015f   Thumb Code     0  startup_stm32f10x_hd.o(.text)
    EXTI9_5_IRQHandler                       0x0800015f   Thumb Code     0  startup_stm32f10x_hd.o(.text)
    FLASH_IRQHandler                         0x0800015f   Thumb Code     0  startup_stm32f10x_hd.o(.text)
    FSMC_IRQHandler                          0x0800015f   Thumb Code     0  startup_stm32f10x_hd.o(.text)
    I2C1_ER_IRQHandler                       0x0800015f   Thumb Code     0  startup_stm32f10x_hd.o(.text)
    I2C1_EV_IRQHandler                       0x0800015f   Thumb Code     0  startup_stm32f10x_hd.o(.text)
    I2C2_ER_IRQHandler                       0x0800015f   Thumb Code     0  startup_stm32f10x_hd.o(.text)
    I2C2_EV_IRQHandler                       0x0800015f   Thumb Code     0  startup_stm32f10x_hd.o(.text)
    PVD_IRQHandler                           0x0800015f   Thumb Code     0  startup_stm32f10x_hd.o(.text)
    RCC_IRQHandler                           0x0800015f   Thumb Code     0  startup_stm32f10x_hd.o(.text)
    RTCAlarm_IRQHandler                      0x0800015f   Thumb Code     0  startup_stm32f10x_hd.o(.text)
    RTC_IRQHandler                           0x0800015f   Thumb Code     0  startup_stm32f10x_hd.o(.text)
    SDIO_IRQHandler                          0x0800015f   Thumb Code     0  startup_stm32f10x_hd.o(.text)
    SPI1_IRQHandler                          0x0800015f   Thumb Code     0  startup_stm32f10x_hd.o(.text)
    SPI2_IRQHandler                          0x0800015f   Thumb Code     0  startup_stm32f10x_hd.o(.text)
    SPI3_IRQHandler                          0x0800015f   Thumb Code     0  startup_stm32f10x_hd.o(.text)
    TAMPER_IRQHandler                        0x0800015f   Thumb Code     0  startup_stm32f10x_hd.o(.text)
    TIM1_BRK_IRQHandler                      0x0800015f   Thumb Code     0  startup_stm32f10x_hd.o(.text)
    TIM1_CC_IRQHandler                       0x0800015f   Thumb Code     0  startup_stm32f10x_hd.o(.text)
    TIM1_TRG_COM_IRQHandler                  0x0800015f   Thumb Code     0  startup_stm32f10x_hd.o(.text)
    TIM1_UP_IRQHandler                       0x0800015f   Thumb Code     0  startup_stm32f10x_hd.o(.text)
    TIM2_IRQHandler                          0x0800015f   Thumb Code     0  startup_stm32f10x_hd.o(.text)
    TIM3_IRQHandler                          0x0800015f   Thumb Code     0  startup_stm32f10x_hd.o(.text)
    TIM4_IRQHandler                          0x0800015f   Thumb Code     0  startup_stm32f10x_hd.o(.text)
    TIM5_IRQHandler                          0x0800015f   Thumb Code     0  startup_stm32f10x_hd.o(.text)
    TIM6_IRQHandler                          0x0800015f   Thumb Code     0  startup_stm32f10x_hd.o(.text)
    TIM7_IRQHandler                          0x0800015f   Thumb Code     0  startup_stm32f10x_hd.o(.text)
    TIM8_BRK_IRQHandler                      0x0800015f   Thumb Code     0  startup_stm32f10x_hd.o(.text)
    TIM8_CC_IRQHandler                       0x0800015f   Thumb Code     0  startup_stm32f10x_hd.o(.text)
    TIM8_TRG_COM_IRQHandler                  0x0800015f   Thumb Code     0  startup_stm32f10x_hd.o(.text)
    TIM8_UP_IRQHandler                       0x0800015f   Thumb Code     0  startup_stm32f10x_hd.o(.text)
    UART4_IRQHandler                         0x0800015f   Thumb Code     0  startup_stm32f10x_hd.o(.text)
    UART5_IRQHandler                         0x0800015f   Thumb Code     0  startup_stm32f10x_hd.o(.text)
    USART2_IRQHandler                        0x0800015f   Thumb Code     0  startup_stm32f10x_hd.o(.text)
    USART3_IRQHandler                        0x0800015f   Thumb Code     0  startup_stm32f10x_hd.o(.text)
    USBWakeUp_IRQHandler                     0x0800015f   Thumb Code     0  startup_stm32f10x_hd.o(.text)
    USB_HP_CAN1_TX_IRQHandler                0x0800015f   Thumb Code     0  startup_stm32f10x_hd.o(.text)
    USB_LP_CAN1_RX0_IRQHandler               0x0800015f   Thumb Code     0  startup_stm32f10x_hd.o(.text)
    WWDG_IRQHandler                          0x0800015f   Thumb Code     0  startup_stm32f10x_hd.o(.text)
    __aeabi_uldivmod                         0x08000169   Thumb Code    98  uldiv.o(.text)
    rand                                     0x080001cd   Thumb Code    20  rand.o(.text)
    srand                                    0x080001e1   Thumb Code     6  rand.o(.text)
    ___aeabi_memcpy8$move                    0x080001f1   Thumb Code     0  memmovea.o(.text)
    __aeabi_memcpy                           0x080001f1   Thumb Code    64  memmovea.o(.text)
    __aeabi_memcpy4                          0x080001f1   Thumb Code     0  memmovea.o(.text)
    __aeabi_memmove                          0x080001f1   Thumb Code     0  memmovea.o(.text)
    __aeabi_memmove4                         0x080001f1   Thumb Code     0  memmovea.o(.text)
    __aeabi_memmove8                         0x080001f1   Thumb Code     0  memmovea.o(.text)
    __aeabi_memset                           0x08000231   Thumb Code    14  memseta.o(.text)
    __aeabi_memset4                          0x08000231   Thumb Code     0  memseta.o(.text)
    __aeabi_memset8                          0x08000231   Thumb Code     0  memseta.o(.text)
    __aeabi_memclr                           0x0800023f   Thumb Code     4  memseta.o(.text)
    __aeabi_memclr4                          0x0800023f   Thumb Code     0  memseta.o(.text)
    __aeabi_memclr8                          0x0800023f   Thumb Code     0  memseta.o(.text)
    memset                                   0x08000243   Thumb Code    18  memseta.o(.text)
    strstr                                   0x08000255   Thumb Code    36  strstr.o(.text)
    strlen                                   0x08000279   Thumb Code    14  strlen.o(.text)
    memcmp                                   0x08000287   Thumb Code    26  memcmp.o(.text)
    calloc                                   0x080002a1   Thumb Code    28  calloc.o(.text)
    __aeabi_uidiv                            0x080002bd   Thumb Code     0  uidiv.o(.text)
    __aeabi_uidivmod                         0x080002bd   Thumb Code    44  uidiv.o(.text)
    __aeabi_llsl                             0x080002e9   Thumb Code    30  llshl.o(.text)
    _ll_shift_l                              0x080002e9   Thumb Code     0  llshl.o(.text)
    __aeabi_llsr                             0x08000307   Thumb Code    32  llushr.o(.text)
    _ll_ushift_r                             0x08000307   Thumb Code     0  llushr.o(.text)
    __I$use$fp                               0x08000327   Thumb Code     0  iusefp.o(.text)
    __aeabi_dadd                             0x08000327   Thumb Code   322  dadd.o(.text)
    __aeabi_dsub                             0x08000469   Thumb Code     6  dadd.o(.text)
    __aeabi_drsub                            0x0800046f   Thumb Code     6  dadd.o(.text)
    __aeabi_dmul                             0x08000475   Thumb Code   228  dmul.o(.text)
    __aeabi_ddiv                             0x08000559   Thumb Code   222  ddiv.o(.text)
    __aeabi_d2ulz                            0x08000637   Thumb Code    48  dfixul.o(.text)
    __aeabi_cdrcmple                         0x08000669   Thumb Code    48  cdrcmple.o(.text)
    __scatterload                            0x08000699   Thumb Code    28  init.o(.text)
    __scatterload_rt2                        0x08000699   Thumb Code     0  init.o(.text)
    __aeabi_lasr                             0x080006bd   Thumb Code    36  llsshr.o(.text)
    _ll_sshift_r                             0x080006bd   Thumb Code     0  llsshr.o(.text)
    _double_round                            0x080006e1   Thumb Code    30  depilogue.o(.text)
    _double_epilogue                         0x080006ff   Thumb Code   156  depilogue.o(.text)
    BusFault_Handler                         0x0800079b   Thumb Code     2  stm32f10x_it.o(i.BusFault_Handler)
    DRV_InterGenerateRandVec                 0x0800079d   Thumb Code    32  main.o(i.DRV_InterGenerateRandVec)
    DebugMon_Handler                         0x080007bd   Thumb Code     2  stm32f10x_it.o(i.DebugMon_Handler)
    GPIO_Init                                0x080007bf   Thumb Code   166  stm32f10x_gpio.o(i.GPIO_Init)
    MemManage_Handler                        0x08000865   Thumb Code     2  stm32f10x_it.o(i.MemManage_Handler)
    NMI_Handler                              0x08000867   Thumb Code     2  stm32f10x_it.o(i.NMI_Handler)
    NVIC_Init                                0x08000869   Thumb Code    96  misc.o(i.NVIC_Init)
    NVIC_PriorityGroupConfig                 0x080008cd   Thumb Code    10  misc.o(i.NVIC_PriorityGroupConfig)
    PUBLIC_GenerateRandVec                   0x080008e1   Thumb Code     4  main.o(i.PUBLIC_GenerateRandVec)
    PendSV_Handler                           0x080008e5   Thumb Code     2  stm32f10x_it.o(i.PendSV_Handler)
    RCC_APB2PeriphClockCmd                   0x080008e9   Thumb Code    22  stm32f10x_rcc.o(i.RCC_APB2PeriphClockCmd)
    RCC_GetClocksFreq                        0x08000905   Thumb Code   154  stm32f10x_rcc.o(i.RCC_GetClocksFreq)
    RSA_TEST                                 0x080009b1   Thumb Code   102  app_rsa.o(i.RSA_TEST)
    SVC_Handler                              0x08000a51   Thumb Code     2  stm32f10x_it.o(i.SVC_Handler)
    Serial_Init                              0x08000a55   Thumb Code   172  bsp_usart.o(i.Serial_Init)
    Serial_SendByte                          0x08000b09   Thumb Code    26  bsp_usart.o(i.Serial_SendByte)
    SysTick_Handler                          0x08000bdd   Thumb Code     2  stm32f10x_it.o(i.SysTick_Handler)
    SystemInit                               0x08000be1   Thumb Code    64  system_stm32f10x.o(i.SystemInit)
    USART1_IRQHandler                        0x08000c31   Thumb Code   114  bsp_usart.o(i.USART1_IRQHandler)
    USART_ClearITPendingBit                  0x08000cb1   Thumb Code    16  stm32f10x_usart.o(i.USART_ClearITPendingBit)
    USART_Cmd                                0x08000cc1   Thumb Code    24  stm32f10x_usart.o(i.USART_Cmd)
    USART_GetFlagStatus                      0x08000cd9   Thumb Code    14  stm32f10x_usart.o(i.USART_GetFlagStatus)
    USART_GetITStatus                        0x08000ce7   Thumb Code    64  stm32f10x_usart.o(i.USART_GetITStatus)
    USART_ITConfig                           0x08000d27   Thumb Code    54  stm32f10x_usart.o(i.USART_ITConfig)
    USART_Init                               0x08000d5d   Thumb Code   182  stm32f10x_usart.o(i.USART_Init)
    USART_ReceiveData                        0x08000e19   Thumb Code     8  stm32f10x_usart.o(i.USART_ReceiveData)
    USART_SendData                           0x08000e21   Thumb Code     8  stm32f10x_usart.o(i.USART_SendData)
    UsageFault_Handler                       0x08000e29   Thumb Code     2  stm32f10x_it.o(i.UsageFault_Handler)
    __0printf                                0x08000e2d   Thumb Code    22  printfa.o(i.__0printf)
    __1printf                                0x08000e2d   Thumb Code     0  printfa.o(i.__0printf)
    __2printf                                0x08000e2d   Thumb Code     0  printfa.o(i.__0printf)
    __c89printf                              0x08000e2d   Thumb Code     0  printfa.o(i.__0printf)
    printf                                   0x08000e2d   Thumb Code     0  printfa.o(i.__0printf)
    __scatterload_copy                       0x08000e4d   Thumb Code    14  handlers.o(i.__scatterload_copy)
    __scatterload_null                       0x08000e5b   Thumb Code     2  handlers.o(i.__scatterload_null)
    __scatterload_zeroinit                   0x08000e5d   Thumb Code    14  handlers.o(i.__scatterload_zeroinit)
    fputc                                    0x08001cc3   Thumb Code    14  bsp_usart.o(i.fputc)
    free                                     0x08001cd1   Thumb Code    76  malloc.o(i.free)
    main                                     0x08001d2f   Thumb Code    10  main.o(i.main)
    malloc                                   0x08001d39   Thumb Code    92  malloc.o(i.malloc)
    mbedtls_aes_crypt_ecb                    0x08001da5   Thumb Code    24  aes.o(i.mbedtls_aes_crypt_ecb)
    mbedtls_aes_free                         0x08001dbd   Thumb Code    14  aes.o(i.mbedtls_aes_free)
    mbedtls_aes_init                         0x08001dcb   Thumb Code     8  aes.o(i.mbedtls_aes_init)
    mbedtls_aes_setkey_enc                   0x08001dd9   Thumb Code   430  aes.o(i.mbedtls_aes_setkey_enc)
    mbedtls_asn1_get_alg                     0x08001f8d   Thumb Code   144  asn1parse.o(i.mbedtls_asn1_get_alg)
    mbedtls_asn1_get_bitstring_null          0x0800201d   Thumb Code    54  asn1parse.o(i.mbedtls_asn1_get_bitstring_null)
    mbedtls_asn1_get_int                     0x08002053   Thumb Code     8  asn1parse.o(i.mbedtls_asn1_get_int)
    mbedtls_asn1_get_len                     0x0800205b   Thumb Code   192  asn1parse.o(i.mbedtls_asn1_get_len)
    mbedtls_asn1_get_mpi                     0x0800211b   Thumb Code    40  asn1parse.o(i.mbedtls_asn1_get_mpi)
    mbedtls_asn1_get_tag                     0x08002143   Thumb Code    40  asn1parse.o(i.mbedtls_asn1_get_tag)
    mbedtls_base64_decode                    0x0800216b   Thumb Code   316  base64.o(i.mbedtls_base64_decode)
    mbedtls_base64_encode                    0x080022a7   Thumb Code   272  base64.o(i.mbedtls_base64_encode)
    mbedtls_ct_base64_dec_value              0x080023cd   Thumb Code   102  constant_time.o(i.mbedtls_ct_base64_dec_value)
    mbedtls_ct_base64_enc_char               0x08002433   Thumb Code    94  constant_time.o(i.mbedtls_ct_base64_enc_char)
    mbedtls_ct_memcmp                        0x080024e5   Thumb Code    34  constant_time.o(i.mbedtls_ct_memcmp)
    mbedtls_ct_mpi_uint_cond_assign          0x08002507   Thumb Code    34  constant_time.o(i.mbedtls_ct_mpi_uint_cond_assign)
    mbedtls_ct_mpi_uint_mask                 0x08002529   Thumb Code     8  constant_time.o(i.mbedtls_ct_mpi_uint_mask)
    mbedtls_ct_rsaes_pkcs1_v15_unpadding     0x08002531   Thumb Code   310  constant_time.o(i.mbedtls_ct_rsaes_pkcs1_v15_unpadding)
    mbedtls_ct_size_bool_eq                  0x08002667   Thumb Code    14  constant_time.o(i.mbedtls_ct_size_bool_eq)
    mbedtls_ct_uint_if                       0x0800268b   Thumb Code    20  constant_time.o(i.mbedtls_ct_uint_if)
    mbedtls_ct_uint_mask                     0x0800269f   Thumb Code     8  constant_time.o(i.mbedtls_ct_uint_mask)
    mbedtls_ctr_drbg_free                    0x080026a7   Thumb Code    40  ctr_drbg.o(i.mbedtls_ctr_drbg_free)
    mbedtls_ctr_drbg_init                    0x080026cf   Thumb Code    28  ctr_drbg.o(i.mbedtls_ctr_drbg_init)
    mbedtls_ctr_drbg_random                  0x080026eb   Thumb Code    12  ctr_drbg.o(i.mbedtls_ctr_drbg_random)
    mbedtls_ctr_drbg_random_with_add         0x080026f7   Thumb Code   218  ctr_drbg.o(i.mbedtls_ctr_drbg_random_with_add)
    mbedtls_ctr_drbg_reseed                  0x080027d1   Thumb Code     6  ctr_drbg.o(i.mbedtls_ctr_drbg_reseed)
    mbedtls_ctr_drbg_seed                    0x08002891   Thumb Code   102  ctr_drbg.o(i.mbedtls_ctr_drbg_seed)
    mbedtls_entropy_add_source               0x080028f7   Thumb Code    46  entropy.o(i.mbedtls_entropy_add_source)
    mbedtls_entropy_free                     0x08002925   Thumb Code    40  entropy.o(i.mbedtls_entropy_free)
    mbedtls_entropy_func                     0x0800294d   Thumb Code   248  entropy.o(i.mbedtls_entropy_func)
    mbedtls_entropy_init                     0x08002a45   Thumb Code    32  entropy.o(i.mbedtls_entropy_init)
    mbedtls_internal_aes_decrypt             0x08002ab1   Thumb Code  1204  aes.o(i.mbedtls_internal_aes_decrypt)
    mbedtls_internal_aes_encrypt             0x08002f65   Thumb Code  1204  aes.o(i.mbedtls_internal_aes_encrypt)
    mbedtls_internal_md5_process             0x08003419   Thumb Code  3044  md5.o(i.mbedtls_internal_md5_process)
    mbedtls_internal_sha1_process            0x0800401d   Thumb Code  5084  sha1.o(i.mbedtls_internal_sha1_process)
    mbedtls_internal_sha256_process          0x080053f9   Thumb Code  2544  sha256.o(i.mbedtls_internal_sha256_process)
    mbedtls_md                               0x08005de9   Thumb Code    80  md.o(i.mbedtls_md)
    mbedtls_md5_finish_ret                   0x08005e3d   Thumb Code   226  md5.o(i.mbedtls_md5_finish_ret)
    mbedtls_md5_free                         0x08005f1f   Thumb Code    12  md5.o(i.mbedtls_md5_free)
    mbedtls_md5_init                         0x08005f2b   Thumb Code     6  md5.o(i.mbedtls_md5_init)
    mbedtls_md5_ret                          0x08005f31   Thumb Code    62  md5.o(i.mbedtls_md5_ret)
    mbedtls_md5_starts_ret                   0x08005f71   Thumb Code    30  md5.o(i.mbedtls_md5_starts_ret)
    mbedtls_md5_update_ret                   0x08005f99   Thumb Code   124  md5.o(i.mbedtls_md5_update_ret)
    mbedtls_md_finish                        0x08006015   Thumb Code    54  md.o(i.mbedtls_md_finish)
    mbedtls_md_free                          0x08006051   Thumb Code   100  md.o(i.mbedtls_md_free)
    mbedtls_md_get_size                      0x080060b5   Thumb Code    12  md.o(i.mbedtls_md_get_size)
    mbedtls_md_info_from_type                0x080060c1   Thumb Code    42  md.o(i.mbedtls_md_info_from_type)
    mbedtls_md_init                          0x080060f1   Thumb Code    10  md.o(i.mbedtls_md_init)
    mbedtls_md_setup                         0x080060fd   Thumb Code   150  md.o(i.mbedtls_md_setup)
    mbedtls_md_starts                        0x08006199   Thumb Code    64  md.o(i.mbedtls_md_starts)
    mbedtls_md_update                        0x080061dd   Thumb Code    64  md.o(i.mbedtls_md_update)
    mbedtls_mpi_add_abs                      0x08006221   Thumb Code   190  bignum.o(i.mbedtls_mpi_add_abs)
    mbedtls_mpi_add_int                      0x080062df   Thumb Code    52  bignum.o(i.mbedtls_mpi_add_int)
    mbedtls_mpi_add_mpi                      0x08006313   Thumb Code     6  bignum.o(i.mbedtls_mpi_add_mpi)
    mbedtls_mpi_bitlen                       0x08006319   Thumb Code    52  bignum.o(i.mbedtls_mpi_bitlen)
    mbedtls_mpi_cmp_abs                      0x0800634d   Thumb Code   120  bignum.o(i.mbedtls_mpi_cmp_abs)
    mbedtls_mpi_cmp_int                      0x080063c5   Thumb Code    48  bignum.o(i.mbedtls_mpi_cmp_int)
    mbedtls_mpi_cmp_mpi                      0x080063f5   Thumb Code   150  bignum.o(i.mbedtls_mpi_cmp_mpi)
    mbedtls_mpi_copy                         0x0800648b   Thumb Code   120  bignum.o(i.mbedtls_mpi_copy)
    mbedtls_mpi_div_int                      0x08006503   Thumb Code    60  bignum.o(i.mbedtls_mpi_div_int)
    mbedtls_mpi_div_mpi                      0x0800653f   Thumb Code   782  bignum.o(i.mbedtls_mpi_div_mpi)
    mbedtls_mpi_exp_mod                      0x0800684d   Thumb Code  1010  bignum.o(i.mbedtls_mpi_exp_mod)
    mbedtls_mpi_fill_random                  0x08006c3f   Thumb Code    56  bignum.o(i.mbedtls_mpi_fill_random)
    mbedtls_mpi_free                         0x08006c77   Thumb Code    36  bignum.o(i.mbedtls_mpi_free)
    mbedtls_mpi_gcd                          0x08006c9b   Thumb Code   254  bignum.o(i.mbedtls_mpi_gcd)
    mbedtls_mpi_gen_prime                    0x08006d99   Thumb Code   494  bignum.o(i.mbedtls_mpi_gen_prime)
    mbedtls_mpi_get_bit                      0x08006f8d   Thumb Code    32  bignum.o(i.mbedtls_mpi_get_bit)
    mbedtls_mpi_get_mont_r2_unsafe           0x08006fad   Thumb Code    60  bignum.o(i.mbedtls_mpi_get_mont_r2_unsafe)
    mbedtls_mpi_grow                         0x08006fe9   Thumb Code    84  bignum.o(i.mbedtls_mpi_grow)
    mbedtls_mpi_init                         0x0800703d   Thumb Code    12  bignum.o(i.mbedtls_mpi_init)
    mbedtls_mpi_inv_mod                      0x08007049   Thumb Code   628  bignum.o(i.mbedtls_mpi_inv_mod)
    mbedtls_mpi_is_prime_ext                 0x080072bd   Thumb Code    90  bignum.o(i.mbedtls_mpi_is_prime_ext)
    mbedtls_mpi_lsb                          0x08007317   Thumb Code    46  bignum.o(i.mbedtls_mpi_lsb)
    mbedtls_mpi_lset                         0x08007345   Thumb Code    54  bignum.o(i.mbedtls_mpi_lset)
    mbedtls_mpi_mod_int                      0x0800737b   Thumb Code   116  bignum.o(i.mbedtls_mpi_mod_int)
    mbedtls_mpi_mod_mpi                      0x080073ef   Thumb Code   102  bignum.o(i.mbedtls_mpi_mod_mpi)
    mbedtls_mpi_montmul                      0x08007455   Thumb Code   178  bignum.o(i.mbedtls_mpi_montmul)
    mbedtls_mpi_montmul_init                 0x08007507   Thumb Code    36  bignum.o(i.mbedtls_mpi_montmul_init)
    mbedtls_mpi_mul_int                      0x0800752b   Thumb Code    94  bignum.o(i.mbedtls_mpi_mul_int)
    mbedtls_mpi_mul_mpi                      0x08007589   Thumb Code   230  bignum.o(i.mbedtls_mpi_mul_mpi)
    mbedtls_mpi_read_binary                  0x0800766f   Thumb Code    66  bignum.o(i.mbedtls_mpi_read_binary)
    mbedtls_mpi_safe_cond_assign             0x080076ed   Thumb Code    84  constant_time.o(i.mbedtls_mpi_safe_cond_assign)
    mbedtls_mpi_shift_l                      0x08007741   Thumb Code   152  bignum.o(i.mbedtls_mpi_shift_l)
    mbedtls_mpi_shift_r                      0x080077d9   Thumb Code   126  bignum.o(i.mbedtls_mpi_shift_r)
    mbedtls_mpi_shrink                       0x08007857   Thumb Code   116  bignum.o(i.mbedtls_mpi_shrink)
    mbedtls_mpi_size                         0x080078cb   Thumb Code    12  bignum.o(i.mbedtls_mpi_size)
    mbedtls_mpi_sub_abs                      0x080078d7   Thumb Code   188  bignum.o(i.mbedtls_mpi_sub_abs)
    mbedtls_mpi_sub_int                      0x08007993   Thumb Code    52  bignum.o(i.mbedtls_mpi_sub_int)
    mbedtls_mpi_sub_mpi                      0x080079c7   Thumb Code     8  bignum.o(i.mbedtls_mpi_sub_mpi)
    mbedtls_mpi_swap                         0x080079cf   Thumb Code    24  bignum.o(i.mbedtls_mpi_swap)
    mbedtls_mpi_write_binary                 0x080079e7   Thumb Code   106  bignum.o(i.mbedtls_mpi_write_binary)
    mbedtls_mpi_write_string                 0x08007a51   Thumb Code   270  bignum.o(i.mbedtls_mpi_write_string)
    mbedtls_oid_get_oid_by_md                0x08007b7d   Thumb Code    38  oid.o(i.mbedtls_oid_get_oid_by_md)
    mbedtls_oid_get_pk_alg                   0x08007ba9   Thumb Code    24  oid.o(i.mbedtls_oid_get_pk_alg)
    mbedtls_pem_free                         0x08007bc1   Thumb Code    40  pem.o(i.mbedtls_pem_free)
    mbedtls_pem_init                         0x08007be9   Thumb Code    10  pem.o(i.mbedtls_pem_init)
    mbedtls_pem_read_buffer                  0x08007bf5   Thumb Code   264  pem.o(i.mbedtls_pem_read_buffer)
    mbedtls_pk_free                          0x08007d21   Thumb Code    34  pk.o(i.mbedtls_pk_free)
    mbedtls_pk_get_type                      0x08007d43   Thumb Code    16  pk.o(i.mbedtls_pk_get_type)
    mbedtls_pk_info_from_type                0x08007d55   Thumb Code    12  pk.o(i.mbedtls_pk_info_from_type)
    mbedtls_pk_init                          0x08007d65   Thumb Code     8  pk.o(i.mbedtls_pk_init)
    mbedtls_pk_parse_key                     0x08007d6d   Thumb Code   308  pkparse.o(i.mbedtls_pk_parse_key)
    mbedtls_pk_parse_public_key              0x08007f25   Thumb Code   344  pkparse.o(i.mbedtls_pk_parse_public_key)
    mbedtls_pk_parse_subpubkey               0x08008101   Thumb Code   174  pkparse.o(i.mbedtls_pk_parse_subpubkey)
    mbedtls_pk_setup                         0x080081cd   Thumb Code    36  pk.o(i.mbedtls_pk_setup)
    mbedtls_platform_zeroize                 0x080081f9   Thumb Code    16  platform_util.o(i.mbedtls_platform_zeroize)
    mbedtls_rsa_check_privkey                0x0800820d   Thumb Code   112  rsa.o(i.mbedtls_rsa_check_privkey)
    mbedtls_rsa_check_pub_priv               0x08008281   Thumb Code    64  rsa.o(i.mbedtls_rsa_check_pub_priv)
    mbedtls_rsa_check_pubkey                 0x080082c5   Thumb Code    84  rsa.o(i.mbedtls_rsa_check_pubkey)
    mbedtls_rsa_complete                     0x0800831d   Thumb Code   446  rsa.o(i.mbedtls_rsa_complete)
    mbedtls_rsa_deduce_crt                   0x080084e1   Thumb Code   124  rsa_internal.o(i.mbedtls_rsa_deduce_crt)
    mbedtls_rsa_deduce_primes                0x0800855d   Thumb Code   442  rsa_internal.o(i.mbedtls_rsa_deduce_primes)
    mbedtls_rsa_deduce_private_exponent      0x08008751   Thumb Code   192  rsa_internal.o(i.mbedtls_rsa_deduce_private_exponent)
    mbedtls_rsa_export                       0x08008811   Thumb Code   186  rsa.o(i.mbedtls_rsa_export)
    mbedtls_rsa_free                         0x080088d1   Thumb Code   118  rsa.o(i.mbedtls_rsa_free)
    mbedtls_rsa_gen_key                      0x08008949   Thumb Code   454  rsa.o(i.mbedtls_rsa_gen_key)
    mbedtls_rsa_get_len                      0x08008b15   Thumb Code     4  rsa.o(i.mbedtls_rsa_get_len)
    mbedtls_rsa_import                       0x08008b19   Thumb Code   124  rsa.o(i.mbedtls_rsa_import)
    mbedtls_rsa_import_raw                   0x08008b95   Thumb Code   142  rsa.o(i.mbedtls_rsa_import_raw)
    mbedtls_rsa_init                         0x08008c23   Thumb Code    30  rsa.o(i.mbedtls_rsa_init)
    mbedtls_rsa_pkcs1_decrypt                0x08008c41   Thumb Code    56  rsa.o(i.mbedtls_rsa_pkcs1_decrypt)
    mbedtls_rsa_pkcs1_encrypt                0x08008c7d   Thumb Code    54  rsa.o(i.mbedtls_rsa_pkcs1_encrypt)
    mbedtls_rsa_pkcs1_sign                   0x08008cb9   Thumb Code    50  rsa.o(i.mbedtls_rsa_pkcs1_sign)
    mbedtls_rsa_pkcs1_verify                 0x08008cf1   Thumb Code    50  rsa.o(i.mbedtls_rsa_pkcs1_verify)
    mbedtls_rsa_private                      0x08008d29   Thumb Code   606  rsa.o(i.mbedtls_rsa_private)
    mbedtls_rsa_public                       0x08008f91   Thumb Code   130  rsa.o(i.mbedtls_rsa_public)
    mbedtls_rsa_rsaes_oaep_decrypt           0x08009019   Thumb Code   416  rsa.o(i.mbedtls_rsa_rsaes_oaep_decrypt)
    mbedtls_rsa_rsaes_oaep_encrypt           0x080091c1   Thumb Code   296  rsa.o(i.mbedtls_rsa_rsaes_oaep_encrypt)
    mbedtls_rsa_rsaes_pkcs1_v15_decrypt      0x080092ed   Thumb Code   132  rsa.o(i.mbedtls_rsa_rsaes_pkcs1_v15_decrypt)
    mbedtls_rsa_rsaes_pkcs1_v15_encrypt      0x08009375   Thumb Code   214  rsa.o(i.mbedtls_rsa_rsaes_pkcs1_v15_encrypt)
    mbedtls_rsa_rsassa_pkcs1_v15_sign        0x08009451   Thumb Code   212  rsa.o(i.mbedtls_rsa_rsassa_pkcs1_v15_sign)
    mbedtls_rsa_rsassa_pkcs1_v15_verify      0x0800952d   Thumb Code   186  rsa.o(i.mbedtls_rsa_rsassa_pkcs1_v15_verify)
    mbedtls_rsa_rsassa_pss_sign              0x080095f1   Thumb Code    34  rsa.o(i.mbedtls_rsa_rsassa_pss_sign)
    mbedtls_rsa_rsassa_pss_verify            0x08009613   Thumb Code    52  rsa.o(i.mbedtls_rsa_rsassa_pss_verify)
    mbedtls_rsa_rsassa_pss_verify_ext        0x08009649   Thumb Code   476  rsa.o(i.mbedtls_rsa_rsassa_pss_verify_ext)
    mbedtls_rsa_set_padding                  0x0800982d   Thumb Code     8  rsa.o(i.mbedtls_rsa_set_padding)
    mbedtls_rsa_sign_test                    0x08009835   Thumb Code   296  app_rsa.o(i.mbedtls_rsa_sign_test)
    mbedtls_rsa_validate_crt                 0x08009af9   Thumb Code   286  rsa_internal.o(i.mbedtls_rsa_validate_crt)
    mbedtls_rsa_validate_params              0x08009c21   Thumb Code   422  rsa_internal.o(i.mbedtls_rsa_validate_params)
    mbedtls_sha1                             0x08009dcd   Thumb Code     4  sha1.o(i.mbedtls_sha1)
    mbedtls_sha1_finish_ret                  0x08009dd1   Thumb Code   248  sha1.o(i.mbedtls_sha1_finish_ret)
    mbedtls_sha1_free                        0x08009ec9   Thumb Code    12  sha1.o(i.mbedtls_sha1_free)
    mbedtls_sha1_init                        0x08009ed5   Thumb Code     6  sha1.o(i.mbedtls_sha1_init)
    mbedtls_sha1_ret                         0x08009edb   Thumb Code    62  sha1.o(i.mbedtls_sha1_ret)
    mbedtls_sha1_starts_ret                  0x08009f19   Thumb Code    34  sha1.o(i.mbedtls_sha1_starts_ret)
    mbedtls_sha1_update_ret                  0x08009f49   Thumb Code   124  sha1.o(i.mbedtls_sha1_update_ret)
    mbedtls_sha256_finish_ret                0x08009fc5   Thumb Code   328  sha256.o(i.mbedtls_sha256_finish_ret)
    mbedtls_sha256_free                      0x0800a10d   Thumb Code    12  sha256.o(i.mbedtls_sha256_free)
    mbedtls_sha256_init                      0x0800a119   Thumb Code     6  sha256.o(i.mbedtls_sha256_init)
    mbedtls_sha256_ret                       0x0800a11f   Thumb Code    66  sha256.o(i.mbedtls_sha256_ret)
    mbedtls_sha256_starts_ret                0x0800a161   Thumb Code    82  sha256.o(i.mbedtls_sha256_starts_ret)
    mbedtls_sha256_update_ret                0x0800a1f5   Thumb Code   124  sha256.o(i.mbedtls_sha256_update_ret)
    rsa_decrypt                              0x0800af85   Thumb Code   826  app_rsa.o(i.rsa_decrypt)
    rsa_encrypt                              0x0800b5fd   Thumb Code   262  app_rsa.o(i.rsa_encrypt)
    aes_data                                 0x0800bdf8   Data          63  app_rsa.o(.constdata)
    mbedtls_md5_info                         0x0800e300   Data           8  md.o(.constdata)
    mbedtls_sha1_info                        0x0800e308   Data           8  md.o(.constdata)
    mbedtls_sha224_info                      0x0800e310   Data           8  md.o(.constdata)
    mbedtls_sha256_info                      0x0800e318   Data           8  md.o(.constdata)
    mbedtls_rsa_info                         0x0800e7bc   Data          48  pk_wrap.o(.constdata)
    Region$$Table$$Base                      0x0800f6f4   Number         0  anon$$obj.o(Region$$Table)
    Region$$Table$$Limit                     0x0800f714   Number         0  anon$$obj.o(Region$$Table)
    Serial_RxFlag                            0x20000016   Data           1  bsp_usart.o(.data)
    my_public_key                            0x20000018   Data           4  app_rsa.o(.data)
    my_private_key                           0x2000001c   Data           4  app_rsa.o(.data)
    msg                                      0x20000020   Data           4  app_rsa.o(.data)
    my_private_key1                          0x20000024   Data           4  app_rsa.o(.data)
    __stdout                                 0x2000002c   Data           4  stdout.o(.data)
    __microlib_freelist                      0x20000034   Data           4  mvars.o(.data)
    __microlib_freelist_initialised          0x20000038   Data           4  mvars.o(.data)
    Serial_RxPacket                          0x2000003c   Data         100  bsp_usart.o(.bss)
    plaintext                                0x200003a4   Data        4096  app_rsa.o(.bss)
    ciphertext                               0x200013a4   Data        4096  app_rsa.o(.bss)
    __heap_base                              0x200023a8   Data           0  startup_stm32f10x_hd.o(HEAP)
    __heap_limit                             0x200053a8   Data           0  startup_stm32f10x_hd.o(HEAP)
    __initial_sp                             0x200083a8   Data           0  startup_stm32f10x_hd.o(STACK)



==============================================================================

Memory Map of the image

  Image Entry point : 0x08000131

  Load Region LR_IROM1 (Base: 0x08000000, Size: 0x0000f750, Max: 0x00020000, ABSOLUTE)

    Execution Region ER_IROM1 (Exec base: 0x08000000, Load base: 0x08000000, Size: 0x0000f714, Max: 0x00020000, ABSOLUTE)

    Exec Addr    Load Addr    Size         Type   Attr      Idx    E Section Name        Object

    0x08000000   0x08000000   0x00000130   Data   RO            3    RESET               startup_stm32f10x_hd.o
    0x08000130   0x08000130   0x00000000   Code   RO         6392  * .ARM.Collect$$$$00000000  mc_w.l(entry.o)
    0x08000130   0x08000130   0x00000004   Code   RO         6732    .ARM.Collect$$$$00000001  mc_w.l(entry2.o)
    0x08000134   0x08000134   0x00000004   Code   RO         6735    .ARM.Collect$$$$00000004  mc_w.l(entry5.o)
    0x08000138   0x08000138   0x00000000   Code   RO         6737    .ARM.Collect$$$$00000008  mc_w.l(entry7b.o)
    0x08000138   0x08000138   0x00000000   Code   RO         6739    .ARM.Collect$$$$0000000A  mc_w.l(entry8b.o)
    0x08000138   0x08000138   0x00000008   Code   RO         6740    .ARM.Collect$$$$0000000B  mc_w.l(entry9a.o)
    0x08000140   0x08000140   0x00000000   Code   RO         6742    .ARM.Collect$$$$0000000D  mc_w.l(entry10a.o)
    0x08000140   0x08000140   0x00000000   Code   RO         6744    .ARM.Collect$$$$0000000F  mc_w.l(entry11a.o)
    0x08000140   0x08000140   0x00000004   Code   RO         6733    .ARM.Collect$$$$00002712  mc_w.l(entry2.o)
    0x08000144   0x08000144   0x00000024   Code   RO            4    .text               startup_stm32f10x_hd.o
    0x08000168   0x08000168   0x00000062   Code   RO         6416    .text               mc_w.l(uldiv.o)
    0x080001ca   0x080001ca   0x00000002   PAD
    0x080001cc   0x080001cc   0x00000024   Code   RO         6418    .text               mc_w.l(rand.o)
    0x080001f0   0x080001f0   0x00000040   Code   RO         6423    .text               mc_w.l(memmovea.o)
    0x08000230   0x08000230   0x00000024   Code   RO         6427    .text               mc_w.l(memseta.o)
    0x08000254   0x08000254   0x00000024   Code   RO         6429    .text               mc_w.l(strstr.o)
    0x08000278   0x08000278   0x0000000e   Code   RO         6431    .text               mc_w.l(strlen.o)
    0x08000286   0x08000286   0x0000001a   Code   RO         6435    .text               mc_w.l(memcmp.o)
    0x080002a0   0x080002a0   0x0000001c   Code   RO         6730    .text               mc_w.l(calloc.o)
    0x080002bc   0x080002bc   0x0000002c   Code   RO         6757    .text               mc_w.l(uidiv.o)
    0x080002e8   0x080002e8   0x0000001e   Code   RO         6759    .text               mc_w.l(llshl.o)
    0x08000306   0x08000306   0x00000020   Code   RO         6761    .text               mc_w.l(llushr.o)
    0x08000326   0x08000326   0x00000000   Code   RO         6765    .text               mc_w.l(iusefp.o)
    0x08000326   0x08000326   0x0000014e   Code   RO         6766    .text               mf_w.l(dadd.o)
    0x08000474   0x08000474   0x000000e4   Code   RO         6768    .text               mf_w.l(dmul.o)
    0x08000558   0x08000558   0x000000de   Code   RO         6770    .text               mf_w.l(ddiv.o)
    0x08000636   0x08000636   0x00000030   Code   RO         6772    .text               mf_w.l(dfixul.o)
    0x08000666   0x08000666   0x00000002   PAD
    0x08000668   0x08000668   0x00000030   Code   RO         6774    .text               mf_w.l(cdrcmple.o)
    0x08000698   0x08000698   0x00000024   Code   RO         6776    .text               mc_w.l(init.o)
    0x080006bc   0x080006bc   0x00000024   Code   RO         6779    .text               mc_w.l(llsshr.o)
    0x080006e0   0x080006e0   0x000000ba   Code   RO         6782    .text               mf_w.l(depilogue.o)
    0x0800079a   0x0800079a   0x00000002   Code   RO         3145    i.BusFault_Handler  stm32f10x_it.o
    0x0800079c   0x0800079c   0x00000020   Code   RO         3098    i.DRV_InterGenerateRandVec  main.o
    0x080007bc   0x080007bc   0x00000002   Code   RO         3146    i.DebugMon_Handler  stm32f10x_it.o
    0x080007be   0x080007be   0x000000a6   Code   RO         1282    i.GPIO_Init         stm32f10x_gpio.o
    0x08000864   0x08000864   0x00000002   Code   RO         3147    i.MemManage_Handler  stm32f10x_it.o
    0x08000866   0x08000866   0x00000002   Code   RO         3148    i.NMI_Handler       stm32f10x_it.o
    0x08000868   0x08000868   0x00000064   Code   RO          127    i.NVIC_Init         misc.o
    0x080008cc   0x080008cc   0x00000014   Code   RO          128    i.NVIC_PriorityGroupConfig  misc.o
    0x080008e0   0x080008e0   0x00000004   Code   RO         3100    i.PUBLIC_GenerateRandVec  main.o
    0x080008e4   0x080008e4   0x00000002   Code   RO         3149    i.PendSV_Handler    stm32f10x_it.o
    0x080008e6   0x080008e6   0x00000002   PAD
    0x080008e8   0x080008e8   0x0000001c   Code   RO         1700    i.RCC_APB2PeriphClockCmd  stm32f10x_rcc.o
    0x08000904   0x08000904   0x000000ac   Code   RO         1708    i.RCC_GetClocksFreq  stm32f10x_rcc.o
    0x080009b0   0x080009b0   0x000000a0   Code   RO         3274    i.RSA_TEST          app_rsa.o
    0x08000a50   0x08000a50   0x00000002   Code   RO         3150    i.SVC_Handler       stm32f10x_it.o
    0x08000a52   0x08000a52   0x00000002   PAD
    0x08000a54   0x08000a54   0x000000b4   Code   RO         3202    i.Serial_Init       bsp_usart.o
    0x08000b08   0x08000b08   0x00000020   Code   RO         3206    i.Serial_SendByte   bsp_usart.o
    0x08000b28   0x08000b28   0x00000004   Code   RO           10    i.SetSysClock       system_stm32f10x.o
    0x08000b2c   0x08000b2c   0x000000b0   Code   RO           11    i.SetSysClockTo72   system_stm32f10x.o
    0x08000bdc   0x08000bdc   0x00000002   Code   RO         3151    i.SysTick_Handler   stm32f10x_it.o
    0x08000bde   0x08000bde   0x00000002   PAD
    0x08000be0   0x08000be0   0x00000050   Code   RO           13    i.SystemInit        system_stm32f10x.o
    0x08000c30   0x08000c30   0x00000080   Code   RO         3209    i.USART1_IRQHandler  bsp_usart.o
    0x08000cb0   0x08000cb0   0x00000010   Code   RO         2865    i.USART_ClearITPendingBit  stm32f10x_usart.o
    0x08000cc0   0x08000cc0   0x00000018   Code   RO         2868    i.USART_Cmd         stm32f10x_usart.o
    0x08000cd8   0x08000cd8   0x0000000e   Code   RO         2871    i.USART_GetFlagStatus  stm32f10x_usart.o
    0x08000ce6   0x08000ce6   0x00000040   Code   RO         2872    i.USART_GetITStatus  stm32f10x_usart.o
    0x08000d26   0x08000d26   0x00000036   Code   RO         2874    i.USART_ITConfig    stm32f10x_usart.o
    0x08000d5c   0x08000d5c   0x000000bc   Code   RO         2875    i.USART_Init        stm32f10x_usart.o
    0x08000e18   0x08000e18   0x00000008   Code   RO         2882    i.USART_ReceiveData  stm32f10x_usart.o
    0x08000e20   0x08000e20   0x00000008   Code   RO         2885    i.USART_SendData    stm32f10x_usart.o
    0x08000e28   0x08000e28   0x00000002   Code   RO         3152    i.UsageFault_Handler  stm32f10x_it.o
    0x08000e2a   0x08000e2a   0x00000002   PAD
    0x08000e2c   0x08000e2c   0x00000020   Code   RO         6674    i.__0printf         mc_w.l(printfa.o)
    0x08000e4c   0x08000e4c   0x0000000e   Code   RO         6786    i.__scatterload_copy  mc_w.l(handlers.o)
    0x08000e5a   0x08000e5a   0x00000002   Code   RO         6787    i.__scatterload_null  mc_w.l(handlers.o)
    0x08000e5c   0x08000e5c   0x0000000e   Code   RO         6788    i.__scatterload_zeroinit  mc_w.l(handlers.o)
    0x08000e6a   0x08000e6a   0x00000002   PAD
    0x08000e6c   0x08000e6c   0x00000184   Code   RO         6681    i._fp_digits        mc_w.l(printfa.o)
    0x08000ff0   0x08000ff0   0x000006dc   Code   RO         6682    i._printf_core      mc_w.l(printfa.o)
    0x080016cc   0x080016cc   0x00000024   Code   RO         6683    i._printf_post_padding  mc_w.l(printfa.o)
    0x080016f0   0x080016f0   0x0000002e   Code   RO         6684    i._printf_pre_padding  mc_w.l(printfa.o)
    0x0800171e   0x0800171e   0x00000062   Code   RO         3768    i.add_sub_mpi       bignum.o
    0x08001780   0x08001780   0x00000024   Code   RO         5410    i.asn1_get_nonzero_mpi  pkparse.o
    0x080017a4   0x080017a4   0x0000007e   Code   RO         3500    i.asn1_get_tagged_int  asn1parse.o
    0x08001822   0x08001822   0x00000168   Code   RO         4452    i.block_cipher_df   ctr_drbg.o
    0x0800198a   0x0800198a   0x0000008c   Code   RO         4453    i.ctr_drbg_update_internal  ctr_drbg.o
    0x08001a16   0x08001a16   0x00000002   PAD
    0x08001a18   0x08001a18   0x00000050   Code   RO         3276    i.dump_buf          app_rsa.o
    0x08001a68   0x08001a68   0x00000154   Code   RO         3277    i.dump_rsa_key      app_rsa.o
    0x08001bbc   0x08001bbc   0x00000086   Code   RO         4613    i.entropy_gather_internal  entropy.o
    0x08001c42   0x08001c42   0x00000014   Code   RO         3278    i.entropy_source    app_rsa.o
    0x08001c56   0x08001c56   0x0000006c   Code   RO         4614    i.entropy_update    entropy.o
    0x08001cc2   0x08001cc2   0x0000000e   Code   RO         3210    i.fputc             bsp_usart.o
    0x08001cd0   0x08001cd0   0x00000050   Code   RO         6702    i.free              mc_w.l(malloc.o)
    0x08001d20   0x08001d20   0x0000000e   Code   RO         4454    i.good_nonce_len    ctr_drbg.o
    0x08001d2e   0x08001d2e   0x0000000a   Code   RO         3101    i.main              main.o
    0x08001d38   0x08001d38   0x0000006c   Code   RO         6703    i.malloc            mc_w.l(malloc.o)
    0x08001da4   0x08001da4   0x00000018   Code   RO         3399    i.mbedtls_aes_crypt_ecb  aes.o
    0x08001dbc   0x08001dbc   0x0000000e   Code   RO         3402    i.mbedtls_aes_free  aes.o
    0x08001dca   0x08001dca   0x00000008   Code   RO         3403    i.mbedtls_aes_init  aes.o
    0x08001dd2   0x08001dd2   0x00000004   Code   RO         3404    i.mbedtls_aes_rk_offset  aes.o
    0x08001dd6   0x08001dd6   0x00000002   PAD
    0x08001dd8   0x08001dd8   0x000001b4   Code   RO         3406    i.mbedtls_aes_setkey_enc  aes.o
    0x08001f8c   0x08001f8c   0x00000090   Code   RO         3504    i.mbedtls_asn1_get_alg  asn1parse.o
    0x0800201c   0x0800201c   0x00000036   Code   RO         3507    i.mbedtls_asn1_get_bitstring_null  asn1parse.o
    0x08002052   0x08002052   0x00000008   Code   RO         3510    i.mbedtls_asn1_get_int  asn1parse.o
    0x0800205a   0x0800205a   0x000000c0   Code   RO         3511    i.mbedtls_asn1_get_len  asn1parse.o
    0x0800211a   0x0800211a   0x00000028   Code   RO         3512    i.mbedtls_asn1_get_mpi  asn1parse.o
    0x08002142   0x08002142   0x00000028   Code   RO         3514    i.mbedtls_asn1_get_tag  asn1parse.o
    0x0800216a   0x0800216a   0x0000013c   Code   RO         3747    i.mbedtls_base64_decode  base64.o
    0x080022a6   0x080022a6   0x00000110   Code   RO         3748    i.mbedtls_base64_encode  base64.o
    0x080023b6   0x080023b6   0x00000016   Code   RO         3769    i.mbedtls_clz       bignum.o
    0x080023cc   0x080023cc   0x00000066   Code   RO         4350    i.mbedtls_ct_base64_dec_value  constant_time.o
    0x08002432   0x08002432   0x0000005e   Code   RO         4351    i.mbedtls_ct_base64_enc_char  constant_time.o
    0x08002490   0x08002490   0x00000054   Code   RO         4352    i.mbedtls_ct_mem_move_to_left  constant_time.o
    0x080024e4   0x080024e4   0x00000022   Code   RO         4353    i.mbedtls_ct_memcmp  constant_time.o
    0x08002506   0x08002506   0x00000022   Code   RO         4354    i.mbedtls_ct_mpi_uint_cond_assign  constant_time.o
    0x08002528   0x08002528   0x00000008   Code   RO         4356    i.mbedtls_ct_mpi_uint_mask  constant_time.o
    0x08002530   0x08002530   0x00000136   Code   RO         4357    i.mbedtls_ct_rsaes_pkcs1_v15_unpadding  constant_time.o
    0x08002666   0x08002666   0x0000000e   Code   RO         4358    i.mbedtls_ct_size_bool_eq  constant_time.o
    0x08002674   0x08002674   0x00000006   Code   RO         4359    i.mbedtls_ct_size_gt  constant_time.o
    0x0800267a   0x0800267a   0x00000010   Code   RO         4360    i.mbedtls_ct_uchar_mask_of_range  constant_time.o
    0x0800268a   0x0800268a   0x00000014   Code   RO         4361    i.mbedtls_ct_uint_if  constant_time.o
    0x0800269e   0x0800269e   0x00000008   Code   RO         4362    i.mbedtls_ct_uint_mask  constant_time.o
    0x080026a6   0x080026a6   0x00000028   Code   RO         4455    i.mbedtls_ctr_drbg_free  ctr_drbg.o
    0x080026ce   0x080026ce   0x0000001c   Code   RO         4456    i.mbedtls_ctr_drbg_init  ctr_drbg.o
    0x080026ea   0x080026ea   0x0000000c   Code   RO         4457    i.mbedtls_ctr_drbg_random  ctr_drbg.o
    0x080026f6   0x080026f6   0x000000da   Code   RO         4458    i.mbedtls_ctr_drbg_random_with_add  ctr_drbg.o
    0x080027d0   0x080027d0   0x00000006   Code   RO         4459    i.mbedtls_ctr_drbg_reseed  ctr_drbg.o
    0x080027d6   0x080027d6   0x000000ba   Code   RO         4460    i.mbedtls_ctr_drbg_reseed_internal  ctr_drbg.o
    0x08002890   0x08002890   0x00000066   Code   RO         4461    i.mbedtls_ctr_drbg_seed  ctr_drbg.o
    0x080028f6   0x080028f6   0x0000002e   Code   RO         4615    i.mbedtls_entropy_add_source  entropy.o
    0x08002924   0x08002924   0x00000028   Code   RO         4616    i.mbedtls_entropy_free  entropy.o
    0x0800294c   0x0800294c   0x000000f8   Code   RO         4617    i.mbedtls_entropy_func  entropy.o
    0x08002a44   0x08002a44   0x00000020   Code   RO         4619    i.mbedtls_entropy_init  entropy.o
    0x08002a64   0x08002a64   0x0000004a   Code   RO         3770    i.mbedtls_int_div_int  bignum.o
    0x08002aae   0x08002aae   0x00000002   PAD
    0x08002ab0   0x08002ab0   0x000004b4   Code   RO         3407    i.mbedtls_internal_aes_decrypt  aes.o
    0x08002f64   0x08002f64   0x000004b4   Code   RO         3408    i.mbedtls_internal_aes_encrypt  aes.o
    0x08003418   0x08003418   0x00000c04   Code   RO         4891    i.mbedtls_internal_md5_process  md5.o
    0x0800401c   0x0800401c   0x000013dc   Code   RO         6074    i.mbedtls_internal_sha1_process  sha1.o
    0x080053f8   0x080053f8   0x000009f0   Code   RO         6158    i.mbedtls_internal_sha256_process  sha256.o
    0x08005de8   0x08005de8   0x00000054   Code   RO         4719    i.mbedtls_md        md.o
    0x08005e3c   0x08005e3c   0x000000e2   Code   RO         4895    i.mbedtls_md5_finish_ret  md5.o
    0x08005f1e   0x08005f1e   0x0000000c   Code   RO         4896    i.mbedtls_md5_free  md5.o
    0x08005f2a   0x08005f2a   0x00000006   Code   RO         4897    i.mbedtls_md5_init  md5.o
    0x08005f30   0x08005f30   0x0000003e   Code   RO         4899    i.mbedtls_md5_ret   md5.o
    0x08005f6e   0x08005f6e   0x00000002   PAD
    0x08005f70   0x08005f70   0x00000028   Code   RO         4901    i.mbedtls_md5_starts_ret  md5.o
    0x08005f98   0x08005f98   0x0000007c   Code   RO         4903    i.mbedtls_md5_update_ret  md5.o
    0x08006014   0x08006014   0x0000003c   Code   RO         4722    i.mbedtls_md_finish  md.o
    0x08006050   0x08006050   0x00000064   Code   RO         4723    i.mbedtls_md_free   md.o
    0x080060b4   0x080060b4   0x0000000c   Code   RO         4725    i.mbedtls_md_get_size  md.o
    0x080060c0   0x080060c0   0x00000030   Code   RO         4733    i.mbedtls_md_info_from_type  md.o
    0x080060f0   0x080060f0   0x0000000a   Code   RO         4734    i.mbedtls_md_init   md.o
    0x080060fa   0x080060fa   0x00000002   PAD
    0x080060fc   0x080060fc   0x0000009c   Code   RO         4738    i.mbedtls_md_setup  md.o
    0x08006198   0x08006198   0x00000044   Code   RO         4739    i.mbedtls_md_starts  md.o
    0x080061dc   0x080061dc   0x00000044   Code   RO         4740    i.mbedtls_md_update  md.o
    0x08006220   0x08006220   0x000000be   Code   RO         3771    i.mbedtls_mpi_add_abs  bignum.o
    0x080062de   0x080062de   0x00000034   Code   RO         3772    i.mbedtls_mpi_add_int  bignum.o
    0x08006312   0x08006312   0x00000006   Code   RO         3773    i.mbedtls_mpi_add_mpi  bignum.o
    0x08006318   0x08006318   0x00000034   Code   RO         3774    i.mbedtls_mpi_bitlen  bignum.o
    0x0800634c   0x0800634c   0x00000078   Code   RO         3775    i.mbedtls_mpi_cmp_abs  bignum.o
    0x080063c4   0x080063c4   0x00000030   Code   RO         3776    i.mbedtls_mpi_cmp_int  bignum.o
    0x080063f4   0x080063f4   0x00000096   Code   RO         3777    i.mbedtls_mpi_cmp_mpi  bignum.o
    0x0800648a   0x0800648a   0x00000078   Code   RO         3778    i.mbedtls_mpi_copy  bignum.o
    0x08006502   0x08006502   0x0000003c   Code   RO         3779    i.mbedtls_mpi_div_int  bignum.o
    0x0800653e   0x0800653e   0x0000030e   Code   RO         3780    i.mbedtls_mpi_div_mpi  bignum.o
    0x0800684c   0x0800684c   0x000003f2   Code   RO         3781    i.mbedtls_mpi_exp_mod  bignum.o
    0x08006c3e   0x08006c3e   0x00000038   Code   RO         3782    i.mbedtls_mpi_fill_random  bignum.o
    0x08006c76   0x08006c76   0x00000024   Code   RO         3783    i.mbedtls_mpi_free  bignum.o
    0x08006c9a   0x08006c9a   0x000000fe   Code   RO         3784    i.mbedtls_mpi_gcd   bignum.o
    0x08006d98   0x08006d98   0x000001f4   Code   RO         3785    i.mbedtls_mpi_gen_prime  bignum.o
    0x08006f8c   0x08006f8c   0x00000020   Code   RO         3786    i.mbedtls_mpi_get_bit  bignum.o
    0x08006fac   0x08006fac   0x0000003c   Code   RO         3787    i.mbedtls_mpi_get_mont_r2_unsafe  bignum.o
    0x08006fe8   0x08006fe8   0x00000054   Code   RO         3788    i.mbedtls_mpi_grow  bignum.o
    0x0800703c   0x0800703c   0x0000000c   Code   RO         3789    i.mbedtls_mpi_init  bignum.o
    0x08007048   0x08007048   0x00000274   Code   RO         3790    i.mbedtls_mpi_inv_mod  bignum.o
    0x080072bc   0x080072bc   0x0000005a   Code   RO         3792    i.mbedtls_mpi_is_prime_ext  bignum.o
    0x08007316   0x08007316   0x0000002e   Code   RO         3793    i.mbedtls_mpi_lsb   bignum.o
    0x08007344   0x08007344   0x00000036   Code   RO         3794    i.mbedtls_mpi_lset  bignum.o
    0x0800737a   0x0800737a   0x00000074   Code   RO         3795    i.mbedtls_mpi_mod_int  bignum.o
    0x080073ee   0x080073ee   0x00000066   Code   RO         3796    i.mbedtls_mpi_mod_mpi  bignum.o
    0x08007454   0x08007454   0x000000b2   Code   RO         3797    i.mbedtls_mpi_montmul  bignum.o
    0x08007506   0x08007506   0x00000024   Code   RO         3798    i.mbedtls_mpi_montmul_init  bignum.o
    0x0800752a   0x0800752a   0x0000005e   Code   RO         3799    i.mbedtls_mpi_mul_int  bignum.o
    0x08007588   0x08007588   0x000000e6   Code   RO         3800    i.mbedtls_mpi_mul_mpi  bignum.o
    0x0800766e   0x0800766e   0x00000042   Code   RO         3802    i.mbedtls_mpi_read_binary  bignum.o
    0x080076b0   0x080076b0   0x0000003c   Code   RO         3806    i.mbedtls_mpi_resize_clear  bignum.o
    0x080076ec   0x080076ec   0x00000054   Code   RO         4364    i.mbedtls_mpi_safe_cond_assign  constant_time.o
    0x08007740   0x08007740   0x00000098   Code   RO         3808    i.mbedtls_mpi_shift_l  bignum.o
    0x080077d8   0x080077d8   0x0000007e   Code   RO         3809    i.mbedtls_mpi_shift_r  bignum.o
    0x08007856   0x08007856   0x00000074   Code   RO         3810    i.mbedtls_mpi_shrink  bignum.o
    0x080078ca   0x080078ca   0x0000000c   Code   RO         3811    i.mbedtls_mpi_size  bignum.o
    0x080078d6   0x080078d6   0x000000bc   Code   RO         3812    i.mbedtls_mpi_sub_abs  bignum.o
    0x08007992   0x08007992   0x00000034   Code   RO         3813    i.mbedtls_mpi_sub_int  bignum.o
    0x080079c6   0x080079c6   0x00000008   Code   RO         3814    i.mbedtls_mpi_sub_mpi  bignum.o
    0x080079ce   0x080079ce   0x00000018   Code   RO         3815    i.mbedtls_mpi_swap  bignum.o
    0x080079e6   0x080079e6   0x0000006a   Code   RO         3816    i.mbedtls_mpi_write_binary  bignum.o
    0x08007a50   0x08007a50   0x00000124   Code   RO         3819    i.mbedtls_mpi_write_string  bignum.o
    0x08007b74   0x08007b74   0x00000006   Code   RO         3820    i.mbedtls_mpi_zeroize  bignum.o
    0x08007b7a   0x08007b7a   0x00000002   PAD
    0x08007b7c   0x08007b7c   0x0000002c   Code   RO         5012    i.mbedtls_oid_get_oid_by_md  oid.o
    0x08007ba8   0x08007ba8   0x00000018   Code   RO         5015    i.mbedtls_oid_get_pk_alg  oid.o
    0x08007bc0   0x08007bc0   0x00000028   Code   RO         5156    i.mbedtls_pem_free  pem.o
    0x08007be8   0x08007be8   0x0000000a   Code   RO         5157    i.mbedtls_pem_init  pem.o
    0x08007bf2   0x08007bf2   0x00000002   PAD
    0x08007bf4   0x08007bf4   0x0000012c   Code   RO         5158    i.mbedtls_pem_read_buffer  pem.o
    0x08007d20   0x08007d20   0x00000022   Code   RO         5200    i.mbedtls_pk_free   pk.o
    0x08007d42   0x08007d42   0x00000010   Code   RO         5204    i.mbedtls_pk_get_type  pk.o
    0x08007d52   0x08007d52   0x00000002   PAD
    0x08007d54   0x08007d54   0x00000010   Code   RO         5205    i.mbedtls_pk_info_from_type  pk.o
    0x08007d64   0x08007d64   0x00000008   Code   RO         5206    i.mbedtls_pk_init   pk.o
    0x08007d6c   0x08007d6c   0x000001b8   Code   RO         5412    i.mbedtls_pk_parse_key  pkparse.o
    0x08007f24   0x08007f24   0x000001dc   Code   RO         5414    i.mbedtls_pk_parse_public_key  pkparse.o
    0x08008100   0x08008100   0x000000b8   Code   RO         5416    i.mbedtls_pk_parse_subpubkey  pkparse.o
    0x080081b8   0x080081b8   0x00000014   Code   RO         5417    i.mbedtls_pk_rsa    pkparse.o
    0x080081cc   0x080081cc   0x0000002c   Code   RO         5207    i.mbedtls_pk_setup  pk.o
    0x080081f8   0x080081f8   0x00000014   Code   RO         5549    i.mbedtls_platform_zeroize  platform_util.o
    0x0800820c   0x0800820c   0x00000074   Code   RO         5813    i.mbedtls_rsa_check_privkey  rsa.o
    0x08008280   0x08008280   0x00000044   Code   RO         5814    i.mbedtls_rsa_check_pub_priv  rsa.o
    0x080082c4   0x080082c4   0x00000058   Code   RO         5815    i.mbedtls_rsa_check_pubkey  rsa.o
    0x0800831c   0x0800831c   0x000001c4   Code   RO         5816    i.mbedtls_rsa_complete  rsa.o
    0x080084e0   0x080084e0   0x0000007c   Code   RO         6038    i.mbedtls_rsa_deduce_crt  rsa_internal.o
    0x0800855c   0x0800855c   0x000001f4   Code   RO         6039    i.mbedtls_rsa_deduce_primes  rsa_internal.o
    0x08008750   0x08008750   0x000000c0   Code   RO         6040    i.mbedtls_rsa_deduce_private_exponent  rsa_internal.o
    0x08008810   0x08008810   0x000000c0   Code   RO         5818    i.mbedtls_rsa_export  rsa.o
    0x080088d0   0x080088d0   0x00000076   Code   RO         5821    i.mbedtls_rsa_free  rsa.o
    0x08008946   0x08008946   0x00000002   PAD
    0x08008948   0x08008948   0x000001cc   Code   RO         5822    i.mbedtls_rsa_gen_key  rsa.o
    0x08008b14   0x08008b14   0x00000004   Code   RO         5823    i.mbedtls_rsa_get_len  rsa.o
    0x08008b18   0x08008b18   0x0000007c   Code   RO         5824    i.mbedtls_rsa_import  rsa.o
    0x08008b94   0x08008b94   0x0000008e   Code   RO         5825    i.mbedtls_rsa_import_raw  rsa.o
    0x08008c22   0x08008c22   0x0000001e   Code   RO         5826    i.mbedtls_rsa_init  rsa.o
    0x08008c40   0x08008c40   0x0000003c   Code   RO         5827    i.mbedtls_rsa_pkcs1_decrypt  rsa.o
    0x08008c7c   0x08008c7c   0x0000003c   Code   RO         5828    i.mbedtls_rsa_pkcs1_encrypt  rsa.o
    0x08008cb8   0x08008cb8   0x00000038   Code   RO         5829    i.mbedtls_rsa_pkcs1_sign  rsa.o
    0x08008cf0   0x08008cf0   0x00000038   Code   RO         5830    i.mbedtls_rsa_pkcs1_verify  rsa.o
    0x08008d28   0x08008d28   0x00000268   Code   RO         5831    i.mbedtls_rsa_private  rsa.o
    0x08008f90   0x08008f90   0x00000088   Code   RO         5832    i.mbedtls_rsa_public  rsa.o
    0x08009018   0x08009018   0x000001a8   Code   RO         5833    i.mbedtls_rsa_rsaes_oaep_decrypt  rsa.o
    0x080091c0   0x080091c0   0x0000012c   Code   RO         5834    i.mbedtls_rsa_rsaes_oaep_encrypt  rsa.o
    0x080092ec   0x080092ec   0x00000088   Code   RO         5835    i.mbedtls_rsa_rsaes_pkcs1_v15_decrypt  rsa.o
    0x08009374   0x08009374   0x000000dc   Code   RO         5836    i.mbedtls_rsa_rsaes_pkcs1_v15_encrypt  rsa.o
    0x08009450   0x08009450   0x000000dc   Code   RO         5837    i.mbedtls_rsa_rsassa_pkcs1_v15_sign  rsa.o
    0x0800952c   0x0800952c   0x000000c4   Code   RO         5838    i.mbedtls_rsa_rsassa_pkcs1_v15_verify  rsa.o
    0x080095f0   0x080095f0   0x00000022   Code   RO         5839    i.mbedtls_rsa_rsassa_pss_sign  rsa.o
    0x08009612   0x08009612   0x00000034   Code   RO         5841    i.mbedtls_rsa_rsassa_pss_verify  rsa.o
    0x08009646   0x08009646   0x00000002   PAD
    0x08009648   0x08009648   0x000001e4   Code   RO         5842    i.mbedtls_rsa_rsassa_pss_verify_ext  rsa.o
    0x0800982c   0x0800982c   0x00000008   Code   RO         5843    i.mbedtls_rsa_set_padding  rsa.o
    0x08009834   0x08009834   0x000002c4   Code   RO         3279    i.mbedtls_rsa_sign_test  app_rsa.o
    0x08009af8   0x08009af8   0x00000128   Code   RO         6041    i.mbedtls_rsa_validate_crt  rsa_internal.o
    0x08009c20   0x08009c20   0x000001ac   Code   RO         6042    i.mbedtls_rsa_validate_params  rsa_internal.o
    0x08009dcc   0x08009dcc   0x00000004   Code   RO         6075    i.mbedtls_sha1      sha1.o
    0x08009dd0   0x08009dd0   0x000000f8   Code   RO         6078    i.mbedtls_sha1_finish_ret  sha1.o
    0x08009ec8   0x08009ec8   0x0000000c   Code   RO         6079    i.mbedtls_sha1_free  sha1.o
    0x08009ed4   0x08009ed4   0x00000006   Code   RO         6080    i.mbedtls_sha1_init  sha1.o
    0x08009eda   0x08009eda   0x0000003e   Code   RO         6082    i.mbedtls_sha1_ret  sha1.o
    0x08009f18   0x08009f18   0x00000030   Code   RO         6084    i.mbedtls_sha1_starts_ret  sha1.o
    0x08009f48   0x08009f48   0x0000007c   Code   RO         6086    i.mbedtls_sha1_update_ret  sha1.o
    0x08009fc4   0x08009fc4   0x00000148   Code   RO         6162    i.mbedtls_sha256_finish_ret  sha256.o
    0x0800a10c   0x0800a10c   0x0000000c   Code   RO         6163    i.mbedtls_sha256_free  sha256.o
    0x0800a118   0x0800a118   0x00000006   Code   RO         6164    i.mbedtls_sha256_init  sha256.o
    0x0800a11e   0x0800a11e   0x00000042   Code   RO         6166    i.mbedtls_sha256_ret  sha256.o
    0x0800a160   0x0800a160   0x00000094   Code   RO         6168    i.mbedtls_sha256_starts_ret  sha256.o
    0x0800a1f4   0x0800a1f4   0x0000007c   Code   RO         6170    i.mbedtls_sha256_update_ret  sha256.o
    0x0800a270   0x0800a270   0x000000a4   Code   RO         5844    i.mgf_mask          rsa.o
    0x0800a314   0x0800a314   0x0000002a   Code   RO         3821    i.mpi_bigendian_to_host  bignum.o
    0x0800a33e   0x0800a33e   0x00000002   PAD
    0x0800a340   0x0800a340   0x00000054   Code   RO         3822    i.mpi_check_small_factors  bignum.o
    0x0800a394   0x0800a394   0x0000005a   Code   RO         3823    i.mpi_fill_random_internal  bignum.o
    0x0800a3ee   0x0800a3ee   0x00000176   Code   RO         3825    i.mpi_miller_rabin  bignum.o
    0x0800a564   0x0800a564   0x00000022   Code   RO         3826    i.mpi_montred       bignum.o
    0x0800a586   0x0800a586   0x000003f2   Code   RO         3827    i.mpi_mul_hlp       bignum.o
    0x0800a978   0x0800a978   0x0000003a   Code   RO         3828    i.mpi_select        bignum.o
    0x0800a9b2   0x0800a9b2   0x00000008   Code   RO         3829    i.mpi_sint_abs      bignum.o
    0x0800a9ba   0x0800a9ba   0x00000038   Code   RO         3830    i.mpi_sub_hlp       bignum.o
    0x0800a9f2   0x0800a9f2   0x00000004   Code   RO         3831    i.mpi_uint_bigendian_to_host  bignum.o
    0x0800a9f6   0x0800a9f6   0x0000001c   Code   RO         3832    i.mpi_uint_bigendian_to_host_c  bignum.o
    0x0800aa12   0x0800aa12   0x00000074   Code   RO         3833    i.mpi_write_hlp     bignum.o
    0x0800aa86   0x0800aa86   0x00000002   PAD
    0x0800aa88   0x0800aa88   0x00000038   Code   RO         5024    i.oid_pk_alg_from_asn1  oid.o
    0x0800aac0   0x0800aac0   0x00000050   Code   RO         5418    i.pk_get_pk_alg     pkparse.o
    0x0800ab10   0x0800ab10   0x000000e0   Code   RO         5419    i.pk_get_rsapubkey  pkparse.o
    0x0800abf0   0x0800abf0   0x000001a8   Code   RO         5420    i.pk_parse_key_pkcs1_der  pkparse.o
    0x0800ad98   0x0800ad98   0x000000c4   Code   RO         5421    i.pk_parse_key_pkcs8_unencrypted_der  pkparse.o
    0x0800ae5c   0x0800ae5c   0x0000001c   Code   RO         5320    i.rsa_alloc_wrap    pk_wrap.o
    0x0800ae78   0x0800ae78   0x00000010   Code   RO         5321    i.rsa_can_do        pk_wrap.o
    0x0800ae88   0x0800ae88   0x000000cc   Code   RO         5845    i.rsa_check_context  rsa.o
    0x0800af54   0x0800af54   0x00000004   Code   RO         5322    i.rsa_check_pair_wrap  pk_wrap.o
    0x0800af58   0x0800af58   0x0000002c   Code   RO         5323    i.rsa_debug         pk_wrap.o
    0x0800af84   0x0800af84   0x00000638   Code   RO         3280    i.rsa_decrypt       app_rsa.o
    0x0800b5bc   0x0800b5bc   0x00000040   Code   RO         5324    i.rsa_decrypt_wrap  pk_wrap.o
    0x0800b5fc   0x0800b5fc   0x0000026c   Code   RO         3281    i.rsa_encrypt       app_rsa.o
    0x0800b868   0x0800b868   0x00000040   Code   RO         5325    i.rsa_encrypt_wrap  pk_wrap.o
    0x0800b8a8   0x0800b8a8   0x00000014   Code   RO         5326    i.rsa_free_wrap     pk_wrap.o
    0x0800b8bc   0x0800b8bc   0x0000003e   Code   RO         5327    i.rsa_get_bitlen    pk_wrap.o
    0x0800b8fa   0x0800b8fa   0x00000002   PAD
    0x0800b8fc   0x0800b8fc   0x00000104   Code   RO         5846    i.rsa_prepare_blinding  rsa.o
    0x0800ba00   0x0800ba00   0x00000130   Code   RO         5847    i.rsa_rsassa_pkcs1_v15_encode  rsa.o
    0x0800bb30   0x0800bb30   0x000001b4   Code   RO         5848    i.rsa_rsassa_pss_sign  rsa.o
    0x0800bce4   0x0800bce4   0x00000038   Code   RO         5328    i.rsa_sign_wrap     pk_wrap.o
    0x0800bd1c   0x0800bd1c   0x0000008a   Code   RO         5849    i.rsa_unblind       rsa.o
    0x0800bda6   0x0800bda6   0x00000002   PAD
    0x0800bda8   0x0800bda8   0x00000050   Code   RO         5329    i.rsa_verify_wrap   pk_wrap.o
    0x0800bdf8   0x0800bdf8   0x0000003f   Data   RO         3284    .constdata          app_rsa.o
    0x0800be37   0x0800be37   0x00000001   PAD
    0x0800be38   0x0800be38   0x00002228   Data   RO         3409    .constdata          aes.o
    0x0800e060   0x0800e060   0x000002a0   Data   RO         3834    .constdata          bignum.o
    0x0800e300   0x0800e300   0x00000034   Data   RO         4741    .constdata          md.o
    0x0800e334   0x0800e334   0x00000488   Data   RO         5028    .constdata          oid.o
    0x0800e7bc   0x0800e7bc   0x00000030   Data   RO         5330    .constdata          pk_wrap.o
    0x0800e7ec   0x0800e7ec   0x00000100   Data   RO         6171    .constdata          sha256.o
    0x0800e8ec   0x0800e8ec   0x0000051d   Data   RO         3285    .conststring        app_rsa.o
    0x0800ee09   0x0800ee09   0x00000003   PAD
    0x0800ee0c   0x0800ee0c   0x00000004   Data   RO         4742    .conststring        md.o
    0x0800ee10   0x0800ee10   0x000008db   Data   RO         5029    .conststring        oid.o
    0x0800f6eb   0x0800f6eb   0x00000001   PAD
    0x0800f6ec   0x0800f6ec   0x00000005   Data   RO         5030    .conststrlit        oid.o
    0x0800f6f1   0x0800f6f1   0x00000003   PAD
    0x0800f6f4   0x0800f6f4   0x00000020   Data   RO         6784    Region$$Table       anon$$obj.o


    Execution Region RW_IRAM1 (Exec base: 0x20000000, Load base: 0x0800f714, Size: 0x000083a8, Max: 0x00020000, ABSOLUTE)

    Exec Addr    Load Addr    Size         Type   Attr      Idx    E Section Name        Object

    0x20000000   0x0800f714   0x00000014   Data   RW         1728    .data               stm32f10x_rcc.o
    0x20000014   0x0800f728   0x00000003   Data   RW         3212    .data               bsp_usart.o
    0x20000017   0x0800f72b   0x00000001   PAD
    0x20000018   0x0800f72c   0x00000010   Data   RW         3287    .data               app_rsa.o
    0x20000028   0x0800f73c   0x00000004   Data   RW         5550    .data               platform_util.o
    0x2000002c   0x0800f740   0x00000004   Data   RW         6415    .data               mc_w.l(stdout.o)
    0x20000030   0x0800f744   0x00000004   Data   RW         6419    .data               mc_w.l(rand.o)
    0x20000034   0x0800f748   0x00000004   Data   RW         6763    .data               mc_w.l(mvars.o)
    0x20000038   0x0800f74c   0x00000004   Data   RW         6764    .data               mc_w.l(mvars.o)
    0x2000003c        -       0x00000064   Zero   RW         3211    .bss                bsp_usart.o
    0x200000a0        -       0x00002304   Zero   RW         3283    .bss                app_rsa.o
    0x200023a4   0x0800f750   0x00000004   PAD
    0x200023a8        -       0x00003000   Zero   RW            2    HEAP                startup_stm32f10x_hd.o
    0x200053a8        -       0x00003000   Zero   RW            1    STACK               startup_stm32f10x_hd.o


==============================================================================

Image component sizes


      Code (inc. data)   RO Data    RW Data    ZI Data      Debug   Object Name

      2894         22       8744          0          0      18933   aes.o
      3520       1746       1372         16       8964      20119   app_rsa.o
       604          0          0          0          0       9001   asn1parse.o
       588          0          0          0          0       3424   base64.o
      8504         34        672          0          0      51434   bignum.o
       354         28          0          3        100       4924   bsp_usart.o
       814          0          0          0          0      10760   constant_time.o
      1106          0          0          0          0      10751   ctr_drbg.o
       608          0          0          0          0       5706   entropy.o
        46          0          0          0          0       2031   main.o
       606         30         56          0          0       9955   md.o
      3546        262          0          0          0       6398   md5.o
       120         14          0          0          0       1623   misc.o
       124         10       3432          0          0      22581   oid.o
       350         36          0          0          0       4880   pem.o
       118         12          0          0          0       6724   pk.o
       438         36         48          0          0      10999   pk_wrap.o
      2080        304          0          0          0      13678   pkparse.o
        20          4          0          4          0       1363   platform_util.o
      6358        134          0          0          0      38879   rsa.o
      1540         74          0          0          0       5956   rsa_internal.o
      5588         30          0          0          0       7872   sha1.o
      3228         70        256          0          0       7303   sha256.o
        36          8        304          0      24576        868   startup_stm32f10x_hd.o
       166          0          0          0          0       2052   stm32f10x_gpio.o
        16          0          0          0          0       3498   stm32f10x_it.o
       200         24          0         20          0       4073   stm32f10x_rcc.o
       376          6          0          0          0       7219   stm32f10x_usart.o
       260         26          0          0          0     234573   system_stm32f10x.o

    ----------------------------------------------------------------------
     44244       2910      14924         44      33644     527577   Object Totals
         0          0         32          0          0          0   (incl. Generated)
        36          0          8          1          4          0   (incl. Padding)

    ----------------------------------------------------------------------

      Code (inc. data)   RO Data    RW Data    ZI Data      Debug   Library Member Name

        28          0          0          0          0         76   calloc.o
         0          0          0          0          0          0   entry.o
         0          0          0          0          0          0   entry10a.o
         0          0          0          0          0          0   entry11a.o
         8          4          0          0          0          0   entry2.o
         4          0          0          0          0          0   entry5.o
         0          0          0          0          0          0   entry7b.o
         0          0          0          0          0          0   entry8b.o
         8          4          0          0          0          0   entry9a.o
        30          0          0          0          0          0   handlers.o
        36          8          0          0          0         68   init.o
         0          0          0          0          0          0   iusefp.o
        30          0          0          0          0         68   llshl.o
        36          0          0          0          0         68   llsshr.o
        32          0          0          0          0         68   llushr.o
       188         20          0          0          0        160   malloc.o
        26          0          0          0          0         80   memcmp.o
        64          0          0          0          0         76   memmovea.o
        36          0          0          0          0        108   memseta.o
         0          0          0          8          0          0   mvars.o
      2258         90          0          0          0        452   printfa.o
        36         10          0          4          0        136   rand.o
         0          0          0          4          0          0   stdout.o
        14          0          0          0          0         68   strlen.o
        36          0          0          0          0         80   strstr.o
        44          0          0          0          0         80   uidiv.o
        98          0          0          0          0         92   uldiv.o
        48          0          0          0          0         68   cdrcmple.o
       334          0          0          0          0        148   dadd.o
       222          0          0          0          0        100   ddiv.o
       186          0          0          0          0        176   depilogue.o
        48          0          0          0          0         68   dfixul.o
       228          0          0          0          0         96   dmul.o

    ----------------------------------------------------------------------
      4084        136          0         16          0       2336   Library Totals
         6          0          0          0          0          0   (incl. Padding)

    ----------------------------------------------------------------------

      Code (inc. data)   RO Data    RW Data    ZI Data      Debug   Library Name

      3012        136          0         16          0       1680   mc_w.l
      1066          0          0          0          0        656   mf_w.l

    ----------------------------------------------------------------------
      4084        136          0         16          0       2336   Library Totals

    ----------------------------------------------------------------------

==============================================================================


      Code (inc. data)   RO Data    RW Data    ZI Data      Debug   

     48328       3046      14924         60      33644     516597   Grand Totals
     48328       3046      14924         60      33644     516597   ELF Image Totals
     48328       3046      14924         60          0          0   ROM Totals

==============================================================================

    Total RO  Size (Code + RO Data)                63252 (  61.77kB)
    Total RW  Size (RW Data + ZI Data)             33704 (  32.91kB)
    Total ROM Size (Code + RO Data + RW Data)      63312 (  61.83kB)

==============================================================================

