Component: ARM Compiler 5.06 update 6 (build 750) Tool: armlink [4d35ed]

==============================================================================

Section Cross References

    startup_stm32f10x_hd.o(RESET) refers to startup_stm32f10x_hd.o(STACK) for __initial_sp
    startup_stm32f10x_hd.o(RESET) refers to startup_stm32f10x_hd.o(.text) for Reset_Handler
    startup_stm32f10x_hd.o(RESET) refers to stm32f10x_it.o(i.NMI_Handler) for NMI_Handler
    startup_stm32f10x_hd.o(RESET) refers to stm32f10x_it.o(i.MemManage_Handler) for MemManage_Handler
    startup_stm32f10x_hd.o(RESET) refers to stm32f10x_it.o(i.BusFault_Handler) for BusFault_Handler
    startup_stm32f10x_hd.o(RESET) refers to stm32f10x_it.o(i.UsageFault_Handler) for UsageFault_Handler
    startup_stm32f10x_hd.o(RESET) refers to stm32f10x_it.o(i.SVC_Handler) for SVC_Handler
    startup_stm32f10x_hd.o(RESET) refers to stm32f10x_it.o(i.DebugMon_Handler) for DebugMon_Handler
    startup_stm32f10x_hd.o(RESET) refers to stm32f10x_it.o(i.PendSV_Handler) for PendSV_Handler
    startup_stm32f10x_hd.o(RESET) refers to stm32f10x_it.o(i.SysTick_Handler) for SysTick_Handler
    startup_stm32f10x_hd.o(RESET) refers to bsp_usart.o(i.USART1_IRQHandler) for USART1_IRQHandler
    startup_stm32f10x_hd.o(.text) refers to system_stm32f10x.o(i.SystemInit) for SystemInit
    startup_stm32f10x_hd.o(.text) refers to entry.o(.ARM.Collect$$$$00000000) for __main
    system_stm32f10x.o(i.SetSysClock) refers to system_stm32f10x.o(i.SetSysClockTo72) for SetSysClockTo72
    system_stm32f10x.o(i.SystemCoreClockUpdate) refers to system_stm32f10x.o(.data) for .data
    system_stm32f10x.o(i.SystemInit) refers to system_stm32f10x.o(i.SetSysClock) for SetSysClock
    stm32f10x_adc.o(i.ADC_DeInit) refers to stm32f10x_rcc.o(i.RCC_APB2PeriphResetCmd) for RCC_APB2PeriphResetCmd
    stm32f10x_bkp.o(i.BKP_DeInit) refers to stm32f10x_rcc.o(i.RCC_BackupResetCmd) for RCC_BackupResetCmd
    stm32f10x_can.o(i.CAN_DeInit) refers to stm32f10x_rcc.o(i.RCC_APB1PeriphResetCmd) for RCC_APB1PeriphResetCmd
    stm32f10x_can.o(i.CAN_GetITStatus) refers to stm32f10x_can.o(i.CheckITStatus) for CheckITStatus
    stm32f10x_cec.o(i.CEC_DeInit) refers to stm32f10x_rcc.o(i.RCC_APB1PeriphResetCmd) for RCC_APB1PeriphResetCmd
    stm32f10x_dac.o(i.DAC_DeInit) refers to stm32f10x_rcc.o(i.RCC_APB1PeriphResetCmd) for RCC_APB1PeriphResetCmd
    stm32f10x_flash.o(i.FLASH_EnableWriteProtection) refers to stm32f10x_flash.o(i.FLASH_WaitForLastOperation) for FLASH_WaitForLastOperation
    stm32f10x_flash.o(i.FLASH_EraseAllBank1Pages) refers to stm32f10x_flash.o(i.FLASH_WaitForLastBank1Operation) for FLASH_WaitForLastBank1Operation
    stm32f10x_flash.o(i.FLASH_EraseAllPages) refers to stm32f10x_flash.o(i.FLASH_WaitForLastOperation) for FLASH_WaitForLastOperation
    stm32f10x_flash.o(i.FLASH_EraseOptionBytes) refers to stm32f10x_flash.o(i.FLASH_GetReadOutProtectionStatus) for FLASH_GetReadOutProtectionStatus
    stm32f10x_flash.o(i.FLASH_EraseOptionBytes) refers to stm32f10x_flash.o(i.FLASH_WaitForLastOperation) for FLASH_WaitForLastOperation
    stm32f10x_flash.o(i.FLASH_ErasePage) refers to stm32f10x_flash.o(i.FLASH_WaitForLastOperation) for FLASH_WaitForLastOperation
    stm32f10x_flash.o(i.FLASH_ProgramHalfWord) refers to stm32f10x_flash.o(i.FLASH_WaitForLastOperation) for FLASH_WaitForLastOperation
    stm32f10x_flash.o(i.FLASH_ProgramOptionByteData) refers to stm32f10x_flash.o(i.FLASH_WaitForLastOperation) for FLASH_WaitForLastOperation
    stm32f10x_flash.o(i.FLASH_ProgramWord) refers to stm32f10x_flash.o(i.FLASH_WaitForLastOperation) for FLASH_WaitForLastOperation
    stm32f10x_flash.o(i.FLASH_ReadOutProtection) refers to stm32f10x_flash.o(i.FLASH_WaitForLastOperation) for FLASH_WaitForLastOperation
    stm32f10x_flash.o(i.FLASH_UserOptionByteConfig) refers to stm32f10x_flash.o(i.FLASH_WaitForLastOperation) for FLASH_WaitForLastOperation
    stm32f10x_flash.o(i.FLASH_WaitForLastBank1Operation) refers to stm32f10x_flash.o(i.FLASH_GetBank1Status) for FLASH_GetBank1Status
    stm32f10x_flash.o(i.FLASH_WaitForLastOperation) refers to stm32f10x_flash.o(i.FLASH_GetBank1Status) for FLASH_GetBank1Status
    stm32f10x_gpio.o(i.GPIO_AFIODeInit) refers to stm32f10x_rcc.o(i.RCC_APB2PeriphResetCmd) for RCC_APB2PeriphResetCmd
    stm32f10x_gpio.o(i.GPIO_DeInit) refers to stm32f10x_rcc.o(i.RCC_APB2PeriphResetCmd) for RCC_APB2PeriphResetCmd
    stm32f10x_i2c.o(i.I2C_DeInit) refers to stm32f10x_rcc.o(i.RCC_APB1PeriphResetCmd) for RCC_APB1PeriphResetCmd
    stm32f10x_i2c.o(i.I2C_Init) refers to stm32f10x_rcc.o(i.RCC_GetClocksFreq) for RCC_GetClocksFreq
    stm32f10x_pwr.o(i.PWR_DeInit) refers to stm32f10x_rcc.o(i.RCC_APB1PeriphResetCmd) for RCC_APB1PeriphResetCmd
    stm32f10x_rcc.o(i.RCC_GetClocksFreq) refers to stm32f10x_rcc.o(.data) for .data
    stm32f10x_rcc.o(i.RCC_WaitForHSEStartUp) refers to stm32f10x_rcc.o(i.RCC_GetFlagStatus) for RCC_GetFlagStatus
[...]
    i.mbedtls_rsa_rsaes_pkcs1_v15_decrypt    0x080092bc   Section        0  rsa.o(i.mbedtls_rsa_rsaes_pkcs1_v15_decrypt)
    i.mbedtls_rsa_rsaes_pkcs1_v15_encrypt    0x08009344   Section        0  rsa.o(i.mbedtls_rsa_rsaes_pkcs1_v15_encrypt)
    i.mbedtls_rsa_rsassa_pkcs1_v15_sign      0x08009420   Section        0  rsa.o(i.mbedtls_rsa_rsassa_pkcs1_v15_sign)
    i.mbedtls_rsa_rsassa_pkcs1_v15_verify    0x080094fc   Section        0  rsa.o(i.mbedtls_rsa_rsassa_pkcs1_v15_verify)
    i.mbedtls_rsa_rsassa_pss_sign            0x080095c0   Section        0  rsa.o(i.mbedtls_rsa_rsassa_pss_sign)
    i.mbedtls_rsa_rsassa_pss_verify          0x080095e2   Section        0  rsa.o(i.mbedtls_rsa_rsassa_pss_verify)
    i.mbedtls_rsa_rsassa_pss_verify_ext      0x08009618   Section        0  rsa.o(i.mbedtls_rsa_rsassa_pss_verify_ext)
    i.mbedtls_rsa_set_padding                0x080097fc   Section        0  rsa.o(i.mbedtls_rsa_set_padding)
    i.mbedtls_rsa_sign_test                  0x08009804   Section        0  app_rsa.o(i.mbedtls_rsa_sign_test)
    i.mbedtls_rsa_validate_crt               0x08009ac8   Section        0  rsa_internal.o(i.mbedtls_rsa_validate_crt)
    i.mbedtls_rsa_validate_params            0x08009bf0   Section        0  rsa_internal.o(i.mbedtls_rsa_validate_params)
    i.mbedtls_sha1                           0x08009d9c   Section        0  sha1.o(i.mbedtls_sha1)
    i.mbedtls_sha1_finish_ret                0x08009da0   Section        0  sha1.o(i.mbedtls_sha1_finish_ret)
    i.mbedtls_sha1_free                      0x08009e98   Section        0  sha1.o(i.mbedtls_sha1_free)
    i.mbedtls_sha1_init                      0x08009ea4   Section        0  sha1.o(i.mbedtls_sha1_init)
    i.mbedtls_sha1_ret                       0x08009eaa   Section        0  sha1.o(i.mbedtls_sha1_ret)
    i.mbedtls_sha1_starts_ret                0x08009ee8   Section        0  sha1.o(i.mbedtls_sha1_starts_ret)
    i.mbedtls_sha1_update_ret                0x08009f18   Section        0  sha1.o(i.mbedtls_sha1_update_ret)
    i.mbedtls_sha256_finish_ret              0x08009f94   Section        0  sha256.o(i.mbedtls_sha256_finish_ret)
    i.mbedtls_sha256_free                    0x0800a0dc   Section        0  sha256.o(i.mbedtls_sha256_free)
    i.mbedtls_sha256_init                    0x0800a0e8   Section        0  sha256.o(i.mbedtls_sha256_init)
    i.mbedtls_sha256_ret                     0x0800a0ee   Section        0  sha256.o(i.mbedtls_sha256_ret)
    i.mbedtls_sha256_starts_ret              0x0800a130   Section        0  sha256.o(i.mbedtls_sha256_starts_ret)
    i.mbedtls_sha256_update_ret              0x0800a1c4   Section        0  sha256.o(i.mbedtls_sha256_update_ret)
    i.mgf_mask                               0x0800a240   Section        0  rsa.o(i.mgf_mask)
    mgf_mask                                 0x0800a241   Thumb Code   164  rsa.o(i.mgf_mask)
    i.mpi_bigendian_to_host                  0x0800a2e4   Section        0  bignum.o(i.mpi_bigendian_to_host)
    mpi_bigendian_to_host                    0x0800a2e5   Thumb Code    42  bignum.o(i.mpi_bigendian_to_host)
    i.mpi_check_small_factors                0x0800a310   Section        0  bignum.o(i.mpi_check_small_factors)
    mpi_check_small_factors                  0x0800a311   Thumb Code    78  bignum.o(i.mpi_check_small_factors)
    i.mpi_fill_random_internal               0x0800a364   Section        0  bignum.o(i.mpi_fill_random_internal)
    mpi_fill_random_internal                 0x0800a365   Thumb Code    90  bignum.o(i.mpi_fill_random_internal)
    i.mpi_miller_rabin                       0x0800a3be   Section        0  bignum.o(i.mpi_miller_rabin)
    mpi_miller_rabin                         0x0800a3bf   Thumb Code   374  bignum.o(i.mpi_miller_rabin)
    i.mpi_montred                            0x0800a534   Section        0  bignum.o(i.mpi_montred)
    mpi_montred                              0x0800a535   Thumb Code    34  bignum.o(i.mpi_montred)
    i.mpi_mul_hlp                            0x0800a556   Section        0  bignum.o(i.mpi_mul_hlp)
    mpi_mul_hlp                              0x0800a557   Thumb Code  1010  bignum.o(i.mpi_mul_hlp)
    i.mpi_select                             0x0800a948   Section        0  bignum.o(i.mpi_select)
    mpi_select                               0x0800a949   Thumb Code    58  bignum.o(i.mpi_select)
    i.mpi_sint_abs                           0x0800a982   Section        0  bignum.o(i.mpi_sint_abs)
    mpi_sint_abs                             0x0800a983   Thumb Code     8  bignum.o(i.mpi_sint_abs)
    i.mpi_sub_hlp                            0x0800a98a   Section        0  bignum.o(i.mpi_sub_hlp)
    mpi_sub_hlp                              0x0800a98b   Thumb Code    56  bignum.o(i.mpi_sub_hlp)
    i.mpi_uint_bigendian_to_host             0x0800a9c2   Section        0  bignum.o(i.mpi_uint_bigendian_to_host)
    mpi_uint_bigendian_to_host               0x0800a9c3   Thumb Code     4  bignum.o(i.mpi_uint_bigendian_to_host)
    i.mpi_uint_bigendian_to_host_c           0x0800a9c6   Section        0  bignum.o(i.mpi_uint_bigendian_to_host_c)
    mpi_uint_bigendian_to_host_c             0x0800a9c7   Thumb Code    28  bignum.o(i.mpi_uint_bigendian_to_host_c)
    i.mpi_write_hlp                          0x0800a9e2   Section        0  bignum.o(i.mpi_write_hlp)
    mpi_write_hlp                            0x0800a9e3   Thumb Code   116  bignum.o(i.mpi_write_hlp)
    i.oid_pk_alg_from_asn1                   0x0800aa58   Section        0  oid.o(i.oid_pk_alg_from_asn1)
    oid_pk_alg_from_asn1                     0x0800aa59   Thumb Code    52  oid.o(i.oid_pk_alg_from_asn1)
    i.pk_get_pk_alg                          0x0800aa90   Section        0  pkparse.o(i.pk_get_pk_alg)
    pk_get_pk_alg                            0x0800aa91   Thumb Code    72  pkparse.o(i.pk_get_pk_alg)
    i.pk_get_rsapubkey                       0x0800aae0   Section        0  pkparse.o(i.pk_get_rsapubkey)
    pk_get_rsapubkey                         0x0800aae1   Thumb Code   220  pkparse.o(i.pk_get_rsapubkey)
    i.pk_parse_key_pkcs1_der                 0x0800abc0   Section        0  pkparse.o(i.pk_parse_key_pkcs1_der)
    pk_parse_key_pkcs1_der                   0x0800abc1   Thumb Code   420  pkparse.o(i.pk_parse_key_pkcs1_der)
    i.pk_parse_key_pkcs8_unencrypted_der     0x0800ad68   Section        0  pkparse.o(i.pk_parse_key_pkcs8_unencrypted_der)
    pk_parse_key_pkcs8_unencrypted_der       0x0800ad69   Thumb Code   186  pkparse.o(i.pk_parse_key_pkcs8_unencrypted_der)
    i.rsa_alloc_wrap                         0x0800ae2c   Section        0  pk_wrap.o(i.rsa_alloc_wrap)
    rsa_alloc_wrap                           0x0800ae2d   Thumb Code    28  pk_wrap.o(i.rsa_alloc_wrap)
    i.rsa_can_do                             0x0800ae48   Section        0  pk_wrap.o(i.rsa_can_do)
    rsa_can_do                               0x0800ae49   Thumb Code    16  pk_wrap.o(i.rsa_can_do)
    i.rsa_check_context                      0x0800ae58   Section        0  rsa.o(i.rsa_check_context)
    rsa_check_context                        0x0800ae59   Thumb Code   200  rsa.o(i.rsa_check_context)
    i.rsa_check_pair_wrap                    0x0800af24   Section        0  pk_wrap.o(i.rsa_check_pair_wrap)
    rsa_check_pair_wrap                      0x0800af25   Thumb Code     4  pk_wrap.o(i.rsa_check_pair_wrap)
    i.rsa_debug                              0x0800af28   Section        0  pk_wrap.o(i.rsa_debug)
    rsa_debug                                0x0800af29   Thumb Code    26  pk_wrap.o(i.rsa_debug)
    i.rsa_decrypt                            0x0800af54   Section        0  app_rsa.o(i.rsa_decrypt)
    i.rsa_decrypt_wrap                       0x0800b4f8   Section        0  pk_wrap.o(i.rsa_decrypt_wrap)
    rsa_decrypt_wrap                         0x0800b4f9   Thumb Code    58  pk_wrap.o(i.rsa_decrypt_wrap)
    i.rsa_encrypt                            0x0800b538   Section        0  app_rsa.o(i.rsa_encrypt)
    i.rsa_encrypt_wrap                       0x0800b7a4   Section        0  pk_wrap.o(i.rsa_encrypt_wrap)
    rsa_encrypt_wrap                         0x0800b7a5   Thumb Code    60  pk_wrap.o(i.rsa_encrypt_wrap)
    i.rsa_free_wrap                          0x0800b7e4   Section        0  pk_wrap.o(i.rsa_free_wrap)
    rsa_free_wrap                            0x0800b7e5   Thumb Code    20  pk_wrap.o(i.rsa_free_wrap)
    i.rsa_get_bitlen                         0x0800b7f8   Section        0  pk_wrap.o(i.rsa_get_bitlen)
    rsa_get_bitlen                           0x0800b7f9   Thumb Code    62  pk_wrap.o(i.rsa_get_bitlen)
    i.rsa_prepare_blinding                   0x0800b838   Section        0  rsa.o(i.rsa_prepare_blinding)
    rsa_prepare_blinding                     0x0800b839   Thumb Code   256  rsa.o(i.rsa_prepare_blinding)
    i.rsa_rsassa_pkcs1_v15_encode            0x0800b93c   Section        0  rsa.o(i.rsa_rsassa_pkcs1_v15_encode)
    rsa_rsassa_pkcs1_v15_encode              0x0800b93d   Thumb Code   300  rsa.o(i.rsa_rsassa_pkcs1_v15_encode)
    i.rsa_rsassa_pss_sign                    0x0800ba6c   Section        0  rsa.o(i.rsa_rsassa_pss_sign)
    rsa_rsassa_pss_sign                      0x0800ba6d   Thumb Code   430  rsa.o(i.rsa_rsassa_pss_sign)
    i.rsa_sign_wrap                          0x0800bc20   Section        0  pk_wrap.o(i.rsa_sign_wrap)
    rsa_sign_wrap                            0x0800bc21   Thumb Code    56  pk_wrap.o(i.rsa_sign_wrap)
    i.rsa_unblind                            0x0800bc58   Section        0  rsa.o(i.rsa_unblind)
    rsa_unblind                              0x0800bc59   Thumb Code   138  rsa.o(i.rsa_unblind)
    i.rsa_verify_wrap                        0x0800bce4   Section        0  pk_wrap.o(i.rsa_verify_wrap)
    rsa_verify_wrap                          0x0800bce5   Thumb Code    72  pk_wrap.o(i.rsa_verify_wrap)
    .constdata                               0x0800bd34   Section       63  app_rsa.o(.constdata)
    .constdata                               0x0800bd74   Section     8744  aes.o(.constdata)
    FSb                                      0x0800bd74   Data         256  aes.o(.constdata)
    FT0                                      0x0800be74   Data        1024  aes.o(.constdata)
    FT1                                      0x0800c274   Data        1024  aes.o(.constdata)
    FT2                                      0x0800c674   Data        1024  aes.o(.constdata)
    FT3                                      0x0800ca74   Data        1024  aes.o(.constdata)
    RSb                                      0x0800ce74   Data         256  aes.o(.constdata)
    RT0                                      0x0800cf74   Data        1024  aes.o(.constdata)
    RT1                                      0x0800d374   Data        1024  aes.o(.constdata)
    RT2                                      0x0800d774   Data        1024  aes.o(.constdata)
    RT3                                      0x0800db74   Data        1024  aes.o(.constdata)
    round_constants                          0x0800df74   Data          40  aes.o(.constdata)
    .constdata                               0x0800df9c   Section      672  bignum.o(.constdata)
    small_prime                              0x0800df9c   Data         672  bignum.o(.constdata)
    .constdata                               0x0800e23c   Section       52  md.o(.constdata)
    supported_digests                        0x0800e25c   Data          20  md.o(.constdata)
    .constdata                               0x0800e270   Section     1160  oid.o(.constdata)
    oid_x520_attr_type                       0x0800e270   Data         400  oid.o(.constdata)
    oid_x509_ext                             0x0800e400   Data         140  oid.o(.constdata)
    oid_ext_key_usage                        0x0800e48c   Data         128  oid.o(.constdata)
    oid_certificate_policies                 0x0800e50c   Data          32  oid.o(.constdata)
    oid_sig_alg                              0x0800e52c   Data         140  oid.o(.constdata)
    oid_pk_alg                               0x0800e5b8   Data          80  oid.o(.constdata)
    oid_cipher_alg                           0x0800e608   Data          60  oid.o(.constdata)
    oid_md_alg                               0x0800e644   Data         100  oid.o(.constdata)
    oid_md_hmac                              0x0800e6a8   Data          80  oid.o(.constdata)
    .constdata                               0x0800e6f8   Section       48  pk_wrap.o(.constdata)
    .constdata                               0x0800e728   Section      256  sha256.o(.constdata)
    K                                        0x0800e728   Data         256  sha256.o(.constdata)
    .conststring                             0x0800e828   Section     2709  app_rsa.o(.conststring)
    .conststring                             0x0800f2c0   Section        4  md.o(.conststring)
    .conststring                             0x0800f2c4   Section     2267  oid.o(.conststring)
    .conststrlit                             0x0800fba0   Section        5  oid.o(.conststrlit)
    .data                                    0x20000000   Section       20  stm32f10x_rcc.o(.data)
    ADCPrescTable                            0x20000000   Data           4  stm32f10x_rcc.o(.data)
    APBAHBPrescTable                         0x20000004   Data          16  stm32f10x_rcc.o(.data)
    .data                                    0x20000014   Section        3  bsp_usart.o(.data)
    RxState                                  0x20000014   Data           1  bsp_usart.o(.data)
    pRxPacket                                0x20000015   Data           1  bsp_usart.o(.data)
    .data                                    0x20000018   Section       16  app_rsa.o(.data)
    .data                                    0x20000028   Section        4  platform_util.o(.data)
    memset_func                              0x20000028   Data           4  platform_util.o(.data)
    .data                                    0x2000002c   Section        4  stdout.o(.data)
    .data                                    0x20000030   Section        4  rand.o(.data)
    _rand_state                              0x20000030   Data           4  rand.o(.data)
    .data                                    0x20000034   Section        4  mvars.o(.data)
    .data                                    0x20000038   Section        4  mvars.o(.data)
    .bss                                     0x2000003c   Section      100  bsp_usart.o(.bss)
    .bss                                     0x200000a0   Section     8964  app_rsa.o(.bss)
    buf                                      0x200000a0   Data         516  app_rsa.o(.bss)
    output_buf                               0x200002a4   Data         256  app_rsa.o(.bss)
    HEAP                                     0x200023a8   Section     3840  startup_stm32f10x_hd.o(HEAP)
    STACK                                    0x200032a8   Section     3840  startup_stm32f10x_hd.o(STACK)

    Global Symbols

    Symbol Name                              Value     Ov Type        Size  Object(Section)

    BuildAttributes$$THM_ISAv4$P$D$K$B$S$PE$A:L22UL41UL21$X:L11$S22US41US21$IEEE1$IW$USESV6$~STKCKD$USESV7$~SHL$OSPACE$ROPI$EBA8$MICROLIB$REQ8$PRES8$EABIv2 0x00000000   Number         0  anon$$obj.o ABSOLUTE
    __ARM_use_no_argv                        0x00000000   Number         0  main.o ABSOLUTE
    _printf_a                                0x00000000   Number         0  stubs.o ABSOLUTE
    _printf_c                                0x00000000   Number         0  stubs.o ABSOLUTE
    _printf_charcount                        0x00000000   Number         0  stubs.o ABSOLUTE
    _printf_d                                0x00000000   Number         0  stubs.o ABSOLUTE
    _printf_e                                0x00000000   Number         0  stubs.o ABSOLUTE
    _printf_f                                0x00000000   Number         0  stubs.o ABSOLUTE
    _printf_flags                            0x00000000   Number         0  stubs.o ABSOLUTE
    _printf_fp_dec                           0x00000000   Number         0  stubs.o ABSOLUTE
    _printf_fp_hex                           0x00000000   Number         0  stubs.o ABSOLUTE
    _printf_g                                0x00000000   Number         0  stubs.o ABSOLUTE
    _printf_i                                0x00000000   Number         0  stubs.o ABSOLUTE
    _printf_int_dec                          0x00000000   Number         0  stubs.o ABSOLUTE
    _printf_l                                0x00000000   Number         0  stubs.o ABSOLUTE
    _printf_lc                               0x00000000   Number         0  stubs.o ABSOLUTE
    _printf_ll                               0x00000000   Number         0  stubs.o ABSOLUTE
    _printf_lld                              0x00000000   Number         0  stubs.o ABSOLUTE
    _printf_lli                              0x00000000   Number         0  stubs.o ABSOLUTE
    _printf_llo                              0x00000000   Number         0  stubs.o ABSOLUTE
    _printf_llu                              0x00000000   Number         0  stubs.o ABSOLUTE
    _printf_llx                              0x00000000   Number         0  stubs.o ABSOLUTE
    _printf_longlong_dec                     0x00000000   Number         0  stubs.o ABSOLUTE
    _printf_longlong_hex                     0x00000000   Number         0  stubs.o ABSOLUTE
    _printf_longlong_oct                     0x00000000   Number         0  stubs.o ABSOLUTE
    _printf_ls                               0x00000000   Number         0  stubs.o ABSOLUTE
    _printf_mbtowc                           0x00000000   Number         0  stubs.o ABSOLUTE
    _printf_n                                0x00000000   Number         0  stubs.o ABSOLUTE
    _printf_o                                0x00000000   Number         0  stubs.o ABSOLUTE
    _printf_p                                0x00000000   Number         0  stubs.o ABSOLUTE
    _printf_percent                          0x00000000   Number         0  stubs.o ABSOLUTE
    _printf_pre_padding                      0x00000000   Number         0  stubs.o ABSOLUTE
    _printf_return_value                     0x00000000   Number         0  stubs.o ABSOLUTE
    _printf_s                                0x00000000   Number         0  stubs.o ABSOLUTE
    _printf_sizespec                         0x00000000   Number         0  stubs.o ABSOLUTE
    _printf_str                              0x00000000   Number         0  stubs.o ABSOLUTE
    _printf_truncate_signed                  0x00000000   Number         0  stubs.o ABSOLUTE
    _printf_truncate_unsigned                0x00000000   Number         0  stubs.o ABSOLUTE
    _printf_u                                0x00000000   Number         0  stubs.o ABSOLUTE
    _printf_wc                               0x00000000   Number         0  stubs.o ABSOLUTE
    _printf_wctomb                           0x00000000   Number         0  stubs.o ABSOLUTE
    _printf_widthprec                        0x00000000   Number         0  stubs.o ABSOLUTE
    _printf_x                                0x00000000   Number         0  stubs.o ABSOLUTE
    __cpp_initialize__aeabi_                  - Undefined Weak Reference
    __cxa_finalize                            - Undefined Weak Reference
    __decompress                              - Undefined Weak Reference
    _clock_init                               - Undefined Weak Reference
    _microlib_exit                            - Undefined Weak Reference
    __Vectors_Size                           0x00000130   Number         0  startup_stm32f10x_hd.o ABSOLUTE
    __Vectors                                0x08000000   Data           4  startup_stm32f10x_hd.o(RESET)
    __Vectors_End                            0x08000130   Data           0  startup_stm32f10x_hd.o(RESET)
    __main                                   0x08000131   Thumb Code     0  entry.o(.ARM.Collect$$$$00000000)
    _main_stk                                0x08000131   Thumb Code     0  entry2.o(.ARM.Collect$$$$00000001)
    _main_scatterload                        0x08000135   Thumb Code     0  entry5.o(.ARM.Collect$$$$00000004)
    __main_after_scatterload                 0x08000139   Thumb Code     0  entry5.o(.ARM.Collect$$$$00000004)
    _main_clock                              0x08000139   Thumb Code     0  entry7b.o(.ARM.Collect$$$$00000008)
    _main_cpp_init                           0x08000139   Thumb Code     0  entry8b.o(.ARM.Collect$$$$0000000A)
    _main_init                               0x08000139   Thumb Code     0  entry9a.o(.ARM.Collect$$$$0000000B)
    __rt_final_cpp                           0x08000141   Thumb Code     0  entry10a.o(.ARM.Collect$$$$0000000D)
    __rt_final_exit                          0x08000141   Thumb Code     0  entry11a.o(.ARM.Collect$$$$0000000F)
    Reset_Handler                            0x08000145   Thumb Code     8  startup_stm32f10x_hd.o(.text)
    HardFault_Handler                        0x0800014f   Thumb Code     2  startup_stm32f10x_hd.o(.text)
    ADC1_2_IRQHandler                        0x0800015f   Thumb Code     0  startup_stm32f10x_hd.o(.text)
    ADC3_IRQHandler                          0x0800015f   Thumb Code     0  startup_stm32f10x_hd.o(.text)
    CAN1_RX1_IRQHandler                      0x0800015f   Thumb Code     0  startup_stm32f10x_hd.o(.text)
    CAN1_SCE_IRQHandler                      0x0800015f   Thumb Code     0  startup_stm32f10x_hd.o(.text)
    DMA1_Channel1_IRQHandler                 0x0800015f   Thumb Code     0  startup_stm32f10x_hd.o(.text)
    DMA1_Channel2_IRQHandler                 0x0800015f   Thumb Code     0  startup_stm32f10x_hd.o(.text)
    DMA1_Channel3_IRQHandler                 0x0800015f   Thumb Code     0  startup_stm32f10x_hd.o(.text)
    DMA1_Channel4_IRQHandler                 0x0800015f   Thumb Code     0  startup_stm32f10x_hd.o(.text)
    DMA1_Channel5_IRQHandler                 0x0800015f   Thumb Code     0  startup_stm32f10x_hd.o(.text)
    DMA1_Channel6_IRQHandler                 0x0800015f   Thumb Code     0  startup_stm32f10x_hd.o(.text)
    DMA1_Channel7_IRQHandler                 0x0800015f   Thumb Code     0  startup_stm32f10x_hd.o(.text)
    DMA2_Channel1_IRQHandler                 0x0800015f   Thumb Code     0  startup_stm32f10x_hd.o(.text)
    DMA2_Channel2_IRQHandler                 0x0800015f   Thumb Code     0  startup_stm32f10x_hd.o(.text)
    DMA2_Channel3_IRQHandler                 0x0800015f   Thumb Code     0  startup_stm32f10x_hd.o(.text)
    DMA2_Channel4_5_IRQHandler               0x0800015f   Thumb Code     0  startup_stm32f10x_hd.o(.text)
    EXTI0_IRQHandler                         0x0800015f   Thumb Code     0  startup_stm32f10x_hd.o(.text)
    EXTI15_10_IRQHandler                     0x0800015f   Thumb Code     0  startup_stm32f10x_hd.o(.text)
    EXTI1_IRQHandler                         0x0800015f   Thumb Code     0  startup_stm32f10x_hd.o(.text)
    EXTI2_IRQHandler                         0x0800015f   Thumb Code     0  startup_stm32f10x_hd.o(.text)
    EXTI3_IRQHandler                         0x0800015f   Thumb Code     0  startup_stm32f10x_hd.o(.text)
    EXTI4_IRQHandler                         0x0800015f   Thumb Code     0  startup_stm32f10x_hd.o(.text)
    EXTI9_5_IRQHandler                       0x0800015f   Thumb Code     0  startup_stm32f10x_hd.o(.text)
    FLASH_IRQHandler                         0x0800015f   Thumb Code     0  startup_stm32f10x_hd.o(.text)
    FSMC_IRQHandler                          0x0800015f   Thumb Code     0  startup_stm32f10x_hd.o(.text)
    I2C1_ER_IRQHandler                       0x0800015f   Thumb Code     0  startup_stm32f10x_hd.o(.text)
    I2C1_EV_IRQHandler                       0x0800015f   Thumb Code     0  startup_stm32f10x_hd.o(.text)
    I2C2_ER_IRQHandler                       0x0800015f   Thumb Code     0  startup_stm32f10x_hd.o(.text)
    I2C2_EV_IRQHandler                       0x0800015f   Thumb Code     0  startup_stm32f10x_hd.o(.text)
    PVD_IRQHandler                           0x0800015f   Thumb Code     0  startup_stm32f10x_hd.o(.text)
    RCC_IRQHandler                           0x0800015f   Thumb Code     0  startup_stm32f10x_hd.o(.text)
    RTCAlarm_IRQHandler                      0x0800015f   Thumb Code     0  startup_stm32f10x_hd.o(.text)
    RTC_IRQHandler                           0x0800015f   Thumb Code     0  startup_stm32f10x_hd.o(.text)
    SDIO_IRQHandler                          0x0800015f   Thumb Code     0  startup_stm32f10x_hd.o(.text)
    SPI1_IRQHandler                          0x0800015f   Thumb Code     0  startup_stm32f10x_hd.o(.text)
    SPI2_IRQHandler                          0x0800015f   Thumb Code     0  startup_stm32f10x_hd.o(.text)
    SPI3_IRQHandler                          0x0800015f   Thumb Code     0  startup_stm32f10x_hd.o(.text)
    TAMPER_IRQHandler                        0x0800015f   Thumb Code     0  startup_stm32f10x_hd.o(.text)
    TIM1_BRK_IRQHandler                      0x0800015f   Thumb Code     0  startup_stm32f10x_hd.o(.text)
    TIM1_CC_IRQHandler                       0x0800015f   Thumb Code     0  startup_stm32f10x_hd.o(.text)
    TIM1_TRG_COM_IRQHandler                  0x0800015f   Thumb Code     0  startup_stm32f10x_hd.o(.text)
    TIM1_UP_IRQHandler                       0x0800015f   Thumb Code     0  startup_stm32f10x_hd.o(.text)
    TIM2_IRQHandler                          0x0800015f   Thumb Code     0  startup_stm32f10x_hd.o(.text)
    TIM3_IRQHandler                          0x0800015f   Thumb Code     0  startup_stm32f10x_hd.o(.text)
    TIM4_IRQHandler                          0x0800015f   Thumb Code     0  startup_stm32f10x_hd.o(.text)
    TIM5_IRQHandler                          0x0800015f   Thumb Code     0  startup_stm32f10x_hd.o(.text)
    TIM6_IRQHandler                          0x0800015f   Thumb Code     0  startup_stm32f10x_hd.o(.text)
    TIM7_IRQHandler                          0x0800015f   Thumb Code     0  startup_stm32f10x_hd.o(.text)
    TIM8_BRK_IRQHandler                      0x0800015f   Thumb Code     0  startup_stm32f10x_hd.o(.text)
    TIM8_CC_IRQHandler                       0x0800015f   Thumb Code     0  startup_stm32f10x_hd.o(.text)
    TIM8_TRG_COM_IRQHandler                  0x0800015f   Thumb Code     0  startup_stm32f10x_hd.o(.text)
    TIM8_UP_IRQHandler                       0x0800015f   Thumb Code     0  startup_stm32f10x_hd.o(.text)
    UART4_IRQHandler                         0x0800015f   Thumb Code     0  startup_stm32f10x_hd.o(.text)
    UART5_IRQHandler                         0x0800015f   Thumb Code     0  startup_stm32f10x_hd.o(.text)
    USART2_IRQHandler                        0x0800015f   Thumb Code     0  startup_stm32f10x_hd.o(.text)
    USART3_IRQHandler                        0x0800015f   Thumb Code     0  startup_stm32f10x_hd.o(.text)
    USBWakeUp_IRQHandler                     0x0800015f   Thumb Code     0  startup_stm32f10x_hd.o(.text)
    USB_HP_CAN1_TX_IRQHandler                0x0800015f   Thumb Code     0  startup_stm32f10x_hd.o(.text)
    USB_LP_CAN1_RX0_IRQHandler               0x0800015f   Thumb Code     0  startup_stm32f10x_hd.o(.text)
    WWDG_IRQHandler                          0x0800015f   Thumb Code     0  startup_stm32f10x_hd.o(.text)
    __aeabi_uldivmod                         0x08000169   Thumb Code    98  uldiv.o(.text)
    rand                                     0x080001cd   Thumb Code    20  rand.o(.text)
    srand                                    0x080001e1   Thumb Code     6  rand.o(.text)
    ___aeabi_memcpy8$move                    0x080001f1   Thumb Code     0  memmovea.o(.text)
    __aeabi_memcpy                           0x080001f1   Thumb Code    64  memmovea.o(.text)
    __aeabi_memcpy4                          0x080001f1   Thumb Code     0  memmovea.o(.text)
    __aeabi_memmove                          0x080001f1   Thumb Code     0  memmovea.o(.text)
    __aeabi_memmove4                         0x080001f1   Thumb Code     0  memmovea.o(.text)
    __aeabi_memmove8                         0x080001f1   Thumb Code     0  memmovea.o(.text)
    __aeabi_memset                           0x08000231   Thumb Code    14  memseta.o(.text)
    __aeabi_memset4                          0x08000231   Thumb Code     0  memseta.o(.text)
    __aeabi_memset8                          0x08000231   Thumb Code     0  memseta.o(.text)
    __aeabi_memclr                           0x0800023f   Thumb Code     4  memseta.o(.text)
    __aeabi_memclr4                          0x0800023f   Thumb Code     0  memseta.o(.text)
    __aeabi_memclr8                          0x0800023f   Thumb Code     0  memseta.o(.text)
    memset                                   0x08000243   Thumb Code    18  memseta.o(.text)
    strstr                                   0x08000255   Thumb Code    36  strstr.o(.text)
    strlen                                   0x08000279   Thumb Code    14  strlen.o(.text)
    memcmp                                   0x08000287   Thumb Code    26  memcmp.o(.text)
    calloc                                   0x080002a1   Thumb Code    28  calloc.o(.text)
    __aeabi_uidiv                            0x080002bd   Thumb Code     0  uidiv.o(.text)
    __aeabi_uidivmod                         0x080002bd   Thumb Code    44  uidiv.o(.text)
    __aeabi_llsl                             0x080002e9   Thumb Code    30  llshl.o(.text)
    _ll_shift_l                              0x080002e9   Thumb Code     0  llshl.o(.text)
    __aeabi_llsr                             0x08000307   Thumb Code    32  llushr.o(.text)
    _ll_ushift_r                             0x08000307   Thumb Code     0  llushr.o(.text)
    __I$use$fp                               0x08000327   Thumb Code     0  iusefp.o(.text)
    __aeabi_dadd                             0x08000327   Thumb Code   322  dadd.o(.text)
    __aeabi_dsub                             0x08000469   Thumb Code     6  dadd.o(.text)
    __aeabi_drsub                            0x0800046f   Thumb Code     6  dadd.o(.text)
    __aeabi_dmul                             0x08000475   Thumb Code   228  dmul.o(.text)
    __aeabi_ddiv                             0x08000559   Thumb Code   222  ddiv.o(.text)
    __aeabi_d2ulz                            0x08000637   Thumb Code    48  dfixul.o(.text)
    __aeabi_cdrcmple                         0x08000669   Thumb Code    48  cdrcmple.o(.text)
    __scatterload                            0x08000699   Thumb Code    28  init.o(.text)
    __scatterload_rt2                        0x08000699   Thumb Code     0  init.o(.text)
    __aeabi_lasr                             0x080006bd   Thumb Code    36  llsshr.o(.text)
    _ll_sshift_r                             0x080006bd   Thumb Code     0  llsshr.o(.text)
    _double_round                            0x080006e1   Thumb Code    30  depilogue.o(.text)
    _double_epilogue                         0x080006ff   Thumb Code   156  depilogue.o(.text)
    BusFault_Handler                         0x0800079b   Thumb Code     2  stm32f10x_it.o(i.BusFault_Handler)
    DRV_InterGenerateRandVec                 0x0800079d   Thumb Code    32  main.o(i.DRV_InterGenerateRandVec)
    DebugMon_Handler                         0x080007bd   Thumb Code     2  stm32f10x_it.o(i.DebugMon_Handler)
    GPIO_Init                                0x080007bf   Thumb Code   166  stm32f10x_gpio.o(i.GPIO_Init)
    MemManage_Handler                        0x08000865   Thumb Code     2  stm32f10x_it.o(i.MemManage_Handler)
    NMI_Handler                              0x08000867   Thumb Code     2  stm32f10x_it.o(i.NMI_Handler)
    NVIC_Init                                0x08000869   Thumb Code    96  misc.o(i.NVIC_Init)
    NVIC_PriorityGroupConfig                 0x080008cd   Thumb Code    10  misc.o(i.NVIC_PriorityGroupConfig)
    PUBLIC_GenerateRandVec                   0x080008e1   Thumb Code     4  main.o(i.PUBLIC_GenerateRandVec)
    PendSV_Handler                           0x080008e5   Thumb Code     2  stm32f10x_it.o(i.PendSV_Handler)
    RCC_APB2PeriphClockCmd                   0x080008e9   Thumb Code    22  stm32f10x_rcc.o(i.RCC_APB2PeriphClockCmd)
    RCC_GetClocksFreq                        0x08000905   Thumb Code   154  stm32f10x_rcc.o(i.RCC_GetClocksFreq)
    RSA_TEST                                 0x080009b1   Thumb Code    86  app_rsa.o(i.RSA_TEST)
    SVC_Handler                              0x08000a21   Thumb Code     2  stm32f10x_it.o(i.SVC_Handler)
    Serial_Init                              0x08000a25   Thumb Code   172  bsp_usart.o(i.Serial_Init)
    Serial_SendByte                          0x08000ad9   Thumb Code    26  bsp_usart.o(i.Serial_SendByte)
    SysTick_Handler                          0x08000bad   Thumb Code     2  stm32f10x_it.o(i.SysTick_Handler)
    SystemInit                               0x08000bb1   Thumb Code    64  system_stm32f10x.o(i.SystemInit)
    USART1_IRQHandler                        0x08000c01   Thumb Code   114  bsp_usart.o(i.USART1_IRQHandler)
    USART_ClearITPendingBit                  0x08000c81   Thumb Code    16  stm32f10x_usart.o(i.USART_ClearITPendingBit)
    USART_Cmd                                0x08000c91   Thumb Code    24  stm32f10x_usart.o(i.USART_Cmd)
    USART_GetFlagStatus                      0x08000ca9   Thumb Code    14  stm32f10x_usart.o(i.USART_GetFlagStatus)
    USART_GetITStatus                        0x08000cb7   Thumb Code    64  stm32f10x_usart.o(i.USART_GetITStatus)
    USART_ITConfig                           0x08000cf7   Thumb Code    54  stm32f10x_usart.o(i.USART_ITConfig)
    USART_Init                               0x08000d2d   Thumb Code   182  stm32f10x_usart.o(i.USART_Init)
    USART_ReceiveData                        0x08000de9   Thumb Code     8  stm32f10x_usart.o(i.USART_ReceiveData)
    USART_SendData                           0x08000df1   Thumb Code     8  stm32f10x_usart.o(i.USART_SendData)
    UsageFault_Handler                       0x08000df9   Thumb Code     2  stm32f10x_it.o(i.UsageFault_Handler)
    __0printf                                0x08000dfd   Thumb Code    22  printfa.o(i.__0printf)
    __1printf                                0x08000dfd   Thumb Code     0  printfa.o(i.__0printf)
    __2printf                                0x08000dfd   Thumb Code     0  printfa.o(i.__0printf)
    __c89printf                              0x08000dfd   Thumb Code     0  printfa.o(i.__0printf)
    printf                                   0x08000dfd   Thumb Code     0  printfa.o(i.__0printf)
    __scatterload_copy                       0x08000e1d   Thumb Code    14  handlers.o(i.__scatterload_copy)
    __scatterload_null                       0x08000e2b   Thumb Code     2  handlers.o(i.__scatterload_null)
    __scatterload_zeroinit                   0x08000e2d   Thumb Code    14  handlers.o(i.__scatterload_zeroinit)
    fputc                                    0x08001c93   Thumb Code    14  bsp_usart.o(i.fputc)
    free                                     0x08001ca1   Thumb Code    76  malloc.o(i.free)
    main                                     0x08001cff   Thumb Code    10  main.o(i.main)
    malloc                                   0x08001d09   Thumb Code    92  malloc.o(i.malloc)
    mbedtls_aes_crypt_ecb                    0x08001d75   Thumb Code    24  aes.o(i.mbedtls_aes_crypt_ecb)
    mbedtls_aes_free                         0x08001d8d   Thumb Code    14  aes.o(i.mbedtls_aes_free)
    mbedtls_aes_init                         0x08001d9b   Thumb Code     8  aes.o(i.mbedtls_aes_init)
    mbedtls_aes_setkey_enc                   0x08001da9   Thumb Code   430  aes.o(i.mbedtls_aes_setkey_enc)
    mbedtls_asn1_get_alg                     0x08001f5d   Thumb Code   144  asn1parse.o(i.mbedtls_asn1_get_alg)
    mbedtls_asn1_get_bitstring_null          0x08001fed   Thumb Code    54  asn1parse.o(i.mbedtls_asn1_get_bitstring_null)
    mbedtls_asn1_get_int                     0x08002023   Thumb Code     8  asn1parse.o(i.mbedtls_asn1_get_int)
    mbedtls_asn1_get_len                     0x0800202b   Thumb Code   192  asn1parse.o(i.mbedtls_asn1_get_len)
    mbedtls_asn1_get_mpi                     0x080020eb   Thumb Code    40  asn1parse.o(i.mbedtls_asn1_get_mpi)
    mbedtls_asn1_get_tag                     0x08002113   Thumb Code    40  asn1parse.o(i.mbedtls_asn1_get_tag)
    mbedtls_base64_decode                    0x0800213b   Thumb Code   316  base64.o(i.mbedtls_base64_decode)
    mbedtls_base64_encode                    0x08002277   Thumb Code   272  base64.o(i.mbedtls_base64_encode)
    mbedtls_ct_base64_dec_value              0x0800239d   Thumb Code   102  constant_time.o(i.mbedtls_ct_base64_dec_value)
    mbedtls_ct_base64_enc_char               0x08002403   Thumb Code    94  constant_time.o(i.mbedtls_ct_base64_enc_char)
    mbedtls_ct_memcmp                        0x080024b5   Thumb Code    34  constant_time.o(i.mbedtls_ct_memcmp)
    mbedtls_ct_mpi_uint_cond_assign          0x080024d7   Thumb Code    34  constant_time.o(i.mbedtls_ct_mpi_uint_cond_assign)
    mbedtls_ct_mpi_uint_mask                 0x080024f9   Thumb Code     8  constant_time.o(i.mbedtls_ct_mpi_uint_mask)
    mbedtls_ct_rsaes_pkcs1_v15_unpadding     0x08002501   Thumb Code   310  constant_time.o(i.mbedtls_ct_rsaes_pkcs1_v15_unpadding)
    mbedtls_ct_size_bool_eq                  0x08002637   Thumb Code    14  constant_time.o(i.mbedtls_ct_size_bool_eq)
    mbedtls_ct_uint_if                       0x0800265b   Thumb Code    20  constant_time.o(i.mbedtls_ct_uint_if)
    mbedtls_ct_uint_mask                     0x0800266f   Thumb Code     8  constant_time.o(i.mbedtls_ct_uint_mask)
    mbedtls_ctr_drbg_free                    0x08002677   Thumb Code    40  ctr_drbg.o(i.mbedtls_ctr_drbg_free)
    mbedtls_ctr_drbg_init                    0x0800269f   Thumb Code    28  ctr_drbg.o(i.mbedtls_ctr_drbg_init)
    mbedtls_ctr_drbg_random                  0x080026bb   Thumb Code    12  ctr_drbg.o(i.mbedtls_ctr_drbg_random)
    mbedtls_ctr_drbg_random_with_add         0x080026c7   Thumb Code   218  ctr_drbg.o(i.mbedtls_ctr_drbg_random_with_add)
    mbedtls_ctr_drbg_reseed                  0x080027a1   Thumb Code     6  ctr_drbg.o(i.mbedtls_ctr_drbg_reseed)
    mbedtls_ctr_drbg_seed                    0x08002861   Thumb Code   102  ctr_drbg.o(i.mbedtls_ctr_drbg_seed)
    mbedtls_entropy_add_source               0x080028c7   Thumb Code    46  entropy.o(i.mbedtls_entropy_add_source)
    mbedtls_entropy_free                     0x080028f5   Thumb Code    40  entropy.o(i.mbedtls_entropy_free)
    mbedtls_entropy_func                     0x0800291d   Thumb Code   248  entropy.o(i.mbedtls_entropy_func)
    mbedtls_entropy_init                     0x08002a15   Thumb Code    32  entropy.o(i.mbedtls_entropy_init)
    mbedtls_internal_aes_decrypt             0x08002a81   Thumb Code  1204  aes.o(i.mbedtls_internal_aes_decrypt)
    mbedtls_internal_aes_encrypt             0x08002f35   Thumb Code  1204  aes.o(i.mbedtls_internal_aes_encrypt)
    mbedtls_internal_md5_process             0x080033e9   Thumb Code  3044  md5.o(i.mbedtls_internal_md5_process)
    mbedtls_internal_sha1_process            0x08003fed   Thumb Code  5084  sha1.o(i.mbedtls_internal_sha1_process)
    mbedtls_internal_sha256_process          0x080053c9   Thumb Code  2544  sha256.o(i.mbedtls_internal_sha256_process)
    mbedtls_md                               0x08005db9   Thumb Code    80  md.o(i.mbedtls_md)
    mbedtls_md5_finish_ret                   0x08005e0d   Thumb Code   226  md5.o(i.mbedtls_md5_finish_ret)
    mbedtls_md5_free                         0x08005eef   Thumb Code    12  md5.o(i.mbedtls_md5_free)
    mbedtls_md5_init                         0x08005efb   Thumb Code     6  md5.o(i.mbedtls_md5_init)
    mbedtls_md5_ret                          0x08005f01   Thumb Code    62  md5.o(i.mbedtls_md5_ret)
    mbedtls_md5_starts_ret                   0x08005f41   Thumb Code    30  md5.o(i.mbedtls_md5_starts_ret)
    mbedtls_md5_update_ret                   0x08005f69   Thumb Code   124  md5.o(i.mbedtls_md5_update_ret)
    mbedtls_md_finish                        0x08005fe5   Thumb Code    54  md.o(i.mbedtls_md_finish)
    mbedtls_md_free                          0x08006021   Thumb Code   100  md.o(i.mbedtls_md_free)
    mbedtls_md_get_size                      0x08006085   Thumb Code    12  md.o(i.mbedtls_md_get_size)
    mbedtls_md_info_from_type                0x08006091   Thumb Code    42  md.o(i.mbedtls_md_info_from_type)
    mbedtls_md_init                          0x080060c1   Thumb Code    10  md.o(i.mbedtls_md_init)
    mbedtls_md_setup                         0x080060cd   Thumb Code   150  md.o(i.mbedtls_md_setup)
    mbedtls_md_starts                        0x08006169   Thumb Code    64  md.o(i.mbedtls_md_starts)
    mbedtls_md_update                        0x080061ad   Thumb Code    64  md.o(i.mbedtls_md_update)
    mbedtls_mpi_add_abs                      0x080061f1   Thumb Code   190  bignum.o(i.mbedtls_mpi_add_abs)
    mbedtls_mpi_add_int                      0x080062af   Thumb Code    52  bignum.o(i.mbedtls_mpi_add_int)
    mbedtls_mpi_add_mpi                      0x080062e3   Thumb Code     6  bignum.o(i.mbedtls_mpi_add_mpi)
    mbedtls_mpi_bitlen                       0x080062e9   Thumb Code    52  bignum.o(i.mbedtls_mpi_bitlen)
    mbedtls_mpi_cmp_abs                      0x0800631d   Thumb Code   120  bignum.o(i.mbedtls_mpi_cmp_abs)
    mbedtls_mpi_cmp_int                      0x08006395   Thumb Code    48  bignum.o(i.mbedtls_mpi_cmp_int)
    mbedtls_mpi_cmp_mpi                      0x080063c5   Thumb Code   150  bignum.o(i.mbedtls_mpi_cmp_mpi)
    mbedtls_mpi_copy                         0x0800645b   Thumb Code   120  bignum.o(i.mbedtls_mpi_copy)
    mbedtls_mpi_div_int                      0x080064d3   Thumb Code    60  bignum.o(i.mbedtls_mpi_div_int)
    mbedtls_mpi_div_mpi                      0x0800650f   Thumb Code   782  bignum.o(i.mbedtls_mpi_div_mpi)
    mbedtls_mpi_exp_mod                      0x0800681d   Thumb Code  1010  bignum.o(i.mbedtls_mpi_exp_mod)
    mbedtls_mpi_fill_random                  0x08006c0f   Thumb Code    56  bignum.o(i.mbedtls_mpi_fill_random)
    mbedtls_mpi_free                         0x08006c47   Thumb Code    36  bignum.o(i.mbedtls_mpi_free)
    mbedtls_mpi_gcd                          0x08006c6b   Thumb Code   254  bignum.o(i.mbedtls_mpi_gcd)
    mbedtls_mpi_gen_prime                    0x08006d69   Thumb Code   494  bignum.o(i.mbedtls_mpi_gen_prime)
    mbedtls_mpi_get_bit                      0x08006f5d   Thumb Code    32  bignum.o(i.mbedtls_mpi_get_bit)
    mbedtls_mpi_get_mont_r2_unsafe           0x08006f7d   Thumb Code    60  bignum.o(i.mbedtls_mpi_get_mont_r2_unsafe)
    mbedtls_mpi_grow                         0x08006fb9   Thumb Code    84  bignum.o(i.mbedtls_mpi_grow)
    mbedtls_mpi_init                         0x0800700d   Thumb Code    12  bignum.o(i.mbedtls_mpi_init)
    mbedtls_mpi_inv_mod                      0x08007019   Thumb Code   628  bignum.o(i.mbedtls_mpi_inv_mod)
    mbedtls_mpi_is_prime_ext                 0x0800728d   Thumb Code    90  bignum.o(i.mbedtls_mpi_is_prime_ext)
    mbedtls_mpi_lsb                          0x080072e7   Thumb Code    46  bignum.o(i.mbedtls_mpi_lsb)
    mbedtls_mpi_lset                         0x08007315   Thumb Code    54  bignum.o(i.mbedtls_mpi_lset)
    mbedtls_mpi_mod_int                      0x0800734b   Thumb Code   116  bignum.o(i.mbedtls_mpi_mod_int)
    mbedtls_mpi_mod_mpi                      0x080073bf   Thumb Code   102  bignum.o(i.mbedtls_mpi_mod_mpi)
    mbedtls_mpi_montmul                      0x08007425   Thumb Code   178  bignum.o(i.mbedtls_mpi_montmul)
    mbedtls_mpi_montmul_init                 0x080074d7   Thumb Code    36  bignum.o(i.mbedtls_mpi_montmul_init)
    mbedtls_mpi_mul_int                      0x080074fb   Thumb Code    94  bignum.o(i.mbedtls_mpi_mul_int)
    mbedtls_mpi_mul_mpi                      0x08007559   Thumb Code   230  bignum.o(i.mbedtls_mpi_mul_mpi)
    mbedtls_mpi_read_binary                  0x0800763f   Thumb Code    66  bignum.o(i.mbedtls_mpi_read_binary)
    mbedtls_mpi_safe_cond_assign             0x080076bd   Thumb Code    84  constant_time.o(i.mbedtls_mpi_safe_cond_assign)
    mbedtls_mpi_shift_l                      0x08007711   Thumb Code   152  bignum.o(i.mbedtls_mpi_shift_l)
    mbedtls_mpi_shift_r                      0x080077a9   Thumb Code   126  bignum.o(i.mbedtls_mpi_shift_r)
    mbedtls_mpi_shrink                       0x08007827   Thumb Code   116  bignum.o(i.mbedtls_mpi_shrink)
    mbedtls_mpi_size                         0x0800789b   Thumb Code    12  bignum.o(i.mbedtls_mpi_size)
    mbedtls_mpi_sub_abs                      0x080078a7   Thumb Code   188  bignum.o(i.mbedtls_mpi_sub_abs)
    mbedtls_mpi_sub_int                      0x08007963   Thumb Code    52  bignum.o(i.mbedtls_mpi_sub_int)
    mbedtls_mpi_sub_mpi                      0x08007997   Thumb Code     8  bignum.o(i.mbedtls_mpi_sub_mpi)
    mbedtls_mpi_swap                         0x0800799f   Thumb Code    24  bignum.o(i.mbedtls_mpi_swap)
    mbedtls_mpi_write_binary                 0x080079b7   Thumb Code   106  bignum.o(i.mbedtls_mpi_write_binary)
    mbedtls_mpi_write_string                 0x08007a21   Thumb Code   270  bignum.o(i.mbedtls_mpi_write_string)
    mbedtls_oid_get_oid_by_md                0x08007b4d   Thumb Code    38  oid.o(i.mbedtls_oid_get_oid_by_md)
    mbedtls_oid_get_pk_alg                   0x08007b79   Thumb Code    24  oid.o(i.mbedtls_oid_get_pk_alg)
    mbedtls_pem_free                         0x08007b91   Thumb Code    40  pem.o(i.mbedtls_pem_free)
    mbedtls_pem_init                         0x08007bb9   Thumb Code    10  pem.o(i.mbedtls_pem_init)
    mbedtls_pem_read_buffer                  0x08007bc5   Thumb Code   264  pem.o(i.mbedtls_pem_read_buffer)
    mbedtls_pk_free                          0x08007cf1   Thumb Code    34  pk.o(i.mbedtls_pk_free)
    mbedtls_pk_get_type                      0x08007d13   Thumb Code    16  pk.o(i.mbedtls_pk_get_type)
    mbedtls_pk_info_from_type                0x08007d25   Thumb Code    12  pk.o(i.mbedtls_pk_info_from_type)
    mbedtls_pk_init                          0x08007d35   Thumb Code     8  pk.o(i.mbedtls_pk_init)
    mbedtls_pk_parse_key                     0x08007d3d   Thumb Code   308  pkparse.o(i.mbedtls_pk_parse_key)
    mbedtls_pk_parse_public_key              0x08007ef5   Thumb Code   344  pkparse.o(i.mbedtls_pk_parse_public_key)
    mbedtls_pk_parse_subpubkey               0x080080d1   Thumb Code   174  pkparse.o(i.mbedtls_pk_parse_subpubkey)
    mbedtls_pk_setup                         0x0800819d   Thumb Code    36  pk.o(i.mbedtls_pk_setup)
    mbedtls_platform_zeroize                 0x080081c9   Thumb Code    16  platform_util.o(i.mbedtls_platform_zeroize)
    mbedtls_rsa_check_privkey                0x080081dd   Thumb Code   112  rsa.o(i.mbedtls_rsa_check_privkey)
    mbedtls_rsa_check_pub_priv               0x08008251   Thumb Code    64  rsa.o(i.mbedtls_rsa_check_pub_priv)
    mbedtls_rsa_check_pubkey                 0x08008295   Thumb Code    84  rsa.o(i.mbedtls_rsa_check_pubkey)
    mbedtls_rsa_complete                     0x080082ed   Thumb Code   446  rsa.o(i.mbedtls_rsa_complete)
    mbedtls_rsa_deduce_crt                   0x080084b1   Thumb Code   124  rsa_internal.o(i.mbedtls_rsa_deduce_crt)
    mbedtls_rsa_deduce_primes                0x0800852d   Thumb Code   442  rsa_internal.o(i.mbedtls_rsa_deduce_primes)
    mbedtls_rsa_deduce_private_exponent      0x08008721   Thumb Code   192  rsa_internal.o(i.mbedtls_rsa_deduce_private_exponent)
    mbedtls_rsa_export                       0x080087e1   Thumb Code   186  rsa.o(i.mbedtls_rsa_export)
    mbedtls_rsa_free                         0x080088a1   Thumb Code   118  rsa.o(i.mbedtls_rsa_free)
    mbedtls_rsa_gen_key                      0x08008919   Thumb Code   454  rsa.o(i.mbedtls_rsa_gen_key)
    mbedtls_rsa_get_len                      0x08008ae5   Thumb Code     4  rsa.o(i.mbedtls_rsa_get_len)
    mbedtls_rsa_import                       0x08008ae9   Thumb Code   124  rsa.o(i.mbedtls_rsa_import)
    mbedtls_rsa_import_raw                   0x08008b65   Thumb Code   142  rsa.o(i.mbedtls_rsa_import_raw)
    mbedtls_rsa_init                         0x08008bf3   Thumb Code    30  rsa.o(i.mbedtls_rsa_init)
    mbedtls_rsa_pkcs1_decrypt                0x08008c11   Thumb Code    56  rsa.o(i.mbedtls_rsa_pkcs1_decrypt)
    mbedtls_rsa_pkcs1_encrypt                0x08008c4d   Thumb Code    54  rsa.o(i.mbedtls_rsa_pkcs1_encrypt)
    mbedtls_rsa_pkcs1_sign                   0x08008c89   Thumb Code    50  rsa.o(i.mbedtls_rsa_pkcs1_sign)
    mbedtls_rsa_pkcs1_verify                 0x08008cc1   Thumb Code    50  rsa.o(i.mbedtls_rsa_pkcs1_verify)
    mbedtls_rsa_private                      0x08008cf9   Thumb Code   606  rsa.o(i.mbedtls_rsa_private)
    mbedtls_rsa_public                       0x08008f61   Thumb Code   130  rsa.o(i.mbedtls_rsa_public)
    mbedtls_rsa_rsaes_oaep_decrypt           0x08008fe9   Thumb Code   416  rsa.o(i.mbedtls_rsa_rsaes_oaep_decrypt)
    mbedtls_rsa_rsaes_oaep_encrypt           0x08009191   Thumb Code   296  rsa.o(i.mbedtls_rsa_rsaes_oaep_encrypt)
    mbedtls_rsa_rsaes_pkcs1_v15_decrypt      0x080092bd   Thumb Code   132  rsa.o(i.mbedtls_rsa_rsaes_pkcs1_v15_decrypt)
    mbedtls_rsa_rsaes_pkcs1_v15_encrypt      0x08009345   Thumb Code   214  rsa.o(i.mbedtls_rsa_rsaes_pkcs1_v15_encrypt)
    mbedtls_rsa_rsassa_pkcs1_v15_sign        0x08009421   Thumb Code   212  rsa.o(i.mbedtls_rsa_rsassa_pkcs1_v15_sign)
    mbedtls_rsa_rsassa_pkcs1_v15_verify      0x080094fd   Thumb Code   186  rsa.o(i.mbedtls_rsa_rsassa_pkcs1_v15_verify)
    mbedtls_rsa_rsassa_pss_sign              0x080095c1   Thumb Code    34  rsa.o(i.mbedtls_rsa_rsassa_pss_sign)
    mbedtls_rsa_rsassa_pss_verify            0x080095e3   Thumb Code    52  rsa.o(i.mbedtls_rsa_rsassa_pss_verify)
    mbedtls_rsa_rsassa_pss_verify_ext        0x08009619   Thumb Code   476  rsa.o(i.mbedtls_rsa_rsassa_pss_verify_ext)
    mbedtls_rsa_set_padding                  0x080097fd   Thumb Code     8  rsa.o(i.mbedtls_rsa_set_padding)
    mbedtls_rsa_sign_test                    0x08009805   Thumb Code   296  app_rsa.o(i.mbedtls_rsa_sign_test)
    mbedtls_rsa_validate_crt                 0x08009ac9   Thumb Code   286  rsa_internal.o(i.mbedtls_rsa_validate_crt)
    mbedtls_rsa_validate_params              0x08009bf1   Thumb Code   422  rsa_internal.o(i.mbedtls_rsa_validate_params)
    mbedtls_sha1                             0x08009d9d   Thumb Code     4  sha1.o(i.mbedtls_sha1)
    mbedtls_sha1_finish_ret                  0x08009da1   Thumb Code   248  sha1.o(i.mbedtls_sha1_finish_ret)
    mbedtls_sha1_free                        0x08009e99   Thumb Code    12  sha1.o(i.mbedtls_sha1_free)
    mbedtls_sha1_init                        0x08009ea5   Thumb Code     6  sha1.o(i.mbedtls_sha1_init)
    mbedtls_sha1_ret                         0x08009eab   Thumb Code    62  sha1.o(i.mbedtls_sha1_ret)
    mbedtls_sha1_starts_ret                  0x08009ee9   Thumb Code    34  sha1.o(i.mbedtls_sha1_starts_ret)
    mbedtls_sha1_update_ret                  0x08009f19   Thumb Code   124  sha1.o(i.mbedtls_sha1_update_ret)
    mbedtls_sha256_finish_ret                0x08009f95   Thumb Code   328  sha256.o(i.mbedtls_sha256_finish_ret)
    mbedtls_sha256_free                      0x0800a0dd   Thumb Code    12  sha256.o(i.mbedtls_sha256_free)
    mbedtls_sha256_init                      0x0800a0e9   Thumb Code     6  sha256.o(i.mbedtls_sha256_init)
    mbedtls_sha256_ret                       0x0800a0ef   Thumb Code    66  sha256.o(i.mbedtls_sha256_ret)
    mbedtls_sha256_starts_ret                0x0800a131   Thumb Code    82  sha256.o(i.mbedtls_sha256_starts_ret)
    mbedtls_sha256_update_ret                0x0800a1c5   Thumb Code   124  sha256.o(i.mbedtls_sha256_update_ret)
    rsa_decrypt                              0x0800af55   Thumb Code   752  app_rsa.o(i.rsa_decrypt)
    rsa_encrypt                              0x0800b539   Thumb Code   262  app_rsa.o(i.rsa_encrypt)
    aes_data                                 0x0800bd34   Data          63  app_rsa.o(.constdata)
    mbedtls_md5_info                         0x0800e23c   Data           8  md.o(.constdata)
    mbedtls_sha1_info                        0x0800e244   Data           8  md.o(.constdata)
    mbedtls_sha224_info                      0x0800e24c   Data           8  md.o(.constdata)
    mbedtls_sha256_info                      0x0800e254   Data           8  md.o(.constdata)
    mbedtls_rsa_info                         0x0800e6f8   Data          48  pk_wrap.o(.constdata)
    Region$$Table$$Base                      0x0800fba8   Number         0  anon$$obj.o(Region$$Table)
    Region$$Table$$Limit                     0x0800fbc8   Number         0  anon$$obj.o(Region$$Table)
    Serial_RxFlag                            0x20000016   Data           1  bsp_usart.o(.data)
    my_public_key                            0x20000018   Data           4  app_rsa.o(.data)
    my_private_key                           0x2000001c   Data           4  app_rsa.o(.data)
    msg                                      0x20000020   Data           4  app_rsa.o(.data)
    my_private_key1                          0x20000024   Data           4  app_rsa.o(.data)
    __stdout                                 0x2000002c   Data           4  stdout.o(.data)
    __microlib_freelist                      0x20000034   Data           4  mvars.o(.data)
    __microlib_freelist_initialised          0x20000038   Data           4  mvars.o(.data)
    Serial_RxPacket                          0x2000003c   Data         100  bsp_usart.o(.bss)
    plaintext                                0x200003a4   Data        4096  app_rsa.o(.bss)
    ciphertext                               0x200013a4   Data        4096  app_rsa.o(.bss)
    __heap_base                              0x200023a8   Data           0  startup_stm32f10x_hd.o(HEAP)
    __heap_limit                             0x200032a8   Data           0  startup_stm32f10x_hd.o(HEAP)
    __initial_sp                             0x200041a8   Data           0  startup_stm32f10x_hd.o(STACK)



==============================================================================

Memory Map of the image

  Image Entry point : 0x08000131

  Load Region LR_IROM1 (Base: 0x08000000, Size: 0x0000fc04, Max: 0x00020000, ABSOLUTE)

    Execution Region ER_IROM1 (Exec base: 0x08000000, Load base: 0x08000000, Size: 0x0000fbc8, Max: 0x00020000, ABSOLUTE)

    Exec Addr    Load Addr    Size         Type   Attr      Idx    E Section Name        Object

    0x08000000   0x08000000   0x00000130   Data   RO            3    RESET               startup_stm32f10x_hd.o
    0x08000130   0x08000130   0x00000000   Code   RO         6386  * .ARM.Collect$$$$00000000  mc_w.l(entry.o)
    0x08000130   0x08000130   0x00000004   Code   RO         6726    .ARM.Collect$$$$00000001  mc_w.l(entry2.o)
    0x08000134   0x08000134   0x00000004   Code   RO         6729    .ARM.Collect$$$$00000004  mc_w.l(entry5.o)
    0x08000138   0x08000138   0x00000000   Code   RO         6731    .ARM.Collect$$$$00000008  mc_w.l(entry7b.o)
    0x08000138   0x08000138   0x00000000   Code   RO         6733    .ARM.Collect$$$$0000000A  mc_w.l(entry8b.o)
    0x08000138   0x08000138   0x00000008   Code   RO         6734    .ARM.Collect$$$$0000000B  mc_w.l(entry9a.o)
    0x08000140   0x08000140   0x00000000   Code   RO         6736    .ARM.Collect$$$$0000000D  mc_w.l(entry10a.o)
    0x08000140   0x08000140   0x00000000   Code   RO         6738    .ARM.Collect$$$$0000000F  mc_w.l(entry11a.o)
    0x08000140   0x08000140   0x00000004   Code   RO         6727    .ARM.Collect$$$$00002712  mc_w.l(entry2.o)
    0x08000144   0x08000144   0x00000024   Code   RO            4    .text               startup_stm32f10x_hd.o
    0x08000168   0x08000168   0x00000062   Code   RO         6410    .text               mc_w.l(uldiv.o)
    0x080001ca   0x080001ca   0x00000002   PAD
    0x080001cc   0x080001cc   0x00000024   Code   RO         6412    .text               mc_w.l(rand.o)
    0x080001f0   0x080001f0   0x00000040   Code   RO         6417    .text               mc_w.l(memmovea.o)
    0x08000230   0x08000230   0x00000024   Code   RO         6421    .text               mc_w.l(memseta.o)
    0x08000254   0x08000254   0x00000024   Code   RO         6423    .text               mc_w.l(strstr.o)
    0x08000278   0x08000278   0x0000000e   Code   RO         6425    .text               mc_w.l(strlen.o)
    0x08000286   0x08000286   0x0000001a   Code   RO         6429    .text               mc_w.l(memcmp.o)
    0x080002a0   0x080002a0   0x0000001c   Code   RO         6724    .text               mc_w.l(calloc.o)
    0x080002bc   0x080002bc   0x0000002c   Code   RO         6751    .text               mc_w.l(uidiv.o)
    0x080002e8   0x080002e8   0x0000001e   Code   RO         6753    .text               mc_w.l(llshl.o)
    0x08000306   0x08000306   0x00000020   Code   RO         6755    .text               mc_w.l(llushr.o)
    0x08000326   0x08000326   0x00000000   Code   RO         6759    .text               mc_w.l(iusefp.o)
    0x08000326   0x08000326   0x0000014e   Code   RO         6760    .text               mf_w.l(dadd.o)
    0x08000474   0x08000474   0x000000e4   Code   RO         6762    .text               mf_w.l(dmul.o)
    0x08000558   0x08000558   0x000000de   Code   RO         6764    .text               mf_w.l(ddiv.o)
    0x08000636   0x08000636   0x00000030   Code   RO         6766    .text               mf_w.l(dfixul.o)
    0x08000666   0x08000666   0x00000002   PAD
    0x08000668   0x08000668   0x00000030   Code   RO         6768    .text               mf_w.l(cdrcmple.o)
    0x08000698   0x08000698   0x00000024   Code   RO         6770    .text               mc_w.l(init.o)
    0x080006bc   0x080006bc   0x00000024   Code   RO         6773    .text               mc_w.l(llsshr.o)
    0x080006e0   0x080006e0   0x000000ba   Code   RO         6776    .text               mf_w.l(depilogue.o)
    0x0800079a   0x0800079a   0x00000002   Code   RO         3145    i.BusFault_Handler  stm32f10x_it.o
    0x0800079c   0x0800079c   0x00000020   Code   RO         3098    i.DRV_InterGenerateRandVec  main.o
    0x080007bc   0x080007bc   0x00000002   Code   RO         3146    i.DebugMon_Handler  stm32f10x_it.o
    0x080007be   0x080007be   0x000000a6   Code   RO         1282    i.GPIO_Init         stm32f10x_gpio.o
    0x08000864   0x08000864   0x00000002   Code   RO         3147    i.MemManage_Handler  stm32f10x_it.o
    0x08000866   0x08000866   0x00000002   Code   RO         3148    i.NMI_Handler       stm32f10x_it.o
    0x08000868   0x08000868   0x00000064   Code   RO          127    i.NVIC_Init         misc.o
    0x080008cc   0x080008cc   0x00000014   Code   RO          128    i.NVIC_PriorityGroupConfig  misc.o
    0x080008e0   0x080008e0   0x00000004   Code   RO         3100    i.PUBLIC_GenerateRandVec  main.o
    0x080008e4   0x080008e4   0x00000002   Code   RO         3149    i.PendSV_Handler    stm32f10x_it.o
    0x080008e6   0x080008e6   0x00000002   PAD
    0x080008e8   0x080008e8   0x0000001c   Code   RO         1700    i.RCC_APB2PeriphClockCmd  stm32f10x_rcc.o
    0x08000904   0x08000904   0x000000ac   Code   RO         1708    i.RCC_GetClocksFreq  stm32f10x_rcc.o
    0x080009b0   0x080009b0   0x00000070   Code   RO         3273    i.RSA_TEST          app_rsa.o
    0x08000a20   0x08000a20   0x00000002   Code   RO         3150    i.SVC_Handler       stm32f10x_it.o
    0x08000a22   0x08000a22   0x00000002   PAD
    0x08000a24   0x08000a24   0x000000b4   Code   RO         3202    i.Serial_Init       bsp_usart.o
    0x08000ad8   0x08000ad8   0x00000020   Code   RO         3206    i.Serial_SendByte   bsp_usart.o
    0x08000af8   0x08000af8   0x00000004   Code   RO           10    i.SetSysClock       system_stm32f10x.o
    0x08000afc   0x08000afc   0x000000b0   Code   RO           11    i.SetSysClockTo72   system_stm32f10x.o
    0x08000bac   0x08000bac   0x00000002   Code   RO         3151    i.SysTick_Handler   stm32f10x_it.o
    0x08000bae   0x08000bae   0x00000002   PAD
    0x08000bb0   0x08000bb0   0x00000050   Code   RO           13    i.SystemInit        system_stm32f10x.o
    0x08000c00   0x08000c00   0x00000080   Code   RO         3209    i.USART1_IRQHandler  bsp_usart.o
    0x08000c80   0x08000c80   0x00000010   Code   RO         2865    i.USART_ClearITPendingBit  stm32f10x_usart.o
    0x08000c90   0x08000c90   0x00000018   Code   RO         2868    i.USART_Cmd         stm32f10x_usart.o
    0x08000ca8   0x08000ca8   0x0000000e   Code   RO         2871    i.USART_GetFlagStatus  stm32f10x_usart.o
    0x08000cb6   0x08000cb6   0x00000040   Code   RO         2872    i.USART_GetITStatus  stm32f10x_usart.o
    0x08000cf6   0x08000cf6   0x00000036   Code   RO         2874    i.USART_ITConfig    stm32f10x_usart.o
    0x08000d2c   0x08000d2c   0x000000bc   Code   RO         2875    i.USART_Init        stm32f10x_usart.o
    0x08000de8   0x08000de8   0x00000008   Code   RO         2882    i.USART_ReceiveData  stm32f10x_usart.o
    0x08000df0   0x08000df0   0x00000008   Code   RO         2885    i.USART_SendData    stm32f10x_usart.o
    0x08000df8   0x08000df8   0x00000002   Code   RO         3152    i.UsageFault_Handler  stm32f10x_it.o
    0x08000dfa   0x08000dfa   0x00000002   PAD
    0x08000dfc   0x08000dfc   0x00000020   Code   RO         6668    i.__0printf         mc_w.l(printfa.o)
    0x08000e1c   0x08000e1c   0x0000000e   Code   RO         6780    i.__scatterload_copy  mc_w.l(handlers.o)
    0x08000e2a   0x08000e2a   0x00000002   Code   RO         6781    i.__scatterload_null  mc_w.l(handlers.o)
    0x08000e2c   0x08000e2c   0x0000000e   Code   RO         6782    i.__scatterload_zeroinit  mc_w.l(handlers.o)
    0x08000e3a   0x08000e3a   0x00000002   PAD
    0x08000e3c   0x08000e3c   0x00000184   Code   RO         6675    i._fp_digits        mc_w.l(printfa.o)
    0x08000fc0   0x08000fc0   0x000006dc   Code   RO         6676    i._printf_core      mc_w.l(printfa.o)
    0x0800169c   0x0800169c   0x00000024   Code   RO         6677    i._printf_post_padding  mc_w.l(printfa.o)
    0x080016c0   0x080016c0   0x0000002e   Code   RO         6678    i._printf_pre_padding  mc_w.l(printfa.o)
    0x080016ee   0x080016ee   0x00000062   Code   RO         3762    i.add_sub_mpi       bignum.o
    0x08001750   0x08001750   0x00000024   Code   RO         5404    i.asn1_get_nonzero_mpi  pkparse.o
    0x08001774   0x08001774   0x0000007e   Code   RO         3494    i.asn1_get_tagged_int  asn1parse.o
    0x080017f2   0x080017f2   0x00000168   Code   RO         4446    i.block_cipher_df   ctr_drbg.o
    0x0800195a   0x0800195a   0x0000008c   Code   RO         4447    i.ctr_drbg_update_internal  ctr_drbg.o
    0x080019e6   0x080019e6   0x00000002   PAD
    0x080019e8   0x080019e8   0x00000050   Code   RO         3275    i.dump_buf          app_rsa.o
    0x08001a38   0x08001a38   0x00000154   Code   RO         3276    i.dump_rsa_key      app_rsa.o
    0x08001b8c   0x08001b8c   0x00000086   Code   RO         4607    i.entropy_gather_internal  entropy.o
    0x08001c12   0x08001c12   0x00000014   Code   RO         3277    i.entropy_source    app_rsa.o
    0x08001c26   0x08001c26   0x0000006c   Code   RO         4608    i.entropy_update    entropy.o
    0x08001c92   0x08001c92   0x0000000e   Code   RO         3210    i.fputc             bsp_usart.o
    0x08001ca0   0x08001ca0   0x00000050   Code   RO         6696    i.free              mc_w.l(malloc.o)
    0x08001cf0   0x08001cf0   0x0000000e   Code   RO         4448    i.good_nonce_len    ctr_drbg.o
    0x08001cfe   0x08001cfe   0x0000000a   Code   RO         3101    i.main              main.o
    0x08001d08   0x08001d08   0x0000006c   Code   RO         6697    i.malloc            mc_w.l(malloc.o)
    0x08001d74   0x08001d74   0x00000018   Code   RO         3393    i.mbedtls_aes_crypt_ecb  aes.o
    0x08001d8c   0x08001d8c   0x0000000e   Code   RO         3396    i.mbedtls_aes_free  aes.o
    0x08001d9a   0x08001d9a   0x00000008   Code   RO         3397    i.mbedtls_aes_init  aes.o
    0x08001da2   0x08001da2   0x00000004   Code   RO         3398    i.mbedtls_aes_rk_offset  aes.o
    0x08001da6   0x08001da6   0x00000002   PAD
    0x08001da8   0x08001da8   0x000001b4   Code   RO         3400    i.mbedtls_aes_setkey_enc  aes.o
    0x08001f5c   0x08001f5c   0x00000090   Code   RO         3498    i.mbedtls_asn1_get_alg  asn1parse.o
    0x08001fec   0x08001fec   0x00000036   Code   RO         3501    i.mbedtls_asn1_get_bitstring_null  asn1parse.o
    0x08002022   0x08002022   0x00000008   Code   RO         3504    i.mbedtls_asn1_get_int  asn1parse.o
    0x0800202a   0x0800202a   0x000000c0   Code   RO         3505    i.mbedtls_asn1_get_len  asn1parse.o
    0x080020ea   0x080020ea   0x00000028   Code   RO         3506    i.mbedtls_asn1_get_mpi  asn1parse.o
    0x08002112   0x08002112   0x00000028   Code   RO         3508    i.mbedtls_asn1_get_tag  asn1parse.o
    0x0800213a   0x0800213a   0x0000013c   Code   RO         3741    i.mbedtls_base64_decode  base64.o
    0x08002276   0x08002276   0x00000110   Code   RO         3742    i.mbedtls_base64_encode  base64.o
    0x08002386   0x08002386   0x00000016   Code   RO         3763    i.mbedtls_clz       bignum.o
    0x0800239c   0x0800239c   0x00000066   Code   RO         4344    i.mbedtls_ct_base64_dec_value  constant_time.o
    0x08002402   0x08002402   0x0000005e   Code   RO         4345    i.mbedtls_ct_base64_enc_char  constant_time.o
    0x08002460   0x08002460   0x00000054   Code   RO         4346    i.mbedtls_ct_mem_move_to_left  constant_time.o
    0x080024b4   0x080024b4   0x00000022   Code   RO         4347    i.mbedtls_ct_memcmp  constant_time.o
    0x080024d6   0x080024d6   0x00000022   Code   RO         4348    i.mbedtls_ct_mpi_uint_cond_assign  constant_time.o
    0x080024f8   0x080024f8   0x00000008   Code   RO         4350    i.mbedtls_ct_mpi_uint_mask  constant_time.o
    0x08002500   0x08002500   0x00000136   Code   RO         4351    i.mbedtls_ct_rsaes_pkcs1_v15_unpadding  constant_time.o
    0x08002636   0x08002636   0x0000000e   Code   RO         4352    i.mbedtls_ct_size_bool_eq  constant_time.o
    0x08002644   0x08002644   0x00000006   Code   RO         4353    i.mbedtls_ct_size_gt  constant_time.o
    0x0800264a   0x0800264a   0x00000010   Code   RO         4354    i.mbedtls_ct_uchar_mask_of_range  constant_time.o
    0x0800265a   0x0800265a   0x00000014   Code   RO         4355    i.mbedtls_ct_uint_if  constant_time.o
    0x0800266e   0x0800266e   0x00000008   Code   RO         4356    i.mbedtls_ct_uint_mask  constant_time.o
    0x08002676   0x08002676   0x00000028   Code   RO         4449    i.mbedtls_ctr_drbg_free  ctr_drbg.o
    0x0800269e   0x0800269e   0x0000001c   Code   RO         4450    i.mbedtls_ctr_drbg_init  ctr_drbg.o
    0x080026ba   0x080026ba   0x0000000c   Code   RO         4451    i.mbedtls_ctr_drbg_random  ctr_drbg.o
    0x080026c6   0x080026c6   0x000000da   Code   RO         4452    i.mbedtls_ctr_drbg_random_with_add  ctr_drbg.o
    0x080027a0   0x080027a0   0x00000006   Code   RO         4453    i.mbedtls_ctr_drbg_reseed  ctr_drbg.o
    0x080027a6   0x080027a6   0x000000ba   Code   RO         4454    i.mbedtls_ctr_drbg_reseed_internal  ctr_drbg.o
    0x08002860   0x08002860   0x00000066   Code   RO         4455    i.mbedtls_ctr_drbg_seed  ctr_drbg.o
    0x080028c6   0x080028c6   0x0000002e   Code   RO         4609    i.mbedtls_entropy_add_source  entropy.o
    0x080028f4   0x080028f4   0x00000028   Code   RO         4610    i.mbedtls_entropy_free  entropy.o
    0x0800291c   0x0800291c   0x000000f8   Code   RO         4611    i.mbedtls_entropy_func  entropy.o
    0x08002a14   0x08002a14   0x00000020   Code   RO         4613    i.mbedtls_entropy_init  entropy.o
    0x08002a34   0x08002a34   0x0000004a   Code   RO         3764    i.mbedtls_int_div_int  bignum.o
    0x08002a7e   0x08002a7e   0x00000002   PAD
    0x08002a80   0x08002a80   0x000004b4   Code   RO         3401    i.mbedtls_internal_aes_decrypt  aes.o
    0x08002f34   0x08002f34   0x000004b4   Code   RO         3402    i.mbedtls_internal_aes_encrypt  aes.o
    0x080033e8   0x080033e8   0x00000c04   Code   RO         4885    i.mbedtls_internal_md5_process  md5.o
    0x08003fec   0x08003fec   0x000013dc   Code   RO         6068    i.mbedtls_internal_sha1_process  sha1.o
    0x080053c8   0x080053c8   0x000009f0   Code   RO         6152    i.mbedtls_internal_sha256_process  sha256.o
    0x08005db8   0x08005db8   0x00000054   Code   RO         4713    i.mbedtls_md        md.o
    0x08005e0c   0x08005e0c   0x000000e2   Code   RO         4889    i.mbedtls_md5_finish_ret  md5.o
    0x08005eee   0x08005eee   0x0000000c   Code   RO         4890    i.mbedtls_md5_free  md5.o
    0x08005efa   0x08005efa   0x00000006   Code   RO         4891    i.mbedtls_md5_init  md5.o
    0x08005f00   0x08005f00   0x0000003e   Code   RO         4893    i.mbedtls_md5_ret   md5.o
    0x08005f3e   0x08005f3e   0x00000002   PAD
    0x08005f40   0x08005f40   0x00000028   Code   RO         4895    i.mbedtls_md5_starts_ret  md5.o
    0x08005f68   0x08005f68   0x0000007c   Code   RO         4897    i.mbedtls_md5_update_ret  md5.o
    0x08005fe4   0x08005fe4   0x0000003c   Code   RO         4716    i.mbedtls_md_finish  md.o
    0x08006020   0x08006020   0x00000064   Code   RO         4717    i.mbedtls_md_free   md.o
    0x08006084   0x08006084   0x0000000c   Code   RO         4719    i.mbedtls_md_get_size  md.o
    0x08006090   0x08006090   0x00000030   Code   RO         4727    i.mbedtls_md_info_from_type  md.o
    0x080060c0   0x080060c0   0x0000000a   Code   RO         4728    i.mbedtls_md_init   md.o
    0x080060ca   0x080060ca   0x00000002   PAD
    0x080060cc   0x080060cc   0x0000009c   Code   RO         4732    i.mbedtls_md_setup  md.o
    0x08006168   0x08006168   0x00000044   Code   RO         4733    i.mbedtls_md_starts  md.o
    0x080061ac   0x080061ac   0x00000044   Code   RO         4734    i.mbedtls_md_update  md.o
    0x080061f0   0x080061f0   0x000000be   Code   RO         3765    i.mbedtls_mpi_add_abs  bignum.o
    0x080062ae   0x080062ae   0x00000034   Code   RO         3766    i.mbedtls_mpi_add_int  bignum.o
    0x080062e2   0x080062e2   0x00000006   Code   RO         3767    i.mbedtls_mpi_add_mpi  bignum.o
    0x080062e8   0x080062e8   0x00000034   Code   RO         3768    i.mbedtls_mpi_bitlen  bignum.o
    0x0800631c   0x0800631c   0x00000078   Code   RO         3769    i.mbedtls_mpi_cmp_abs  bignum.o
    0x08006394   0x08006394   0x00000030   Code   RO         3770    i.mbedtls_mpi_cmp_int  bignum.o
    0x080063c4   0x080063c4   0x00000096   Code   RO         3771    i.mbedtls_mpi_cmp_mpi  bignum.o
    0x0800645a   0x0800645a   0x00000078   Code   RO         3772    i.mbedtls_mpi_copy  bignum.o
    0x080064d2   0x080064d2   0x0000003c   Code   RO         3773    i.mbedtls_mpi_div_int  bignum.o
    0x0800650e   0x0800650e   0x0000030e   Code   RO         3774    i.mbedtls_mpi_div_mpi  bignum.o
    0x0800681c   0x0800681c   0x000003f2   Code   RO         3775    i.mbedtls_mpi_exp_mod  bignum.o
    0x08006c0e   0x08006c0e   0x00000038   Code   RO         3776    i.mbedtls_mpi_fill_random  bignum.o
    0x08006c46   0x08006c46   0x00000024   Code   RO         3777    i.mbedtls_mpi_free  bignum.o
    0x08006c6a   0x08006c6a   0x000000fe   Code   RO         3778    i.mbedtls_mpi_gcd   bignum.o
    0x08006d68   0x08006d68   0x000001f4   Code   RO         3779    i.mbedtls_mpi_gen_prime  bignum.o
    0x08006f5c   0x08006f5c   0x00000020   Code   RO         3780    i.mbedtls_mpi_get_bit  bignum.o
    0x08006f7c   0x08006f7c   0x0000003c   Code   RO         3781    i.mbedtls_mpi_get_mont_r2_unsafe  bignum.o
    0x08006fb8   0x08006fb8   0x00000054   Code   RO         3782    i.mbedtls_mpi_grow  bignum.o
    0x0800700c   0x0800700c   0x0000000c   Code   RO         3783    i.mbedtls_mpi_init  bignum.o
    0x08007018   0x08007018   0x00000274   Code   RO         3784    i.mbedtls_mpi_inv_mod  bignum.o
    0x0800728c   0x0800728c   0x0000005a   Code   RO         3786    i.mbedtls_mpi_is_prime_ext  bignum.o
    0x080072e6   0x080072e6   0x0000002e   Code   RO         3787    i.mbedtls_mpi_lsb   bignum.o
    0x08007314   0x08007314   0x00000036   Code   RO         3788    i.mbedtls_mpi_lset  bignum.o
    0x0800734a   0x0800734a   0x00000074   Code   RO         3789    i.mbedtls_mpi_mod_int  bignum.o
    0x080073be   0x080073be   0x00000066   Code   RO         3790    i.mbedtls_mpi_mod_mpi  bignum.o
    0x08007424   0x08007424   0x000000b2   Code   RO         3791    i.mbedtls_mpi_montmul  bignum.o
    0x080074d6   0x080074d6   0x00000024   Code   RO         3792    i.mbedtls_mpi_montmul_init  bignum.o
    0x080074fa   0x080074fa   0x0000005e   Code   RO         3793    i.mbedtls_mpi_mul_int  bignum.o
    0x08007558   0x08007558   0x000000e6   Code   RO         3794    i.mbedtls_mpi_mul_mpi  bignum.o
    0x0800763e   0x0800763e   0x00000042   Code   RO         3796    i.mbedtls_mpi_read_binary  bignum.o
    0x08007680   0x08007680   0x0000003c   Code   RO         3800    i.mbedtls_mpi_resize_clear  bignum.o
    0x080076bc   0x080076bc   0x00000054   Code   RO         4358    i.mbedtls_mpi_safe_cond_assign  constant_time.o
    0x08007710   0x08007710   0x00000098   Code   RO         3802    i.mbedtls_mpi_shift_l  bignum.o
    0x080077a8   0x080077a8   0x0000007e   Code   RO         3803    i.mbedtls_mpi_shift_r  bignum.o
    0x08007826   0x08007826   0x00000074   Code   RO         3804    i.mbedtls_mpi_shrink  bignum.o
    0x0800789a   0x0800789a   0x0000000c   Code   RO         3805    i.mbedtls_mpi_size  bignum.o
    0x080078a6   0x080078a6   0x000000bc   Code   RO         3806    i.mbedtls_mpi_sub_abs  bignum.o
    0x08007962   0x08007962   0x00000034   Code   RO         3807    i.mbedtls_mpi_sub_int  bignum.o
    0x08007996   0x08007996   0x00000008   Code   RO         3808    i.mbedtls_mpi_sub_mpi  bignum.o
    0x0800799e   0x0800799e   0x00000018   Code   RO         3809    i.mbedtls_mpi_swap  bignum.o
    0x080079b6   0x080079b6   0x0000006a   Code   RO         3810    i.mbedtls_mpi_write_binary  bignum.o
    0x08007a20   0x08007a20   0x00000124   Code   RO         3813    i.mbedtls_mpi_write_string  bignum.o
    0x08007b44   0x08007b44   0x00000006   Code   RO         3814    i.mbedtls_mpi_zeroize  bignum.o
    0x08007b4a   0x08007b4a   0x00000002   PAD
    0x08007b4c   0x08007b4c   0x0000002c   Code   RO         5006    i.mbedtls_oid_get_oid_by_md  oid.o
    0x08007b78   0x08007b78   0x00000018   Code   RO         5009    i.mbedtls_oid_get_pk_alg  oid.o
    0x08007b90   0x08007b90   0x00000028   Code   RO         5150    i.mbedtls_pem_free  pem.o
    0x08007bb8   0x08007bb8   0x0000000a   Code   RO         5151    i.mbedtls_pem_init  pem.o
    0x08007bc2   0x08007bc2   0x00000002   PAD
    0x08007bc4   0x08007bc4   0x0000012c   Code   RO         5152    i.mbedtls_pem_read_buffer  pem.o
    0x08007cf0   0x08007cf0   0x00000022   Code   RO         5194    i.mbedtls_pk_free   pk.o
    0x08007d12   0x08007d12   0x00000010   Code   RO         5198    i.mbedtls_pk_get_type  pk.o
    0x08007d22   0x08007d22   0x00000002   PAD
    0x08007d24   0x08007d24   0x00000010   Code   RO         5199    i.mbedtls_pk_info_from_type  pk.o
    0x08007d34   0x08007d34   0x00000008   Code   RO         5200    i.mbedtls_pk_init   pk.o
    0x08007d3c   0x08007d3c   0x000001b8   Code   RO         5406    i.mbedtls_pk_parse_key  pkparse.o
    0x08007ef4   0x08007ef4   0x000001dc   Code   RO         5408    i.mbedtls_pk_parse_public_key  pkparse.o
    0x080080d0   0x080080d0   0x000000b8   Code   RO         5410    i.mbedtls_pk_parse_subpubkey  pkparse.o
    0x08008188   0x08008188   0x00000014   Code   RO         5411    i.mbedtls_pk_rsa    pkparse.o
    0x0800819c   0x0800819c   0x0000002c   Code   RO         5201    i.mbedtls_pk_setup  pk.o
    0x080081c8   0x080081c8   0x00000014   Code   RO         5543    i.mbedtls_platform_zeroize  platform_util.o
    0x080081dc   0x080081dc   0x00000074   Code   RO         5807    i.mbedtls_rsa_check_privkey  rsa.o
    0x08008250   0x08008250   0x00000044   Code   RO         5808    i.mbedtls_rsa_check_pub_priv  rsa.o
    0x08008294   0x08008294   0x00000058   Code   RO         5809    i.mbedtls_rsa_check_pubkey  rsa.o
    0x080082ec   0x080082ec   0x000001c4   Code   RO         5810    i.mbedtls_rsa_complete  rsa.o
    0x080084b0   0x080084b0   0x0000007c   Code   RO         6032    i.mbedtls_rsa_deduce_crt  rsa_internal.o
    0x0800852c   0x0800852c   0x000001f4   Code   RO         6033    i.mbedtls_rsa_deduce_primes  rsa_internal.o
    0x08008720   0x08008720   0x000000c0   Code   RO         6034    i.mbedtls_rsa_deduce_private_exponent  rsa_internal.o
    0x080087e0   0x080087e0   0x000000c0   Code   RO         5812    i.mbedtls_rsa_export  rsa.o
    0x080088a0   0x080088a0   0x00000076   Code   RO         5815    i.mbedtls_rsa_free  rsa.o
    0x08008916   0x08008916   0x00000002   PAD
    0x08008918   0x08008918   0x000001cc   Code   RO         5816    i.mbedtls_rsa_gen_key  rsa.o
    0x08008ae4   0x08008ae4   0x00000004   Code   RO         5817    i.mbedtls_rsa_get_len  rsa.o
    0x08008ae8   0x08008ae8   0x0000007c   Code   RO         5818    i.mbedtls_rsa_import  rsa.o
    0x08008b64   0x08008b64   0x0000008e   Code   RO         5819    i.mbedtls_rsa_import_raw  rsa.o
    0x08008bf2   0x08008bf2   0x0000001e   Code   RO         5820    i.mbedtls_rsa_init  rsa.o
    0x08008c10   0x08008c10   0x0000003c   Code   RO         5821    i.mbedtls_rsa_pkcs1_decrypt  rsa.o
    0x08008c4c   0x08008c4c   0x0000003c   Code   RO         5822    i.mbedtls_rsa_pkcs1_encrypt  rsa.o
    0x08008c88   0x08008c88   0x00000038   Code   RO         5823    i.mbedtls_rsa_pkcs1_sign  rsa.o
    0x08008cc0   0x08008cc0   0x00000038   Code   RO         5824    i.mbedtls_rsa_pkcs1_verify  rsa.o
    0x08008cf8   0x08008cf8   0x00000268   Code   RO         5825    i.mbedtls_rsa_private  rsa.o
    0x08008f60   0x08008f60   0x00000088   Code   RO         5826    i.mbedtls_rsa_public  rsa.o
    0x08008fe8   0x08008fe8   0x000001a8   Code   RO         5827    i.mbedtls_rsa_rsaes_oaep_decrypt  rsa.o
    0x08009190   0x08009190   0x0000012c   Code   RO         5828    i.mbedtls_rsa_rsaes_oaep_encrypt  rsa.o
    0x080092bc   0x080092bc   0x00000088   Code   RO         5829    i.mbedtls_rsa_rsaes_pkcs1_v15_decrypt  rsa.o
    0x08009344   0x08009344   0x000000dc   Code   RO         5830    i.mbedtls_rsa_rsaes_pkcs1_v15_encrypt  rsa.o
    0x08009420   0x08009420   0x000000dc   Code   RO         5831    i.mbedtls_rsa_rsassa_pkcs1_v15_sign  rsa.o
    0x080094fc   0x080094fc   0x000000c4   Code   RO         5832    i.mbedtls_rsa_rsassa_pkcs1_v15_verify  rsa.o
    0x080095c0   0x080095c0   0x00000022   Code   RO         5833    i.mbedtls_rsa_rsassa_pss_sign  rsa.o
    0x080095e2   0x080095e2   0x00000034   Code   RO         5835    i.mbedtls_rsa_rsassa_pss_verify  rsa.o
    0x08009616   0x08009616   0x00000002   PAD
    0x08009618   0x08009618   0x000001e4   Code   RO         5836    i.mbedtls_rsa_rsassa_pss_verify_ext  rsa.o
    0x080097fc   0x080097fc   0x00000008   Code   RO         5837    i.mbedtls_rsa_set_padding  rsa.o
    0x08009804   0x08009804   0x000002c4   Code   RO         3278    i.mbedtls_rsa_sign_test  app_rsa.o
    0x08009ac8   0x08009ac8   0x00000128   Code   RO         6035    i.mbedtls_rsa_validate_crt  rsa_internal.o
    0x08009bf0   0x08009bf0   0x000001ac   Code   RO         6036    i.mbedtls_rsa_validate_params  rsa_internal.o
    0x08009d9c   0x08009d9c   0x00000004   Code   RO         6069    i.mbedtls_sha1      sha1.o
    0x08009da0   0x08009da0   0x000000f8   Code   RO         6072    i.mbedtls_sha1_finish_ret  sha1.o
    0x08009e98   0x08009e98   0x0000000c   Code   RO         6073    i.mbedtls_sha1_free  sha1.o
    0x08009ea4   0x08009ea4   0x00000006   Code   RO         6074    i.mbedtls_sha1_init  sha1.o
    0x08009eaa   0x08009eaa   0x0000003e   Code   RO         6076    i.mbedtls_sha1_ret  sha1.o
    0x08009ee8   0x08009ee8   0x00000030   Code   RO         6078    i.mbedtls_sha1_starts_ret  sha1.o
    0x08009f18   0x08009f18   0x0000007c   Code   RO         6080    i.mbedtls_sha1_update_ret  sha1.o
    0x08009f94   0x08009f94   0x00000148   Code   RO         6156    i.mbedtls_sha256_finish_ret  sha256.o
    0x0800a0dc   0x0800a0dc   0x0000000c   Code   RO         6157    i.mbedtls_sha256_free  sha256.o
    0x0800a0e8   0x0800a0e8   0x00000006   Code   RO         6158    i.mbedtls_sha256_init  sha256.o
    0x0800a0ee   0x0800a0ee   0x00000042   Code   RO         6160    i.mbedtls_sha256_ret  sha256.o
    0x0800a130   0x0800a130   0x00000094   Code   RO         6162    i.mbedtls_sha256_starts_ret  sha256.o
    0x0800a1c4   0x0800a1c4   0x0000007c   Code   RO         6164    i.mbedtls_sha256_update_ret  sha256.o
    0x0800a240   0x0800a240   0x000000a4   Code   RO         5838    i.mgf_mask          rsa.o
    0x0800a2e4   0x0800a2e4   0x0000002a   Code   RO         3815    i.mpi_bigendian_to_host  bignum.o
    0x0800a30e   0x0800a30e   0x00000002   PAD
    0x0800a310   0x0800a310   0x00000054   Code   RO         3816    i.mpi_check_small_factors  bignum.o
    0x0800a364   0x0800a364   0x0000005a   Code   RO         3817    i.mpi_fill_random_internal  bignum.o
    0x0800a3be   0x0800a3be   0x00000176   Code   RO         3819    i.mpi_miller_rabin  bignum.o
    0x0800a534   0x0800a534   0x00000022   Code   RO         3820    i.mpi_montred       bignum.o
    0x0800a556   0x0800a556   0x000003f2   Code   RO         3821    i.mpi_mul_hlp       bignum.o
    0x0800a948   0x0800a948   0x0000003a   Code   RO         3822    i.mpi_select        bignum.o
    0x0800a982   0x0800a982   0x00000008   Code   RO         3823    i.mpi_sint_abs      bignum.o
    0x0800a98a   0x0800a98a   0x00000038   Code   RO         3824    i.mpi_sub_hlp       bignum.o
    0x0800a9c2   0x0800a9c2   0x00000004   Code   RO         3825    i.mpi_uint_bigendian_to_host  bignum.o
    0x0800a9c6   0x0800a9c6   0x0000001c   Code   RO         3826    i.mpi_uint_bigendian_to_host_c  bignum.o
    0x0800a9e2   0x0800a9e2   0x00000074   Code   RO         3827    i.mpi_write_hlp     bignum.o
    0x0800aa56   0x0800aa56   0x00000002   PAD
    0x0800aa58   0x0800aa58   0x00000038   Code   RO         5018    i.oid_pk_alg_from_asn1  oid.o
    0x0800aa90   0x0800aa90   0x00000050   Code   RO         5412    i.pk_get_pk_alg     pkparse.o
    0x0800aae0   0x0800aae0   0x000000e0   Code   RO         5413    i.pk_get_rsapubkey  pkparse.o
    0x0800abc0   0x0800abc0   0x000001a8   Code   RO         5414    i.pk_parse_key_pkcs1_der  pkparse.o
    0x0800ad68   0x0800ad68   0x000000c4   Code   RO         5415    i.pk_parse_key_pkcs8_unencrypted_der  pkparse.o
    0x0800ae2c   0x0800ae2c   0x0000001c   Code   RO         5314    i.rsa_alloc_wrap    pk_wrap.o
    0x0800ae48   0x0800ae48   0x00000010   Code   RO         5315    i.rsa_can_do        pk_wrap.o
    0x0800ae58   0x0800ae58   0x000000cc   Code   RO         5839    i.rsa_check_context  rsa.o
    0x0800af24   0x0800af24   0x00000004   Code   RO         5316    i.rsa_check_pair_wrap  pk_wrap.o
    0x0800af28   0x0800af28   0x0000002c   Code   RO         5317    i.rsa_debug         pk_wrap.o
    0x0800af54   0x0800af54   0x000005a4   Code   RO         3279    i.rsa_decrypt       app_rsa.o
    0x0800b4f8   0x0800b4f8   0x00000040   Code   RO         5318    i.rsa_decrypt_wrap  pk_wrap.o
    0x0800b538   0x0800b538   0x0000026c   Code   RO         3280    i.rsa_encrypt       app_rsa.o
    0x0800b7a4   0x0800b7a4   0x00000040   Code   RO         5319    i.rsa_encrypt_wrap  pk_wrap.o
    0x0800b7e4   0x0800b7e4   0x00000014   Code   RO         5320    i.rsa_free_wrap     pk_wrap.o
    0x0800b7f8   0x0800b7f8   0x0000003e   Code   RO         5321    i.rsa_get_bitlen    pk_wrap.o
    0x0800b836   0x0800b836   0x00000002   PAD
    0x0800b838   0x0800b838   0x00000104   Code   RO         5840    i.rsa_prepare_blinding  rsa.o
    0x0800b93c   0x0800b93c   0x00000130   Code   RO         5841    i.rsa_rsassa_pkcs1_v15_encode  rsa.o
    0x0800ba6c   0x0800ba6c   0x000001b4   Code   RO         5842    i.rsa_rsassa_pss_sign  rsa.o
    0x0800bc20   0x0800bc20   0x00000038   Code   RO         5322    i.rsa_sign_wrap     pk_wrap.o
    0x0800bc58   0x0800bc58   0x0000008a   Code   RO         5843    i.rsa_unblind       rsa.o
    0x0800bce2   0x0800bce2   0x00000002   PAD
    0x0800bce4   0x0800bce4   0x00000050   Code   RO         5323    i.rsa_verify_wrap   pk_wrap.o
    0x0800bd34   0x0800bd34   0x0000003f   Data   RO         3283    .constdata          app_rsa.o
    0x0800bd73   0x0800bd73   0x00000001   PAD
    0x0800bd74   0x0800bd74   0x00002228   Data   RO         3403    .constdata          aes.o
    0x0800df9c   0x0800df9c   0x000002a0   Data   RO         3828    .constdata          bignum.o
    0x0800e23c   0x0800e23c   0x00000034   Data   RO         4735    .constdata          md.o
    0x0800e270   0x0800e270   0x00000488   Data   RO         5022    .constdata          oid.o
    0x0800e6f8   0x0800e6f8   0x00000030   Data   RO         5324    .constdata          pk_wrap.o
    0x0800e728   0x0800e728   0x00000100   Data   RO         6165    .constdata          sha256.o
    0x0800e828   0x0800e828   0x00000a95   Data   RO         3284    .conststring        app_rsa.o
    0x0800f2bd   0x0800f2bd   0x00000003   PAD
    0x0800f2c0   0x0800f2c0   0x00000004   Data   RO         4736    .conststring        md.o
    0x0800f2c4   0x0800f2c4   0x000008db   Data   RO         5023    .conststring        oid.o
    0x0800fb9f   0x0800fb9f   0x00000001   PAD
    0x0800fba0   0x0800fba0   0x00000005   Data   RO         5024    .conststrlit        oid.o
    0x0800fba5   0x0800fba5   0x00000003   PAD
    0x0800fba8   0x0800fba8   0x00000020   Data   RO         6778    Region$$Table       anon$$obj.o


    Execution Region RW_IRAM1 (Exec base: 0x20000000, Load base: 0x0800fbc8, Size: 0x000041a8, Max: 0x00020000, ABSOLUTE)

    Exec Addr    Load Addr    Size         Type   Attr      Idx    E Section Name        Object

    0x20000000   0x0800fbc8   0x00000014   Data   RW         1728    .data               stm32f10x_rcc.o
    0x20000014   0x0800fbdc   0x00000003   Data   RW         3212    .data               bsp_usart.o
    0x20000017   0x0800fbdf   0x00000001   PAD
    0x20000018   0x0800fbe0   0x00000010   Data   RW         3286    .data               app_rsa.o
    0x20000028   0x0800fbf0   0x00000004   Data   RW         5544    .data               platform_util.o
    0x2000002c   0x0800fbf4   0x00000004   Data   RW         6409    .data               mc_w.l(stdout.o)
    0x20000030   0x0800fbf8   0x00000004   Data   RW         6413    .data               mc_w.l(rand.o)
    0x20000034   0x0800fbfc   0x00000004   Data   RW         6757    .data               mc_w.l(mvars.o)
    0x20000038   0x0800fc00   0x00000004   Data   RW         6758    .data               mc_w.l(mvars.o)
    0x2000003c        -       0x00000064   Zero   RW         3211    .bss                bsp_usart.o
    0x200000a0        -       0x00002304   Zero   RW         3282    .bss                app_rsa.o
    0x200023a4   0x0800fc04   0x00000004   PAD
    0x200023a8        -       0x00000f00   Zero   RW            2    HEAP                startup_stm32f10x_hd.o
    0x200032a8        -       0x00000f00   Zero   RW            1    STACK               startup_stm32f10x_hd.o


==============================================================================

Image component sizes


      Code (inc. data)   RO Data    RW Data    ZI Data      Debug   Object Name

      2894         22       8744          0          0      18933   aes.o
      3324       1640       2772         16       8964      20015   app_rsa.o
       604          0          0          0          0       9001   asn1parse.o
       588          0          0          0          0       3424   base64.o
      8504         34        672          0          0      51434   bignum.o
       354         28          0          3        100       4924   bsp_usart.o
       814          0          0          0          0      10760   constant_time.o
      1106          0          0          0          0      10751   ctr_drbg.o
       608          0          0          0          0       5706   entropy.o
        46          0          0          0          0       2031   main.o
       606         30         56          0          0       9955   md.o
      3546        262          0          0          0       6398   md5.o
       120         14          0          0          0       1623   misc.o
       124         10       3432          0          0      22581   oid.o
       350         36          0          0          0       4880   pem.o
       118         12          0          0          0       6724   pk.o
       438         36         48          0          0      10999   pk_wrap.o
      2080        304          0          0          0      13678   pkparse.o
        20          4          0          4          0       1363   platform_util.o
      6358        134          0          0          0      38879   rsa.o
      1540         74          0          0          0       5956   rsa_internal.o
      5588         30          0          0          0       7872   sha1.o
      3228         70        256          0          0       7303   sha256.o
        36          8        304          0       7680        868   startup_stm32f10x_hd.o
       166          0          0          0          0       2052   stm32f10x_gpio.o
        16          0          0          0          0       3498   stm32f10x_it.o
       200         24          0         20          0       4073   stm32f10x_rcc.o
       376          6          0          0          0       7219   stm32f10x_usart.o
       260         26          0          0          0     234573   system_stm32f10x.o

    ----------------------------------------------------------------------
     44048       2804      16324         44      16748     527473   Object Totals
         0          0         32          0          0          0   (incl. Generated)
        36          0          8          1          4          0   (incl. Padding)

    ----------------------------------------------------------------------

      Code (inc. data)   RO Data    RW Data    ZI Data      Debug   Library Member Name

        28          0          0          0          0         76   calloc.o
         0          0          0          0          0          0   entry.o
         0          0          0          0          0          0   entry10a.o
         0          0          0          0          0          0   entry11a.o
         8          4          0          0          0          0   entry2.o
         4          0          0          0          0          0   entry5.o
         0          0          0          0          0          0   entry7b.o
         0          0          0          0          0          0   entry8b.o
         8          4          0          0          0          0   entry9a.o
        30          0          0          0          0          0   handlers.o
        36          8          0          0          0         68   init.o
         0          0          0          0          0          0   iusefp.o
        30          0          0          0          0         68   llshl.o
        36          0          0          0          0         68   llsshr.o
        32          0          0          0          0         68   llushr.o
       188         20          0          0          0        160   malloc.o
        26          0          0          0          0         80   memcmp.o
        64          0          0          0          0         76   memmovea.o
        36          0          0          0          0        108   memseta.o
         0          0          0          8          0          0   mvars.o
      2258         90          0          0          0        452   printfa.o
        36         10          0          4          0        136   rand.o
         0          0          0          4          0          0   stdout.o
        14          0          0          0          0         68   strlen.o
        36          0          0          0          0         80   strstr.o
        44          0          0          0          0         80   uidiv.o
        98          0          0          0          0         92   uldiv.o
        48          0          0          0          0         68   cdrcmple.o
       334          0          0          0          0        148   dadd.o
       222          0          0          0          0        100   ddiv.o
       186          0          0          0          0        176   depilogue.o
        48          0          0          0          0         68   dfixul.o
       228          0          0          0          0         96   dmul.o

    ----------------------------------------------------------------------
      4084        136          0         16          0       2336   Library Totals
         6          0          0          0          0          0   (incl. Padding)

    ----------------------------------------------------------------------

      Code (inc. data)   RO Data    RW Data    ZI Data      Debug   Library Name

      3012        136          0         16          0       1680   mc_w.l
      1066          0          0          0          0        656   mf_w.l

    ----------------------------------------------------------------------
      4084        136          0         16          0       2336   Library Totals

    ----------------------------------------------------------------------

==============================================================================


      Code (inc. data)   RO Data    RW Data    ZI Data      Debug   

     48132       2940      16324         60      16748     516493   Grand Totals
     48132       2940      16324         60      16748     516493   ELF Image Totals
     48132       2940      16324         60          0          0   ROM Totals

==============================================================================

    Total RO  Size (Code + RO Data)                64456 (  62.95kB)
    Total RW  Size (RW Data + ZI Data)             16808 (  16.41kB)
    Total ROM Size (Code + RO Data + RW Data)      64516 (  63.00kB)

==============================================================================

